Component: ARM Compiler 5.06 update 4 (build 422) Tool: armlink [4d35d2]

==============================================================================

Section Cross References

    schedule.o(i.osSche_Lock) refers to hal_cm.o(.emb_text) for hal_DisableINT
    schedule.o(i.osSche_Lock) refers to schedule.o(.data) for sche_LockNest
    schedule.o(i.osSche_Unlock) refers to hal_cm.o(.emb_text) for hal_DisableINT
    schedule.o(i.osSche_Unlock) refers to schedule.o(i.sche_ToNextThread) for sche_ToNextThread
    schedule.o(i.osSche_Unlock) refers to schedule.o(.data) for sche_LockNest
    schedule.o(i.sche_Init) refers to memseta.o(.text) for __aeabi_memclr4
    schedule.o(i.sche_Init) refers to schedule.o(i.osList_HeadInit) for osList_HeadInit
    schedule.o(i.sche_Init) refers to schedule.o(.data) for sche_LockNest
    schedule.o(i.sche_Init) refers to schedule.o(.bss) for bitmap_L2
    schedule.o(i.sche_InsertThread) refers to hal_cm.o(.emb_text) for hal_DisableINT
    schedule.o(i.sche_InsertThread) refers to schedule.o(i.osList_DeleteNode) for osList_DeleteNode
    schedule.o(i.sche_InsertThread) refers to schedule.o(.bss) for sche_ReadyList
    schedule.o(i.sche_InsertThread) refers to schedule.o(.data) for bitmap_L1
    schedule.o(i.sche_NextToNow) refers to schedule.o(.data) for sche_NextThread
    schedule.o(i.sche_RemoveThread) refers to hal_cm.o(.emb_text) for hal_DisableINT
    schedule.o(i.sche_RemoveThread) refers to schedule.o(i.osList_DeleteNode) for osList_DeleteNode
    schedule.o(i.sche_RemoveThread) refers to schedule.o(.data) for sche_NoReadyList
    schedule.o(i.sche_RemoveThread) refers to schedule.o(.bss) for sche_ReadyList
    schedule.o(i.sche_ToNextThread) refers to hal_cm.o(.emb_text) for hal_DisableINT
    schedule.o(i.sche_ToNextThread) refers to msp432.o(i.hal_CallPendSV) for hal_CallPendSV
    schedule.o(i.sche_ToNextThread) refers to schedule.o(.data) for sche_LockNest
    schedule.o(i.sche_ToNextThread) refers to schedule.o(.constdata) for BITMAP
    schedule.o(i.sche_ToNextThread) refers to schedule.o(.bss) for bitmap_L2
    schedule.o(kernelSymbol) refers to schedule.o(i.osSche_Lock) for osSche_Lock
    schedule.o(kernelSymbol) refers to schedule.o(.rodata.name) for export_osSche_Lock_name
    schedule.o(kernelSymbol) refers to schedule.o(i.osSche_Unlock) for osSche_Unlock
    thread.o(i.osThread_Create) refers to buddy.o(i.osMem_Malloc) for osMem_Malloc
    thread.o(i.osThread_Create) refers to hal_cm.o(i.cpu_SetupRegisters) for cpu_SetupRegisters
    thread.o(i.osThread_Ready) refers to hal_cm.o(.emb_text) for hal_DisableINT
    thread.o(i.osThread_Ready) refers to schedule.o(i.sche_InsertThread) for sche_InsertThread
    thread.o(kernelSymbol) refers to thread.o(i.osThread_Create) for osThread_Create
    thread.o(kernelSymbol) refers to thread.o(.rodata.name) for export_osThread_Create_name
    thread.o(kernelSymbol) refers to thread.o(i.osThread_Ready) for osThread_Ready
    buddy.o(i.__AllocateBlock) refers to buddy.o(i.osList_DeleteNode) for osList_DeleteNode
    buddy.o(i.__AllocateBlock) refers to buddy.o(i.osList_HeadInit) for osList_HeadInit
    buddy.o(i.__AllocateBlock) refers to buddy.o(i.osList_AddTail) for osList_AddTail
    buddy.o(i.__AllocateBlock) refers to buddy.o(.bss) for buddy_list
    buddy.o(i.__FreeBlock) refers to buddy.o(i.osList_DeleteNode) for osList_DeleteNode
    buddy.o(i.__FreeBlock) refers to buddy.o(i.osList_HeadInit) for osList_HeadInit
    buddy.o(i.__FreeBlock) refers to buddy.o(i.osList_AddTail) for osList_AddTail
    buddy.o(i.__FreeBlock) refers to buddy.o(.bss) for osMem_Info
    buddy.o(i.mem_Init) refers to buddy.o(i.osList_HeadInit) for osList_HeadInit
    buddy.o(i.mem_Init) refers to buddy.o(i.osList_AddTail) for osList_AddTail
    buddy.o(i.mem_Init) refers to buddy.o(.bss) for buddy_list
    buddy.o(i.osMem_Free) refers to hal_cm.o(.emb_text) for hal_DisableINT
    buddy.o(i.osMem_Free) refers to buddy.o(i.__FreeBlock) for __FreeBlock
    buddy.o(i.osMem_Malloc) refers to hal_cm.o(.emb_text) for hal_DisableINT
    buddy.o(i.osMem_Malloc) refers to buddy.o(i.__AllocateBlock) for __AllocateBlock
    buddy.o(kernelSymbol) refers to buddy.o(i.osMem_Malloc) for osMem_Malloc
    buddy.o(kernelSymbol) refers to buddy.o(.rodata.name) for export_osMem_Malloc_name
    buddy.o(kernelSymbol) refers to buddy.o(i.osMem_Free) for osMem_Free
    ringbuffer.o(i.osRBuffer_Get) refers to ringbuffer.o(i.osRBuffer_GetDataLen) for osRBuffer_GetDataLen
    ringbuffer.o(i.osRBuffer_Get) refers to memcpya.o(.text) for __aeabi_memcpy
    ringbuffer.o(i.osRBuffer_GetByte) refers to ringbuffer.o(i.osRBuffer_GetDataLen) for osRBuffer_GetDataLen
    ringbuffer.o(i.osRBuffer_GetDataLen) refers to ringbuffer.o(i.osRBuffer_GetStatus) for osRBuffer_GetStatus
    ringbuffer.o(i.osRBuffer_GetSpaceLen) refers to ringbuffer.o(i.osRBuffer_GetDataLen) for osRBuffer_GetDataLen
[...]
    flash.o(i.__FlashCtl_remaskBurstDataPost) refers to flash.o(.data) for __getBurstProgramRegs
    flash.o(i.__FlashCtl_remaskBurstDataPre) refers to sysctl.o(i.SysCtl_getFlashSize) for SysCtl_getFlashSize
    flash.o(i.__FlashCtl_remaskBurstDataPre) refers to flash.o(i.FlashCtl_getWaitState) for FlashCtl_getWaitState
    flash.o(i.__FlashCtl_remaskBurstDataPre) refers to flash.o(i.FlashCtl_getReadMode) for FlashCtl_getReadMode
    flash.o(i.__FlashCtl_remaskBurstDataPre) refers to flash.o(i.FlashCtl_setWaitState) for FlashCtl_setWaitState
    flash.o(i.__FlashCtl_remaskBurstDataPre) refers to flash.o(i.FlashCtl_setReadMode) for FlashCtl_setReadMode
    flash.o(i.__FlashCtl_remaskBurstDataPre) refers to flash.o(.data) for __getBurstProgramRegs
    flash.o(i.__FlashCtl_remaskData32Post) refers to sysctl.o(i.SysCtl_getFlashSize) for SysCtl_getFlashSize
    flash.o(i.__FlashCtl_remaskData32Post) refers to flash.o(i.FlashCtl_getWaitState) for FlashCtl_getWaitState
    flash.o(i.__FlashCtl_remaskData32Post) refers to flash.o(i.FlashCtl_getReadMode) for FlashCtl_getReadMode
    flash.o(i.__FlashCtl_remaskData32Post) refers to flash.o(i.FlashCtl_setWaitState) for FlashCtl_setWaitState
    flash.o(i.__FlashCtl_remaskData32Post) refers to flash.o(i.FlashCtl_setReadMode) for FlashCtl_setReadMode
    flash.o(i.__FlashCtl_remaskData32Pre) refers to sysctl.o(i.SysCtl_getFlashSize) for SysCtl_getFlashSize
    flash.o(i.__FlashCtl_remaskData32Pre) refers to flash.o(i.FlashCtl_getWaitState) for FlashCtl_getWaitState
    flash.o(i.__FlashCtl_remaskData32Pre) refers to flash.o(i.FlashCtl_getReadMode) for FlashCtl_getReadMode
    flash.o(i.__FlashCtl_remaskData32Pre) refers to flash.o(i.FlashCtl_setWaitState) for FlashCtl_setWaitState
    flash.o(i.__FlashCtl_remaskData32Pre) refers to flash.o(i.FlashCtl_setReadMode) for FlashCtl_setReadMode
    flash.o(i.__FlashCtl_remaskData8Post) refers to sysctl.o(i.SysCtl_getFlashSize) for SysCtl_getFlashSize
    flash.o(i.__FlashCtl_remaskData8Post) refers to flash.o(i.FlashCtl_getWaitState) for FlashCtl_getWaitState
    flash.o(i.__FlashCtl_remaskData8Post) refers to flash.o(i.FlashCtl_getReadMode) for FlashCtl_getReadMode
    flash.o(i.__FlashCtl_remaskData8Post) refers to flash.o(i.FlashCtl_setWaitState) for FlashCtl_setWaitState
    flash.o(i.__FlashCtl_remaskData8Post) refers to flash.o(i.FlashCtl_setReadMode) for FlashCtl_setReadMode
    flash.o(i.__FlashCtl_remaskData8Pre) refers to sysctl.o(i.SysCtl_getFlashSize) for SysCtl_getFlashSize
    flash.o(i.__FlashCtl_remaskData8Pre) refers to flash.o(i.FlashCtl_getWaitState) for FlashCtl_getWaitState
    flash.o(i.__FlashCtl_remaskData8Pre) refers to flash.o(i.FlashCtl_getReadMode) for FlashCtl_getReadMode
    flash.o(i.__FlashCtl_remaskData8Pre) refers to flash.o(i.FlashCtl_setWaitState) for FlashCtl_setWaitState
    flash.o(i.__FlashCtl_remaskData8Pre) refers to flash.o(i.FlashCtl_setReadMode) for FlashCtl_setReadMode
    gpio.o(i.GPIO_clearInterruptFlag) refers to gpio.o(.data) for GPIO_PORT_TO_BASE
    gpio.o(i.GPIO_disableInterrupt) refers to gpio.o(.data) for GPIO_PORT_TO_BASE
    gpio.o(i.GPIO_enableInterrupt) refers to gpio.o(.data) for GPIO_PORT_TO_BASE
    gpio.o(i.GPIO_getEnabledInterruptStatus) refers to gpio.o(i.GPIO_getInterruptStatus) for GPIO_getInterruptStatus
    gpio.o(i.GPIO_getEnabledInterruptStatus) refers to gpio.o(.data) for GPIO_PORT_TO_BASE
    gpio.o(i.GPIO_getInputPinValue) refers to gpio.o(.data) for GPIO_PORT_TO_BASE
    gpio.o(i.GPIO_getInterruptStatus) refers to gpio.o(.data) for GPIO_PORT_TO_BASE
    gpio.o(i.GPIO_interruptEdgeSelect) refers to gpio.o(.data) for GPIO_PORT_TO_BASE
    gpio.o(i.GPIO_registerInterrupt) refers to interrupt.o(i.Interrupt_registerInterrupt) for Interrupt_registerInterrupt
    gpio.o(i.GPIO_registerInterrupt) refers to interrupt.o(i.Interrupt_enableInterrupt) for Interrupt_enableInterrupt
    gpio.o(i.GPIO_registerInterrupt) refers to gpio.o(.constdata) for GPIO_PORT_TO_INT
    gpio.o(i.GPIO_setAsInputPin) refers to gpio.o(.data) for GPIO_PORT_TO_BASE
    gpio.o(i.GPIO_setAsInputPinWithPullDownResistor) refers to gpio.o(.data) for GPIO_PORT_TO_BASE
    gpio.o(i.GPIO_setAsInputPinWithPullUpResistor) refers to gpio.o(.data) for GPIO_PORT_TO_BASE
    gpio.o(i.GPIO_setAsOutputPin) refers to gpio.o(.data) for GPIO_PORT_TO_BASE
    gpio.o(i.GPIO_setAsPeripheralModuleFunctionInputPin) refers to gpio.o(.data) for GPIO_PORT_TO_BASE
    gpio.o(i.GPIO_setAsPeripheralModuleFunctionOutputPin) refers to gpio.o(.data) for GPIO_PORT_TO_BASE
    gpio.o(i.GPIO_setDriveStrengthHigh) refers to gpio.o(.data) for GPIO_PORT_TO_BASE
    gpio.o(i.GPIO_setDriveStrengthLow) refers to gpio.o(.data) for GPIO_PORT_TO_BASE
    gpio.o(i.GPIO_setOutputHighOnPin) refers to gpio.o(.data) for GPIO_PORT_TO_BASE
    gpio.o(i.GPIO_setOutputLowOnPin) refers to gpio.o(.data) for GPIO_PORT_TO_BASE
    gpio.o(i.GPIO_toggleOutputOnPin) refers to gpio.o(.data) for GPIO_PORT_TO_BASE
    gpio.o(i.GPIO_unregisterInterrupt) refers to interrupt.o(i.Interrupt_disableInterrupt) for Interrupt_disableInterrupt
    gpio.o(i.GPIO_unregisterInterrupt) refers to interrupt.o(i.Interrupt_unregisterInterrupt) for Interrupt_unregisterInterrupt
    gpio.o(i.GPIO_unregisterInterrupt) refers to gpio.o(.constdata) for GPIO_PORT_TO_INT
    i2c.o(i.I2C_getEnabledInterruptStatus) refers to i2c.o(i.I2C_getInterruptStatus) for I2C_getInterruptStatus
    i2c.o(i.I2C_registerInterrupt) refers to interrupt.o(i.Interrupt_registerInterrupt) for Interrupt_registerInterrupt
    i2c.o(i.I2C_registerInterrupt) refers to interrupt.o(i.Interrupt_enableInterrupt) for Interrupt_enableInterrupt
    i2c.o(i.I2C_unregisterInterrupt) refers to interrupt.o(i.Interrupt_disableInterrupt) for Interrupt_disableInterrupt
    i2c.o(i.I2C_unregisterInterrupt) refers to interrupt.o(i.Interrupt_unregisterInterrupt) for Interrupt_unregisterInterrupt
    interrupt.o(i.Interrupt_disableInterrupt) refers to interrupt.o(.constdata) for g_pulDisRegs
    interrupt.o(i.Interrupt_disableMaster) refers to cpu.o(.emb_text) for CPU_cpsid
    interrupt.o(i.Interrupt_enableInterrupt) refers to interrupt.o(.constdata) for g_pulEnRegs
    interrupt.o(i.Interrupt_enableMaster) refers to cpu.o(.emb_text) for CPU_cpsie
    interrupt.o(i.Interrupt_getPriority) refers to interrupt.o(.constdata) for g_pulRegs
    interrupt.o(i.Interrupt_getPriorityGrouping) refers to interrupt.o(.constdata) for g_pulPriority
    interrupt.o(i.Interrupt_getPriorityMask) refers to cpu.o(.emb_text) for CPU_basepriGet
    interrupt.o(i.Interrupt_isEnabled) refers to interrupt.o(.constdata) for g_pulEnRegs
    interrupt.o(i.Interrupt_pendInterrupt) refers to interrupt.o(.constdata) for g_pulPendRegs
    interrupt.o(i.Interrupt_registerInterrupt) refers to interrupt.o(vtable) for g_pfnRAMVectors
    interrupt.o(i.Interrupt_setPriority) refers to interrupt.o(.constdata) for g_pulRegs
    interrupt.o(i.Interrupt_setPriorityGrouping) refers to interrupt.o(.constdata) for g_pulPriority
    interrupt.o(i.Interrupt_setPriorityMask) refers to cpu.o(.emb_text) for CPU_basepriSet
    interrupt.o(i.Interrupt_unpendInterrupt) refers to interrupt.o(.constdata) for g_pulUnpendRegs
    interrupt.o(i.Interrupt_unregisterInterrupt) refers to interrupt.o(i.IntDefaultHandler) for IntDefaultHandler
    interrupt.o(i.Interrupt_unregisterInterrupt) refers to interrupt.o(vtable) for g_pfnRAMVectors
    mpu.o(i.MPU_disableInterrupt) refers to interrupt.o(i.Interrupt_disableInterrupt) for Interrupt_disableInterrupt
    mpu.o(i.MPU_enableInterrupt) refers to interrupt.o(i.Interrupt_enableInterrupt) for Interrupt_enableInterrupt
    mpu.o(i.MPU_registerInterrupt) refers to interrupt.o(i.Interrupt_registerInterrupt) for Interrupt_registerInterrupt
    mpu.o(i.MPU_unregisterInterrupt) refers to interrupt.o(i.Interrupt_unregisterInterrupt) for Interrupt_unregisterInterrupt
    pcm.o(i.PCM_getCoreVoltageLevel) refers to pcm.o(i.PCM_getPowerState) for PCM_getPowerState
    pcm.o(i.PCM_getEnabledInterruptStatus) refers to pcm.o(i.PCM_getInterruptStatus) for PCM_getInterruptStatus
    pcm.o(i.PCM_getPowerMode) refers to pcm.o(i.PCM_getPowerState) for PCM_getPowerState
    pcm.o(i.PCM_gotoLPM0) refers to cpu.o(.emb_text) for CPU_wfi
    pcm.o(i.PCM_gotoLPM0InterruptSafe) refers to interrupt.o(i.Interrupt_disableMaster) for Interrupt_disableMaster
    pcm.o(i.PCM_gotoLPM0InterruptSafe) refers to pcm.o(i.PCM_gotoLPM0) for PCM_gotoLPM0
    pcm.o(i.PCM_gotoLPM0InterruptSafe) refers to interrupt.o(i.Interrupt_enableMaster) for Interrupt_enableMaster
    pcm.o(i.PCM_gotoLPM3) refers to pcm.o(i.PCM_getPowerMode) for PCM_getPowerMode
    pcm.o(i.PCM_gotoLPM3) refers to pcm.o(i.PCM_getPowerState) for PCM_getPowerState
    pcm.o(i.PCM_gotoLPM3) refers to pcm.o(i.PCM_setPowerMode) for PCM_setPowerMode
    pcm.o(i.PCM_gotoLPM3) refers to cpu.o(.emb_text) for CPU_wfi
    pcm.o(i.PCM_gotoLPM3) refers to pcm.o(i.PCM_setPowerState) for PCM_setPowerState
    pcm.o(i.PCM_gotoLPM3InterruptSafe) refers to interrupt.o(i.Interrupt_disableMaster) for Interrupt_disableMaster
    pcm.o(i.PCM_gotoLPM3InterruptSafe) refers to pcm.o(i.PCM_gotoLPM3) for PCM_gotoLPM3
    pcm.o(i.PCM_gotoLPM3InterruptSafe) refers to interrupt.o(i.Interrupt_enableMaster) for Interrupt_enableMaster
    pcm.o(i.PCM_gotoLPM4) refers to wdt_a.o(i.WDT_A_holdTimer) for WDT_A_holdTimer
    pcm.o(i.PCM_gotoLPM4) refers to rtc_c.o(i.RTC_C_holdClock) for RTC_C_holdClock
    pcm.o(i.PCM_gotoLPM4) refers to pcm.o(i.PCM_gotoLPM3) for PCM_gotoLPM3
    pcm.o(i.PCM_gotoLPM4InterruptSafe) refers to interrupt.o(i.Interrupt_disableMaster) for Interrupt_disableMaster
    pcm.o(i.PCM_gotoLPM4InterruptSafe) refers to pcm.o(i.PCM_gotoLPM4) for PCM_gotoLPM4
    pcm.o(i.PCM_gotoLPM4InterruptSafe) refers to interrupt.o(i.Interrupt_enableMaster) for Interrupt_enableMaster
    pcm.o(i.PCM_registerInterrupt) refers to interrupt.o(i.Interrupt_registerInterrupt) for Interrupt_registerInterrupt
    pcm.o(i.PCM_registerInterrupt) refers to interrupt.o(i.Interrupt_enableInterrupt) for Interrupt_enableInterrupt
    pcm.o(i.PCM_setCoreVoltageLevel) refers to pcm.o(i.__PCM_setCoreVoltageLevelAdvanced) for __PCM_setCoreVoltageLevelAdvanced
    pcm.o(i.PCM_setCoreVoltageLevelNonBlocking) refers to pcm.o(i.__PCM_setCoreVoltageLevelAdvanced) for __PCM_setCoreVoltageLevelAdvanced
    pcm.o(i.PCM_setCoreVoltageLevelWithTimeout) refers to pcm.o(i.__PCM_setCoreVoltageLevelAdvanced) for __PCM_setCoreVoltageLevelAdvanced
    pcm.o(i.PCM_setPowerMode) refers to pcm.o(i.__PCM_setPowerModeAdvanced) for __PCM_setPowerModeAdvanced
    pcm.o(i.PCM_setPowerModeNonBlocking) refers to pcm.o(i.__PCM_setPowerModeAdvanced) for __PCM_setPowerModeAdvanced
    pcm.o(i.PCM_setPowerModeWithTimeout) refers to pcm.o(i.__PCM_setPowerModeAdvanced) for __PCM_setPowerModeAdvanced
    pcm.o(i.PCM_setPowerState) refers to pcm.o(i.__PCM_setPowerStateAdvanced) for __PCM_setPowerStateAdvanced
    pcm.o(i.PCM_setPowerStateNonBlocking) refers to pcm.o(i.__PCM_setPowerStateAdvanced) for __PCM_setPowerStateAdvanced
    pcm.o(i.PCM_setPowerStateWithTimeout) refers to pcm.o(i.__PCM_setPowerStateAdvanced) for __PCM_setPowerStateAdvanced
    pcm.o(i.PCM_shutdownDevice) refers to cpu.o(.emb_text) for CPU_wfi
    pcm.o(i.PCM_unregisterInterrupt) refers to interrupt.o(i.Interrupt_disableInterrupt) for Interrupt_disableInterrupt
    pcm.o(i.PCM_unregisterInterrupt) refers to interrupt.o(i.Interrupt_unregisterInterrupt) for Interrupt_unregisterInterrupt
    pcm.o(i.__PCM_setCoreVoltageLevelAdvanced) refers to pcm.o(i.PCM_getPowerMode) for PCM_getPowerMode
    pcm.o(i.__PCM_setCoreVoltageLevelAdvanced) refers to pcm.o(i.PCM_getCoreVoltageLevel) for PCM_getCoreVoltageLevel
    pcm.o(i.__PCM_setCoreVoltageLevelAdvanced) refers to pcm.o(i.PCM_getPowerState) for PCM_getPowerState
    pcm.o(i.__PCM_setCoreVoltageLevelAdvanced) refers to pcm.o(i.PCM_setPowerMode) for PCM_setPowerMode
    pcm.o(i.__PCM_setPowerModeAdvanced) refers to pcm.o(i.PCM_getPowerMode) for PCM_getPowerMode
    pcm.o(i.__PCM_setPowerModeAdvanced) refers to pcm.o(i.PCM_getPowerState) for PCM_getPowerState
    pcm.o(i.__PCM_setPowerStateAdvanced) refers to pcm.o(i.PCM_getPowerState) for PCM_getPowerState
    pcm.o(i.__PCM_setPowerStateAdvanced) refers to pcm.o(i.__PCM_setCoreVoltageLevelAdvanced) for __PCM_setCoreVoltageLevelAdvanced
    pcm.o(i.__PCM_setPowerStateAdvanced) refers to pcm.o(i.__PCM_setPowerModeAdvanced) for __PCM_setPowerModeAdvanced
    pcm.o(i.__PCM_setPowerStateAdvanced) refers to pcm.o(i.PCM_gotoLPM0) for PCM_gotoLPM0
    pcm.o(i.__PCM_setPowerStateAdvanced) refers to pcm.o(i.PCM_gotoLPM3) for PCM_gotoLPM3
    pcm.o(i.__PCM_setPowerStateAdvanced) refers to pcm.o(i.PCM_gotoLPM4) for PCM_gotoLPM4
    pcm.o(i.__PCM_setPowerStateAdvanced) refers to pcm.o(i.PCM_shutdownDevice) for PCM_shutdownDevice
    pss.o(i.PSS_clearInterruptFlag) refers to pss.o(i.__PSSUnlock) for __PSSUnlock
    pss.o(i.PSS_clearInterruptFlag) refers to pss.o(i.__PSSLock) for __PSSLock
    pss.o(i.PSS_disableForcedDCDCOperation) refers to pss.o(i.__PSSUnlock) for __PSSUnlock
    pss.o(i.PSS_disableForcedDCDCOperation) refers to pss.o(i.__PSSLock) for __PSSLock
    pss.o(i.PSS_disableHighSide) refers to pss.o(i.__PSSUnlock) for __PSSUnlock
    pss.o(i.PSS_disableHighSide) refers to pss.o(i.__PSSLock) for __PSSLock
    pss.o(i.PSS_disableHighSideMonitor) refers to pss.o(i.__PSSUnlock) for __PSSUnlock
    pss.o(i.PSS_disableHighSideMonitor) refers to pss.o(i.__PSSLock) for __PSSLock
    pss.o(i.PSS_disableHighSidePinToggle) refers to pss.o(i.__PSSUnlock) for __PSSUnlock
    pss.o(i.PSS_disableHighSidePinToggle) refers to pss.o(i.__PSSLock) for __PSSLock
    pss.o(i.PSS_disableInterrupt) refers to pss.o(i.__PSSUnlock) for __PSSUnlock
    pss.o(i.PSS_disableInterrupt) refers to pss.o(i.__PSSLock) for __PSSLock
    pss.o(i.PSS_enableForcedDCDCOperation) refers to pss.o(i.__PSSUnlock) for __PSSUnlock
    pss.o(i.PSS_enableForcedDCDCOperation) refers to pss.o(i.__PSSLock) for __PSSLock
    pss.o(i.PSS_enableHighSide) refers to pss.o(i.__PSSUnlock) for __PSSUnlock
    pss.o(i.PSS_enableHighSide) refers to pss.o(i.__PSSLock) for __PSSLock
    pss.o(i.PSS_enableHighSideMonitor) refers to pss.o(i.__PSSUnlock) for __PSSUnlock
    pss.o(i.PSS_enableHighSideMonitor) refers to pss.o(i.__PSSLock) for __PSSLock
    pss.o(i.PSS_enableHighSidePinToggle) refers to pss.o(i.__PSSUnlock) for __PSSUnlock
    pss.o(i.PSS_enableHighSidePinToggle) refers to pss.o(i.__PSSLock) for __PSSLock
    pss.o(i.PSS_enableInterrupt) refers to pss.o(i.__PSSUnlock) for __PSSUnlock
    pss.o(i.PSS_enableInterrupt) refers to pss.o(i.__PSSLock) for __PSSLock
    pss.o(i.PSS_registerInterrupt) refers to interrupt.o(i.Interrupt_registerInterrupt) for Interrupt_registerInterrupt
    pss.o(i.PSS_registerInterrupt) refers to interrupt.o(i.Interrupt_enableInterrupt) for Interrupt_enableInterrupt
    pss.o(i.PSS_setHighSidePerformanceMode) refers to pss.o(i.__PSSUnlock) for __PSSUnlock
    pss.o(i.PSS_setHighSidePerformanceMode) refers to pss.o(i.__PSSLock) for __PSSLock
    pss.o(i.PSS_setHighSideVoltageTrigger) refers to pss.o(i.__PSSUnlock) for __PSSUnlock
    pss.o(i.PSS_setHighSideVoltageTrigger) refers to pss.o(i.__PSSLock) for __PSSLock
    pss.o(i.PSS_unregisterInterrupt) refers to interrupt.o(i.Interrupt_disableInterrupt) for Interrupt_disableInterrupt
    pss.o(i.PSS_unregisterInterrupt) refers to interrupt.o(i.Interrupt_unregisterInterrupt) for Interrupt_unregisterInterrupt
    rtc_c.o(i.RTC_C_getCalendarTime) refers to memcpya.o(.text) for __aeabi_memcpy4
    rtc_c.o(i.RTC_C_getEnabledInterruptStatus) refers to rtc_c.o(i.RTC_C_getInterruptStatus) for RTC_C_getInterruptStatus
    rtc_c.o(i.RTC_C_registerInterrupt) refers to interrupt.o(i.Interrupt_registerInterrupt) for Interrupt_registerInterrupt
    rtc_c.o(i.RTC_C_registerInterrupt) refers to interrupt.o(i.Interrupt_enableInterrupt) for Interrupt_enableInterrupt
    rtc_c.o(i.RTC_C_unregisterInterrupt) refers to interrupt.o(i.Interrupt_disableInterrupt) for Interrupt_disableInterrupt
    rtc_c.o(i.RTC_C_unregisterInterrupt) refers to interrupt.o(i.Interrupt_unregisterInterrupt) for Interrupt_unregisterInterrupt
    spi.o(i.SPI_changeClockPhasePolarity) refers to spi.o(i.is_A_Module) for is_A_Module
    spi.o(i.SPI_changeClockPhasePolarity) refers to spi.o(i.EUSCI_A_SPI_changeClockPhasePolarity) for EUSCI_A_SPI_changeClockPhasePolarity
    spi.o(i.SPI_changeClockPhasePolarity) refers to spi.o(i.EUSCI_B_SPI_changeClockPhasePolarity) for EUSCI_B_SPI_changeClockPhasePolarity
    spi.o(i.SPI_changeMasterClock) refers to spi.o(i.is_A_Module) for is_A_Module
    spi.o(i.SPI_changeMasterClock) refers to spi.o(i.EUSCI_A_SPI_masterChangeClock) for EUSCI_A_SPI_masterChangeClock
    spi.o(i.SPI_changeMasterClock) refers to spi.o(i.EUSCI_B_SPI_masterChangeClock) for EUSCI_B_SPI_masterChangeClock
    spi.o(i.SPI_clearInterruptFlag) refers to spi.o(i.is_A_Module) for is_A_Module
    spi.o(i.SPI_clearInterruptFlag) refers to spi.o(i.EUSCI_A_SPI_clearInterruptFlag) for EUSCI_A_SPI_clearInterruptFlag
    spi.o(i.SPI_clearInterruptFlag) refers to spi.o(i.EUSCI_B_SPI_clearInterruptFlag) for EUSCI_B_SPI_clearInterruptFlag
    spi.o(i.SPI_disableInterrupt) refers to spi.o(i.is_A_Module) for is_A_Module
    spi.o(i.SPI_disableInterrupt) refers to spi.o(i.EUSCI_A_SPI_disableInterrupt) for EUSCI_A_SPI_disableInterrupt
    spi.o(i.SPI_disableInterrupt) refers to spi.o(i.EUSCI_B_SPI_disableInterrupt) for EUSCI_B_SPI_disableInterrupt
    spi.o(i.SPI_disableModule) refers to spi.o(i.is_A_Module) for is_A_Module
    spi.o(i.SPI_disableModule) refers to spi.o(i.EUSCI_A_SPI_disable) for EUSCI_A_SPI_disable
    spi.o(i.SPI_disableModule) refers to spi.o(i.EUSCI_B_SPI_disable) for EUSCI_B_SPI_disable
    spi.o(i.SPI_enableInterrupt) refers to spi.o(i.is_A_Module) for is_A_Module
    spi.o(i.SPI_enableInterrupt) refers to spi.o(i.EUSCI_A_SPI_enableInterrupt) for EUSCI_A_SPI_enableInterrupt
    spi.o(i.SPI_enableInterrupt) refers to spi.o(i.EUSCI_B_SPI_enableInterrupt) for EUSCI_B_SPI_enableInterrupt
    spi.o(i.SPI_enableModule) refers to spi.o(i.is_A_Module) for is_A_Module
    spi.o(i.SPI_enableModule) refers to spi.o(i.EUSCI_A_SPI_enable) for EUSCI_A_SPI_enable
    spi.o(i.SPI_enableModule) refers to spi.o(i.EUSCI_B_SPI_enable) for EUSCI_B_SPI_enable
    spi.o(i.SPI_getEnabledInterruptStatus) refers to spi.o(i.is_A_Module) for is_A_Module
    spi.o(i.SPI_getEnabledInterruptStatus) refers to spi.o(i.SPI_getInterruptStatus) for SPI_getInterruptStatus
    spi.o(i.SPI_getInterruptStatus) refers to spi.o(i.is_A_Module) for is_A_Module
    spi.o(i.SPI_getInterruptStatus) refers to spi.o(i.EUSCI_A_SPI_getInterruptStatus) for EUSCI_A_SPI_getInterruptStatus
    spi.o(i.SPI_getInterruptStatus) refers to spi.o(i.EUSCI_B_SPI_getInterruptStatus) for EUSCI_B_SPI_getInterruptStatus
    spi.o(i.SPI_getReceiveBufferAddressForDMA) refers to spi.o(i.is_A_Module) for is_A_Module
    spi.o(i.SPI_getReceiveBufferAddressForDMA) refers to spi.o(i.EUSCI_A_SPI_getReceiveBufferAddressForDMA) for EUSCI_A_SPI_getReceiveBufferAddressForDMA
    spi.o(i.SPI_getReceiveBufferAddressForDMA) refers to spi.o(i.EUSCI_B_SPI_getReceiveBufferAddressForDMA) for EUSCI_B_SPI_getReceiveBufferAddressForDMA
    spi.o(i.SPI_getTransmitBufferAddressForDMA) refers to spi.o(i.is_A_Module) for is_A_Module
    spi.o(i.SPI_getTransmitBufferAddressForDMA) refers to spi.o(i.EUSCI_A_SPI_getTransmitBufferAddressForDMA) for EUSCI_A_SPI_getTransmitBufferAddressForDMA
    spi.o(i.SPI_getTransmitBufferAddressForDMA) refers to spi.o(i.EUSCI_B_SPI_getTransmitBufferAddressForDMA) for EUSCI_B_SPI_getTransmitBufferAddressForDMA
    spi.o(i.SPI_initMaster) refers to spi.o(i.is_A_Module) for is_A_Module
    spi.o(i.SPI_initSlave) refers to spi.o(i.is_A_Module) for is_A_Module
    spi.o(i.SPI_isBusy) refers to spi.o(i.is_A_Module) for is_A_Module
    spi.o(i.SPI_isBusy) refers to spi.o(i.EUSCI_A_SPI_isBusy) for EUSCI_A_SPI_isBusy
    spi.o(i.SPI_isBusy) refers to spi.o(i.EUSCI_B_SPI_isBusy) for EUSCI_B_SPI_isBusy
    spi.o(i.SPI_receiveData) refers to spi.o(i.is_A_Module) for is_A_Module
    spi.o(i.SPI_receiveData) refers to spi.o(i.EUSCI_A_SPI_receiveData) for EUSCI_A_SPI_receiveData
    spi.o(i.SPI_receiveData) refers to spi.o(i.EUSCI_B_SPI_receiveData) for EUSCI_B_SPI_receiveData
    spi.o(i.SPI_registerInterrupt) refers to interrupt.o(i.Interrupt_registerInterrupt) for Interrupt_registerInterrupt
    spi.o(i.SPI_registerInterrupt) refers to interrupt.o(i.Interrupt_enableInterrupt) for Interrupt_enableInterrupt
    spi.o(i.SPI_selectFourPinFunctionality) refers to spi.o(i.is_A_Module) for is_A_Module
    spi.o(i.SPI_selectFourPinFunctionality) refers to spi.o(i.EUSCI_A_SPI_select4PinFunctionality) for EUSCI_A_SPI_select4PinFunctionality
    spi.o(i.SPI_selectFourPinFunctionality) refers to spi.o(i.EUSCI_B_SPI_select4PinFunctionality) for EUSCI_B_SPI_select4PinFunctionality
    spi.o(i.SPI_transmitData) refers to spi.o(i.is_A_Module) for is_A_Module
    spi.o(i.SPI_transmitData) refers to spi.o(i.EUSCI_A_SPI_transmitData) for EUSCI_A_SPI_transmitData
    spi.o(i.SPI_transmitData) refers to spi.o(i.EUSCI_B_SPI_transmitData) for EUSCI_B_SPI_transmitData
    spi.o(i.SPI_unregisterInterrupt) refers to interrupt.o(i.Interrupt_disableInterrupt) for Interrupt_disableInterrupt
    spi.o(i.SPI_unregisterInterrupt) refers to interrupt.o(i.Interrupt_unregisterInterrupt) for Interrupt_unregisterInterrupt
    systick.o(i.SysTick_registerInterrupt) refers to interrupt.o(i.Interrupt_registerInterrupt) for Interrupt_registerInterrupt
    systick.o(i.SysTick_unregisterInterrupt) refers to interrupt.o(i.Interrupt_unregisterInterrupt) for Interrupt_unregisterInterrupt
    timer_a.o(i.Timer_A_configureContinuousMode) refers to timer_a.o(i.privateTimer_AProcessClockSourceDivider) for privateTimer_AProcessClockSourceDivider
    timer_a.o(i.Timer_A_configureUpDownMode) refers to timer_a.o(i.privateTimer_AProcessClockSourceDivider) for privateTimer_AProcessClockSourceDivider
    timer_a.o(i.Timer_A_configureUpMode) refers to timer_a.o(i.privateTimer_AProcessClockSourceDivider) for privateTimer_AProcessClockSourceDivider
    timer_a.o(i.Timer_A_generatePWM) refers to timer_a.o(i.privateTimer_AProcessClockSourceDivider) for privateTimer_AProcessClockSourceDivider
    timer_a.o(i.Timer_A_getCaptureCompareEnabledInterruptStatus) refers to timer_a.o(i.Timer_A_getCaptureCompareInterruptStatus) for Timer_A_getCaptureCompareInterruptStatus
    timer_a.o(i.Timer_A_getEnabledInterruptStatus) refers to timer_a.o(i.Timer_A_getInterruptStatus) for Timer_A_getInterruptStatus
    timer_a.o(i.Timer_A_registerInterrupt) refers to interrupt.o(i.Interrupt_registerInterrupt) for Interrupt_registerInterrupt
    timer_a.o(i.Timer_A_registerInterrupt) refers to interrupt.o(i.Interrupt_enableInterrupt) for Interrupt_enableInterrupt
    timer_a.o(i.Timer_A_unregisterInterrupt) refers to interrupt.o(i.Interrupt_disableInterrupt) for Interrupt_disableInterrupt
    timer_a.o(i.Timer_A_unregisterInterrupt) refers to interrupt.o(i.Interrupt_unregisterInterrupt) for Interrupt_unregisterInterrupt
    timer32.o(i.Timer32_registerInterrupt) refers to interrupt.o(i.Interrupt_registerInterrupt) for Interrupt_registerInterrupt
    timer32.o(i.Timer32_registerInterrupt) refers to interrupt.o(i.Interrupt_enableInterrupt) for Interrupt_enableInterrupt
    timer32.o(i.Timer32_unregisterInterrupt) refers to interrupt.o(i.Interrupt_disableInterrupt) for Interrupt_disableInterrupt
    timer32.o(i.Timer32_unregisterInterrupt) refers to interrupt.o(i.Interrupt_unregisterInterrupt) for Interrupt_unregisterInterrupt
    uart.o(i.UART_getEnabledInterruptStatus) refers to uart.o(i.UART_getInterruptStatus) for UART_getInterruptStatus
    uart.o(i.UART_registerInterrupt) refers to interrupt.o(i.Interrupt_registerInterrupt) for Interrupt_registerInterrupt
    uart.o(i.UART_registerInterrupt) refers to interrupt.o(i.Interrupt_enableInterrupt) for Interrupt_enableInterrupt
    uart.o(i.UART_unregisterInterrupt) refers to interrupt.o(i.Interrupt_disableInterrupt) for Interrupt_disableInterrupt
    uart.o(i.UART_unregisterInterrupt) refers to interrupt.o(i.Interrupt_unregisterInterrupt) for Interrupt_unregisterInterrupt
    wdt_a.o(i.WDT_A_registerInterrupt) refers to interrupt.o(i.Interrupt_registerInterrupt) for Interrupt_registerInterrupt
    wdt_a.o(i.WDT_A_registerInterrupt) refers to interrupt.o(i.Interrupt_enableInterrupt) for Interrupt_enableInterrupt
    wdt_a.o(i.WDT_A_setPasswordViolationReset) refers to sysctl.o(i.SysCtl_setWDTPasswordViolationResetType) for SysCtl_setWDTPasswordViolationResetType
    wdt_a.o(i.WDT_A_setTimeoutReset) refers to sysctl.o(i.SysCtl_setWDTTimeoutResetType) for SysCtl_setWDTTimeoutResetType
    wdt_a.o(i.WDT_A_unregisterInterrupt) refers to interrupt.o(i.Interrupt_disableInterrupt) for Interrupt_disableInterrupt
    wdt_a.o(i.WDT_A_unregisterInterrupt) refers to interrupt.o(i.Interrupt_unregisterInterrupt) for Interrupt_unregisterInterrupt
    startup_msp432p401r_uvision.o(RESET) refers to startup_msp432p401r_uvision.o(STACK) for __initial_sp
    startup_msp432p401r_uvision.o(RESET) refers to startup_msp432p401r_uvision.o(.text) for Reset_Handler
    startup_msp432p401r_uvision.o(RESET) refers to hal_cm.o(.emb_text) for SVC_Handler
    startup_msp432p401r_uvision.o(RESET) refers to hal_cm.o(i.SysTick_Handler) for SysTick_Handler
    startup_msp432p401r_uvision.o(.text) refers to system_msp432p401r.o(i.SystemInit) for SystemInit
    startup_msp432p401r_uvision.o(.text) refers to entry.o(.ARM.Collect$$$$00000000) for __main
    system_msp432p401r.o(i.SystemCoreClockUpdate) refers to fflti.o(.text) for __aeabi_i2f
    system_msp432p401r.o(i.SystemCoreClockUpdate) refers to fmul.o(.text) for __aeabi_fmul
    system_msp432p401r.o(i.SystemCoreClockUpdate) refers to fadd.o(.text) for __aeabi_fadd
    system_msp432p401r.o(i.SystemCoreClockUpdate) refers to fdiv.o(.text) for __aeabi_fdiv
    system_msp432p401r.o(i.SystemCoreClockUpdate) refers to ffltui.o(.text) for __aeabi_ui2f
    system_msp432p401r.o(i.SystemCoreClockUpdate) refers to ffixui.o(.text) for __aeabi_f2uiz
    system_msp432p401r.o(i.SystemCoreClockUpdate) refers to system_msp432p401r.o(.data) for SystemCoreClock
    entry.o(.ARM.Collect$$$$00000000) refers (Special) to entry10a.o(.ARM.Collect$$$$0000000D) for __rt_final_cpp
    entry.o(.ARM.Collect$$$$00000000) refers (Special) to entry11a.o(.ARM.Collect$$$$0000000F) for __rt_final_exit
    entry.o(.ARM.Collect$$$$00000000) refers (Special) to entry7b.o(.ARM.Collect$$$$00000008) for _main_clock
    entry.o(.ARM.Collect$$$$00000000) refers (Special) to entry8b.o(.ARM.Collect$$$$0000000A) for _main_cpp_init
    entry.o(.ARM.Collect$$$$00000000) refers (Special) to entry9a.o(.ARM.Collect$$$$0000000B) for _main_init
    entry.o(.ARM.Collect$$$$00000000) refers (Special) to entry5.o(.ARM.Collect$$$$00000004) for _main_scatterload
    entry.o(.ARM.Collect$$$$00000000) refers (Special) to entry2.o(.ARM.Collect$$$$00000001) for _main_stk
    fadd.o(.text) refers (Special) to iusefp.o(.text) for __I$use$fp
    fadd.o(.text) refers to fepilogue.o(.text) for _float_epilogue
    fmul.o(.text) refers (Special) to iusefp.o(.text) for __I$use$fp
    fdiv.o(.text) refers (Special) to iusefp.o(.text) for __I$use$fp
    fdiv.o(.text) refers to fepilogue.o(.text) for _float_round
    fflti.o(.text) refers (Special) to iusefp.o(.text) for __I$use$fp
    fflti.o(.text) refers to fepilogue.o(.text) for _float_epilogue
    ffltui.o(.text) refers (Special) to iusefp.o(.text) for __I$use$fp
    ffltui.o(.text) refers to fepilogue.o(.text) for _float_epilogue
    ffixi.o(.text) refers (Special) to iusefp.o(.text) for __I$use$fp
    ffixui.o(.text) refers (Special) to iusefp.o(.text) for __I$use$fp
    entry2.o(.ARM.Collect$$$$00000001) refers to entry2.o(.ARM.Collect$$$$00002712) for __lit__00000000
    entry2.o(.ARM.Collect$$$$00002712) refers to startup_msp432p401r_uvision.o(STACK) for __initial_sp
    entry2.o(__vectab_stack_and_reset_area) refers to startup_msp432p401r_uvision.o(STACK) for __initial_sp
    entry2.o(__vectab_stack_and_reset_area) refers to entry.o(.ARM.Collect$$$$00000000) for __main
    entry5.o(.ARM.Collect$$$$00000004) refers to init.o(.text) for __scatterload
    entry9a.o(.ARM.Collect$$$$0000000B) refers to startup.o(i.main) for main
    entry9b.o(.ARM.Collect$$$$0000000C) refers to startup.o(i.main) for main
    init.o(.text) refers to entry5.o(.ARM.Collect$$$$00000004) for __main_after_scatterload


==============================================================================

Removing Unused input sections from the image.

    Removing schedule.o(i.osList_DeleteNode), (18 bytes).
    Removing schedule.o(i.osList_HeadInit), (6 bytes).
    Removing schedule.o(i.osSche_Lock), (32 bytes).
    Removing schedule.o(i.osSche_Unlock), (52 bytes).
    Removing schedule.o(i.sche_Init), (84 bytes).
    Removing schedule.o(i.sche_InsertThread), (92 bytes).
    Removing schedule.o(i.sche_NextToNow), (20 bytes).
    Removing schedule.o(i.sche_RemoveThread), (120 bytes).
    Removing schedule.o(i.sche_ToNextThread), (192 bytes).
    Removing schedule.o(.bss), (1056 bytes).
    Removing schedule.o(.constdata), (256 bytes).
    Removing schedule.o(.data), (24 bytes).
    Removing schedule.o(.rodata.name), (26 bytes).
    Removing schedule.o(kernelSymbol), (16 bytes).
    Removing thread.o(i.osThread_Create), (120 bytes).
    Removing thread.o(i.osThread_Ready), (32 bytes).
    Removing thread.o(.rodata.name), (31 bytes).
    Removing thread.o(kernelSymbol), (16 bytes).
    Removing buddy.o(i.__AllocateBlock), (164 bytes).
    Removing buddy.o(i.__FreeBlock), (140 bytes).
    Removing buddy.o(i.mem_Init), (196 bytes).
    Removing buddy.o(i.osList_AddTail), (14 bytes).
    Removing buddy.o(i.osList_DeleteNode), (18 bytes).
    Removing buddy.o(i.osList_HeadInit), (6 bytes).
    Removing buddy.o(i.osMem_Free), (28 bytes).
    Removing buddy.o(i.osMem_Malloc), (68 bytes).
    Removing buddy.o(.bss), (64 bytes).
    Removing buddy.o(.rodata.name), (24 bytes).
    Removing buddy.o(kernelSymbol), (16 bytes).
    Removing ringbuffer.o(i.osRBuffer_Clear), (28 bytes).
    Removing ringbuffer.o(i.osRBuffer_Create), (32 bytes).
    Removing ringbuffer.o(i.osRBuffer_Get), (174 bytes).
    Removing ringbuffer.o(i.osRBuffer_GetByte), (80 bytes).
    Removing ringbuffer.o(i.osRBuffer_GetDataLen), (94 bytes).
    Removing ringbuffer.o(i.osRBuffer_GetSpaceLen), (18 bytes).
    Removing ringbuffer.o(i.osRBuffer_GetStatus), (44 bytes).
    Removing ringbuffer.o(i.osRBuffer_Put), (174 bytes).
    Removing ringbuffer.o(i.osRBuffer_PutByte), (76 bytes).
    Removing ringbuffer.o(i.osRBuffer_StaticCreate), (32 bytes).
    Removing ringbuffer.o(.rodata.name), (183 bytes).
    Removing ringbuffer.o(kernelSymbol), (80 bytes).
    Removing hal_cm.o(i.cpu_SetupRegisters), (76 bytes).
    Removing msp432.o(.rev16_text), (4 bytes).
    Removing msp432.o(.revsh_text), (4 bytes).
    Removing msp432.o(.rrx_text), (6 bytes).
    Removing msp432.o(i.hal_CallNMI), (10 bytes).
    Removing msp432.o(i.hal_CallPendSV), (10 bytes).
    Removing adc14.o(.rev16_text), (4 bytes).
    Removing adc14.o(.revsh_text), (4 bytes).
    Removing adc14.o(.rrx_text), (6 bytes).
    Removing adc14.o(i.ADC14_clearInterruptFlag), (40 bytes).
    Removing adc14.o(i.ADC14_configureConversionMemory), (120 bytes).
    Removing adc14.o(i.ADC14_configureMultiSequenceMode), (140 bytes).
    Removing adc14.o(i.ADC14_configureSingleSampleMode), (76 bytes).
    Removing adc14.o(i.ADC14_disableComparatorWindow), (76 bytes).
    Removing adc14.o(i.ADC14_disableConversion), (20 bytes).
    Removing adc14.o(i.ADC14_disableInterrupt), (40 bytes).
    Removing adc14.o(i.ADC14_disableModule), (28 bytes).
    Removing adc14.o(i.ADC14_disableReferenceBurst), (28 bytes).
    Removing adc14.o(i.ADC14_disableSampleTimer), (28 bytes).
    Removing adc14.o(i.ADC14_enableComparatorWindow), (100 bytes).
    Removing adc14.o(i.ADC14_enableConversion), (44 bytes).
    Removing adc14.o(i.ADC14_enableInterrupt), (40 bytes).
    Removing adc14.o(i.ADC14_enableModule), (12 bytes).
    Removing adc14.o(i.ADC14_enableReferenceBurst), (28 bytes).
    Removing adc14.o(i.ADC14_enableSampleTimer), (48 bytes).
    Removing adc14.o(i.ADC14_getEnabledInterruptStatus), (40 bytes).
    Removing adc14.o(i.ADC14_getInterruptStatus), (32 bytes).
    Removing adc14.o(i.ADC14_getMultiSequenceResult), (80 bytes).
    Removing adc14.o(i.ADC14_getResolution), (16 bytes).
    Removing adc14.o(i.ADC14_getResult), (28 bytes).
    Removing adc14.o(i.ADC14_getResultArray), (88 bytes).
    Removing adc14.o(i.ADC14_initModule), (68 bytes).
    Removing adc14.o(i.ADC14_isBusy), (20 bytes).
    Removing adc14.o(i.ADC14_registerInterrupt), (20 bytes).
    Removing adc14.o(i.ADC14_setComparatorWindowValue), (92 bytes).
    Removing adc14.o(i.ADC14_setPowerMode), (68 bytes).
    Removing adc14.o(i.ADC14_setResolution), (20 bytes).
    Removing adc14.o(i.ADC14_setResultFormat), (44 bytes).
    Removing adc14.o(i.ADC14_setSampleHoldTime), (44 bytes).
    Removing adc14.o(i.ADC14_setSampleHoldTrigger), (60 bytes).
    Removing adc14.o(i.ADC14_toggleConversionTrigger), (40 bytes).
    Removing adc14.o(i.ADC14_unregisterInterrupt), (16 bytes).
    Removing adc14.o(i.ADCIsConversionRunning), (20 bytes).
    Removing adc14.o(i._getIndexForMemRegister), (348 bytes).
    Removing adc14.o(.constdata), (128 bytes).
    Removing aes256.o(.rev16_text), (4 bytes).
    Removing aes256.o(.revsh_text), (4 bytes).
    Removing aes256.o(.rrx_text), (6 bytes).
    Removing aes256.o(i.AES256_clearErrorFlag), (16 bytes).
    Removing aes256.o(i.AES256_clearInterruptFlag), (16 bytes).
    Removing aes256.o(i.AES256_decryptData), (92 bytes).
    Removing aes256.o(i.AES256_disableInterrupt), (16 bytes).
    Removing aes256.o(i.AES256_enableInterrupt), (16 bytes).
    Removing aes256.o(i.AES256_encryptData), (92 bytes).
    Removing aes256.o(i.AES256_getDataOut), (52 bytes).
    Removing aes256.o(i.AES256_getErrorFlagStatus), (16 bytes).
    Removing aes256.o(i.AES256_getInterruptFlagStatus), (16 bytes).
    Removing aes256.o(i.AES256_getInterruptStatus), (12 bytes).
    Removing aes256.o(i.AES256_isBusy), (24 bytes).
    Removing aes256.o(i.AES256_registerInterrupt), (22 bytes).
    Removing aes256.o(i.AES256_reset), (14 bytes).
    Removing aes256.o(i.AES256_setCipherKey), (104 bytes).
    Removing aes256.o(i.AES256_setDecipherKey), (114 bytes).
    Removing aes256.o(i.AES256_startDecryptData), (52 bytes).
    Removing aes256.o(i.AES256_startEncryptData), (54 bytes).
    Removing aes256.o(i.AES256_startSetDecipherKey), (94 bytes).
    Removing aes256.o(i.AES256_unregisterInterrupt), (18 bytes).
    Removing comp_e.o(.rev16_text), (4 bytes).
    Removing comp_e.o(.revsh_text), (4 bytes).
    Removing comp_e.o(.rrx_text), (6 bytes).
    Removing comp_e.o(i.COMP_E_clearInterruptFlag), (8 bytes).
    Removing comp_e.o(i.COMP_E_disableInputBuffer), (8 bytes).
    Removing comp_e.o(i.COMP_E_disableInterrupt), (8 bytes).
    Removing comp_e.o(i.COMP_E_disableModule), (18 bytes).
    Removing comp_e.o(i.COMP_E_enableInputBuffer), (8 bytes).
    Removing comp_e.o(i.COMP_E_enableInterrupt), (8 bytes).
    Removing comp_e.o(i.COMP_E_enableModule), (18 bytes).
    Removing comp_e.o(i.COMP_E_getEnabledInterruptStatus), (16 bytes).
    Removing comp_e.o(i.COMP_E_getInterruptStatus), (10 bytes).
    Removing comp_e.o(i.COMP_E_initModule), (136 bytes).
    Removing comp_e.o(i.COMP_E_outputValue), (10 bytes).
    Removing comp_e.o(i.COMP_E_registerInterrupt), (64 bytes).
    Removing comp_e.o(i.COMP_E_setInterruptEdgeDirection), (40 bytes).
    Removing comp_e.o(i.COMP_E_setPowerMode), (12 bytes).
    Removing comp_e.o(i.COMP_E_setReferenceAccuracy), (40 bytes).
    Removing comp_e.o(i.COMP_E_setReferenceVoltage), (78 bytes).
    Removing comp_e.o(i.COMP_E_shortInputs), (16 bytes).
    Removing comp_e.o(i.COMP_E_swapIO), (10 bytes).
    Removing comp_e.o(i.COMP_E_toggleInterruptEdgeDirection), (10 bytes).
    Removing comp_e.o(i.COMP_E_unregisterInterrupt), (56 bytes).
    Removing comp_e.o(i.COMP_E_unshortInputs), (16 bytes).
    Removing comp_e.o(i.__getRegisterSettingForInput), (172 bytes).
    Removing cpu.o(.rev16_text), (4 bytes).
    Removing cpu.o(.revsh_text), (4 bytes).
    Removing cpu.o(.rrx_text), (6 bytes).
    Removing cpu.o(.emb_text), (38 bytes).
    Removing crc32.o(.rev16_text), (4 bytes).
    Removing crc32.o(.revsh_text), (4 bytes).
    Removing crc32.o(.rrx_text), (6 bytes).
    Removing crc32.o(i.CRC32_getResult), (28 bytes).
    Removing crc32.o(i.CRC32_getResultReversed), (28 bytes).
    Removing crc32.o(i.CRC32_set16BitData), (18 bytes).
    Removing crc32.o(i.CRC32_set16BitDataReversed), (18 bytes).
    Removing crc32.o(i.CRC32_set32BitData), (12 bytes).
    Removing crc32.o(i.CRC32_set32BitDataReversed), (12 bytes).
    Removing crc32.o(i.CRC32_set8BitData), (18 bytes).
    Removing crc32.o(i.CRC32_set8BitDataReversed), (18 bytes).
    Removing crc32.o(i.CRC32_setSeed), (22 bytes).
    Removing cs.o(.rev16_text), (4 bytes).
    Removing cs.o(.revsh_text), (4 bytes).
    Removing cs.o(.rrx_text), (6 bytes).
    Removing cs.o(i.CS_clearInterruptFlag), (40 bytes).
    Removing cs.o(i.CS_disableClockRequest), (40 bytes).
    Removing cs.o(i.CS_disableDCOExternalResistor), (32 bytes).
    Removing cs.o(i.CS_disableFaultCounter), (48 bytes).
    Removing cs.o(i.CS_disableInterrupt), (40 bytes).
    Removing cs.o(i.CS_enableClockRequest), (40 bytes).
    Removing cs.o(i.CS_enableDCOExternalResistor), (32 bytes).
    Removing cs.o(i.CS_enableFaultCounter), (48 bytes).
    Removing cs.o(i.CS_enableInterrupt), (40 bytes).
    Removing cs.o(i.CS_getACLK), (36 bytes).
    Removing cs.o(i.CS_getBCLK), (32 bytes).
    Removing cs.o(i.CS_getDCOFrequency), (364 bytes).
    Removing cs.o(i.CS_getEnabledInterruptStatus), (20 bytes).
    Removing cs.o(i.CS_getHSMCLK), (36 bytes).
    Removing cs.o(i.CS_getInterruptStatus), (12 bytes).
    Removing cs.o(i.CS_getMCLK), (36 bytes).
    Removing cs.o(i.CS_getSMCLK), (32 bytes).
    Removing cs.o(i.CS_initClockSignal), (312 bytes).
    Removing cs.o(i.CS_registerInterrupt), (20 bytes).
    Removing cs.o(i.CS_resetFaultCounter), (48 bytes).
    Removing cs.o(i.CS_setDCOCenteredFrequency), (40 bytes).
    Removing cs.o(i.CS_setDCOExternalResistorCalibration), (136 bytes).
    Removing cs.o(i.CS_setDCOFrequency), (480 bytes).
    Removing cs.o(i.CS_setExternalClockSourceFrequency), (20 bytes).
    Removing cs.o(i.CS_setReferenceOscillatorFrequency), (32 bytes).
    Removing cs.o(i.CS_startFaultCounter), (68 bytes).
    Removing cs.o(i.CS_startHFXT), (14 bytes).
    Removing cs.o(i.CS_startHFXTWithTimeout), (192 bytes).
    Removing cs.o(i.CS_startLFXT), (14 bytes).
    Removing cs.o(i.CS_startLFXTWithTimeout), (188 bytes).
    Removing cs.o(i.CS_tuneDCOFrequency), (96 bytes).
    Removing cs.o(i.CS_unregisterInterrupt), (16 bytes).
    Removing cs.o(i._CSComputeCLKFrequency), (220 bytes).
    Removing cs.o(i._CSGetDOCFrequency), (108 bytes).
    Removing cs.o(i._CSGetDividerValue), (62 bytes).
    Removing cs.o(i._CSGetHFXTFrequency), (220 bytes).
    Removing cs.o(.data), (8 bytes).
    Removing dma.o(.rev16_text), (4 bytes).
    Removing dma.o(.revsh_text), (4 bytes).
    Removing dma.o(.rrx_text), (6 bytes).
    Removing dma.o(i.DMA_assignChannel), (432 bytes).
    Removing dma.o(i.DMA_assignInterrupt), (92 bytes).
    Removing dma.o(i.DMA_clearErrorStatus), (12 bytes).
    Removing dma.o(i.DMA_clearInterruptFlag), (28 bytes).
    Removing dma.o(i.DMA_disableChannel), (20 bytes).
    Removing dma.o(i.DMA_disableChannelAttribute), (68 bytes).
    Removing dma.o(i.DMA_disableInterrupt), (72 bytes).
    Removing dma.o(i.DMA_disableModule), (12 bytes).
    Removing dma.o(i.DMA_enableChannel), (20 bytes).
    Removing dma.o(i.DMA_enableChannelAttribute), (68 bytes).
    Removing dma.o(i.DMA_enableInterrupt), (72 bytes).
    Removing dma.o(i.DMA_enableModule), (12 bytes).
    Removing dma.o(i.DMA_getChannelAttribute), (80 bytes).
    Removing dma.o(i.DMA_getChannelMode), (48 bytes).
    Removing dma.o(i.DMA_getChannelSize), (44 bytes).
    Removing dma.o(i.DMA_getControlAlternateBase), (12 bytes).
    Removing dma.o(i.DMA_getControlBase), (12 bytes).
    Removing dma.o(i.DMA_getErrorStatus), (12 bytes).
    Removing dma.o(i.DMA_getInterruptStatus), (12 bytes).
    Removing dma.o(i.DMA_isChannelEnabled), (32 bytes).
    Removing dma.o(i.DMA_registerInterrupt), (22 bytes).
    Removing dma.o(i.DMA_requestChannel), (20 bytes).
    Removing dma.o(i.DMA_requestSoftwareTransfer), (20 bytes).
    Removing dma.o(i.DMA_setChannelControl), (40 bytes).
    Removing dma.o(i.DMA_setChannelScatterGather), (92 bytes).
    Removing dma.o(i.DMA_setChannelTransfer), (176 bytes).
    Removing dma.o(i.DMA_setControlBase), (12 bytes).
    Removing dma.o(i.DMA_unregisterInterrupt), (18 bytes).
    Removing flash.o(.rev16_text), (4 bytes).
    Removing flash.o(.revsh_text), (4 bytes).
    Removing flash.o(.rrx_text), (6 bytes).
    Removing flash.o(i.FlashCtl_clearInterruptFlag), (20 bytes).
    Removing flash.o(i.FlashCtl_clearProgramVerification), (60 bytes).
    Removing flash.o(i.FlashCtl_disableInterrupt), (20 bytes).
    Removing flash.o(i.FlashCtl_disableReadBuffering), (68 bytes).
    Removing flash.o(i.FlashCtl_disableWordProgramming), (12 bytes).
    Removing flash.o(i.FlashCtl_enableInterrupt), (20 bytes).
    Removing flash.o(i.FlashCtl_enableReadBuffering), (68 bytes).
    Removing flash.o(i.FlashCtl_enableWordProgramming), (40 bytes).
    Removing flash.o(i.FlashCtl_eraseSector), (264 bytes).
    Removing flash.o(i.FlashCtl_getEnabledInterruptStatus), (20 bytes).
    Removing flash.o(i.FlashCtl_getInterruptStatus), (12 bytes).
    Removing flash.o(i.FlashCtl_getMemoryInfo), (42 bytes).
    Removing flash.o(i.FlashCtl_getReadMode), (36 bytes).
    Removing flash.o(i.FlashCtl_getWaitState), (36 bytes).
    Removing flash.o(i.FlashCtl_initiateMassErase), (32 bytes).
    Removing flash.o(i.FlashCtl_initiateSectorErase), (116 bytes).
    Removing flash.o(i.FlashCtl_isSectorProtected), (100 bytes).
    Removing flash.o(i.FlashCtl_isWordProgrammingEnabled), (32 bytes).
    Removing flash.o(i.FlashCtl_performMassErase), (284 bytes).
    Removing flash.o(i.FlashCtl_programMemory), (250 bytes).
    Removing flash.o(i.FlashCtl_protectSector), (112 bytes).
    Removing flash.o(i.FlashCtl_registerInterrupt), (20 bytes).
    Removing flash.o(i.FlashCtl_setProgramVerification), (60 bytes).
    Removing flash.o(i.FlashCtl_setReadMode), (96 bytes).
    Removing flash.o(i.FlashCtl_setWaitState), (48 bytes).
    Removing flash.o(i.FlashCtl_unprotectSector), (116 bytes).
    Removing flash.o(i.FlashCtl_unregisterInterrupt), (16 bytes).
    Removing flash.o(i.FlashCtl_verifyMemory), (508 bytes).
    Removing flash.o(i._FlashCtl_Program32), (160 bytes).
    Removing flash.o(i._FlashCtl_Program8), (160 bytes).
    Removing flash.o(i._FlashCtl_ProgramBurst), (392 bytes).
    Removing flash.o(i.__FlashCtl_remaskBurstDataPost), (240 bytes).
    Removing flash.o(i.__FlashCtl_remaskBurstDataPre), (252 bytes).
    Removing flash.o(i.__FlashCtl_remaskData32Post), (184 bytes).
    Removing flash.o(i.__FlashCtl_remaskData32Pre), (184 bytes).
    Removing flash.o(i.__FlashCtl_remaskData8Post), (108 bytes).
    Removing flash.o(i.__FlashCtl_remaskData8Pre), (108 bytes).
    Removing flash.o(i.getUserFlashSector), (242 bytes).
    Removing flash.o(.data), (64 bytes).
    Removing fpu.o(.rev16_text), (4 bytes).
    Removing fpu.o(.revsh_text), (4 bytes).
    Removing fpu.o(.rrx_text), (6 bytes).
    Removing fpu.o(i.FPU_disableModule), (20 bytes).
    Removing fpu.o(i.FPU_disableStacking), (20 bytes).
    Removing fpu.o(i.FPU_enableLazyStacking), (20 bytes).
    Removing fpu.o(i.FPU_enableModule), (20 bytes).
    Removing fpu.o(i.FPU_enableStacking), (24 bytes).
    Removing fpu.o(i.FPU_setFlushToZeroMode), (20 bytes).
    Removing fpu.o(i.FPU_setHalfPrecisionMode), (20 bytes).
    Removing fpu.o(i.FPU_setNaNMode), (20 bytes).
    Removing fpu.o(i.FPU_setRoundingMode), (20 bytes).
    Removing gpio.o(.rev16_text), (4 bytes).
    Removing gpio.o(.revsh_text), (4 bytes).
    Removing gpio.o(.rrx_text), (6 bytes).
    Removing gpio.o(i.GPIO_clearInterruptFlag), (20 bytes).
    Removing gpio.o(i.GPIO_disableInterrupt), (20 bytes).
    Removing gpio.o(i.GPIO_enableInterrupt), (20 bytes).
    Removing gpio.o(i.GPIO_getEnabledInterruptStatus), (84 bytes).
    Removing gpio.o(i.GPIO_getInputPinValue), (32 bytes).
    Removing gpio.o(i.GPIO_getInterruptStatus), (20 bytes).
    Removing gpio.o(i.GPIO_interruptEdgeSelect), (32 bytes).
    Removing gpio.o(i.GPIO_registerInterrupt), (32 bytes).
    Removing gpio.o(i.GPIO_setAsInputPin), (40 bytes).
    Removing gpio.o(i.GPIO_setAsInputPinWithPullDownResistor), (44 bytes).
    Removing gpio.o(i.GPIO_setAsInputPinWithPullUpResistor), (44 bytes).
    Removing gpio.o(i.GPIO_setAsOutputPin), (32 bytes).
    Removing gpio.o(i.GPIO_setAsPeripheralModuleFunctionInputPin), (80 bytes).
    Removing gpio.o(i.GPIO_setAsPeripheralModuleFunctionOutputPin), (80 bytes).
    Removing gpio.o(i.GPIO_setDriveStrengthHigh), (20 bytes).
    Removing gpio.o(i.GPIO_setDriveStrengthLow), (20 bytes).
    Removing gpio.o(i.GPIO_setOutputHighOnPin), (20 bytes).
    Removing gpio.o(i.GPIO_setOutputLowOnPin), (20 bytes).
    Removing gpio.o(i.GPIO_toggleOutputOnPin), (20 bytes).
    Removing gpio.o(i.GPIO_unregisterInterrupt), (28 bytes).
    Removing gpio.o(.constdata), (28 bytes).
    Removing gpio.o(.data), (48 bytes).
    Removing i2c.o(.rev16_text), (4 bytes).
    Removing i2c.o(.revsh_text), (4 bytes).
    Removing i2c.o(.rrx_text), (6 bytes).
    Removing i2c.o(i.I2C_clearInterruptFlag), (8 bytes).
    Removing i2c.o(i.I2C_disableInterrupt), (8 bytes).
    Removing i2c.o(i.I2C_disableModule), (14 bytes).
    Removing i2c.o(i.I2C_disableMultiMasterMode), (24 bytes).
    Removing i2c.o(i.I2C_enableInterrupt), (8 bytes).
    Removing i2c.o(i.I2C_enableModule), (14 bytes).
    Removing i2c.o(i.I2C_enableMultiMasterMode), (22 bytes).
    Removing i2c.o(i.I2C_getEnabledInterruptStatus), (14 bytes).
    Removing i2c.o(i.I2C_getInterruptStatus), (8 bytes).
    Removing i2c.o(i.I2C_getMode), (10 bytes).
    Removing i2c.o(i.I2C_getReceiveBufferAddressForDMA), (8 bytes).
    Removing i2c.o(i.I2C_getTransmitBufferAddressForDMA), (8 bytes).
    Removing i2c.o(i.I2C_initMaster), (64 bytes).
    Removing i2c.o(i.I2C_initSlave), (38 bytes).
    Removing i2c.o(i.I2C_isBusBusy), (18 bytes).
    Removing i2c.o(i.I2C_masterIsStartSent), (22 bytes).
    Removing i2c.o(i.I2C_masterIsStopSent), (14 bytes).
    Removing i2c.o(i.I2C_masterReceiveMultiByteFinish), (56 bytes).
    Removing i2c.o(i.I2C_masterReceiveMultiByteFinishWithTimeout), (82 bytes).
    Removing i2c.o(i.I2C_masterReceiveMultiByteNext), (8 bytes).
    Removing i2c.o(i.I2C_masterReceiveMultiByteStop), (14 bytes).
    Removing i2c.o(i.I2C_masterReceiveSingle), (44 bytes).
    Removing i2c.o(i.I2C_masterReceiveSingleByte), (48 bytes).
    Removing i2c.o(i.I2C_masterReceiveStart), (14 bytes).
    Removing i2c.o(i.I2C_masterSendMultiByteFinish), (74 bytes).
    Removing i2c.o(i.I2C_masterSendMultiByteFinishWithTimeout), (100 bytes).
    Removing i2c.o(i.I2C_masterSendMultiByteNext), (40 bytes).
    Removing i2c.o(i.I2C_masterSendMultiByteNextWithTimeout), (56 bytes).
    Removing i2c.o(i.I2C_masterSendMultiByteStart), (62 bytes).
    Removing i2c.o(i.I2C_masterSendMultiByteStartWithTimeout), (76 bytes).
    Removing i2c.o(i.I2C_masterSendMultiByteStop), (50 bytes).
    Removing i2c.o(i.I2C_masterSendMultiByteStopWithTimeout), (66 bytes).
    Removing i2c.o(i.I2C_masterSendSingleByte), (82 bytes).
    Removing i2c.o(i.I2C_masterSendSingleByteWithTimeout), (124 bytes).
    Removing i2c.o(i.I2C_masterSendStart), (14 bytes).
    Removing i2c.o(i.I2C_registerInterrupt), (108 bytes).
    Removing i2c.o(i.I2C_setMode), (12 bytes).
    Removing i2c.o(i.I2C_setSlaveAddress), (4 bytes).
    Removing i2c.o(i.I2C_slaveGetData), (8 bytes).
    Removing i2c.o(i.I2C_slavePutData), (4 bytes).
    Removing i2c.o(i.I2C_slaveSendNAK), (14 bytes).
    Removing i2c.o(i.I2C_unregisterInterrupt), (96 bytes).
    Removing interrupt.o(.rev16_text), (4 bytes).
    Removing interrupt.o(.revsh_text), (4 bytes).
    Removing interrupt.o(.rrx_text), (6 bytes).
    Removing interrupt.o(i.IntDefaultHandler), (4 bytes).
    Removing interrupt.o(i.Interrupt_disableInterrupt), (116 bytes).
    Removing interrupt.o(i.Interrupt_disableMaster), (16 bytes).
    Removing interrupt.o(i.Interrupt_disableSleepOnIsrExit), (20 bytes).
    Removing interrupt.o(i.Interrupt_enableInterrupt), (116 bytes).
    Removing interrupt.o(i.Interrupt_enableMaster), (16 bytes).
    Removing interrupt.o(i.Interrupt_enableSleepOnIsrExit), (20 bytes).
    Removing interrupt.o(i.Interrupt_getPriority), (28 bytes).
    Removing interrupt.o(i.Interrupt_getPriorityGrouping), (44 bytes).
    Removing interrupt.o(i.Interrupt_getPriorityMask), (10 bytes).
    Removing interrupt.o(i.Interrupt_getVectorTableAddress), (12 bytes).
    Removing interrupt.o(i.Interrupt_isEnabled), (116 bytes).
    Removing interrupt.o(i.Interrupt_pendInterrupt), (96 bytes).
    Removing interrupt.o(i.Interrupt_registerInterrupt), (60 bytes).
    Removing interrupt.o(i.Interrupt_setPriority), (52 bytes).
    Removing interrupt.o(i.Interrupt_setPriorityGrouping), (28 bytes).
    Removing interrupt.o(i.Interrupt_setPriorityMask), (12 bytes).
    Removing interrupt.o(i.Interrupt_setVectorTableAddress), (12 bytes).
    Removing interrupt.o(i.Interrupt_unpendInterrupt), (76 bytes).
    Removing interrupt.o(i.Interrupt_unregisterInterrupt), (20 bytes).
    Removing interrupt.o(.constdata), (144 bytes).
    Removing interrupt.o(vtable), (228 bytes).
    Removing mpu.o(.rev16_text), (4 bytes).
    Removing mpu.o(.revsh_text), (4 bytes).
    Removing mpu.o(.rrx_text), (6 bytes).
    Removing mpu.o(i.MPU_disableInterrupt), (10 bytes).
    Removing mpu.o(i.MPU_disableModule), (20 bytes).
    Removing mpu.o(i.MPU_disableRegion), (28 bytes).
    Removing mpu.o(i.MPU_enableInterrupt), (10 bytes).
    Removing mpu.o(i.MPU_enableModule), (16 bytes).
    Removing mpu.o(i.MPU_enableRegion), (28 bytes).
    Removing mpu.o(i.MPU_getRegion), (28 bytes).
    Removing mpu.o(i.MPU_getRegionCount), (16 bytes).
    Removing mpu.o(i.MPU_registerInterrupt), (14 bytes).
    Removing mpu.o(i.MPU_setRegion), (32 bytes).
    Removing mpu.o(i.MPU_unregisterInterrupt), (10 bytes).
    Removing pcm.o(.rev16_text), (4 bytes).
    Removing pcm.o(.revsh_text), (4 bytes).
    Removing pcm.o(.rrx_text), (6 bytes).
    Removing pcm.o(i.PCM_clearInterruptFlag), (16 bytes).
    Removing pcm.o(i.PCM_disableInterrupt), (16 bytes).
    Removing pcm.o(i.PCM_disableRudeMode), (28 bytes).
    Removing pcm.o(i.PCM_enableInterrupt), (16 bytes).
    Removing pcm.o(i.PCM_enableRudeMode), (28 bytes).
    Removing pcm.o(i.PCM_getCoreVoltageLevel), (98 bytes).
    Removing pcm.o(i.PCM_getEnabledInterruptStatus), (20 bytes).
    Removing pcm.o(i.PCM_getInterruptStatus), (12 bytes).
    Removing pcm.o(i.PCM_getPowerMode), (88 bytes).
    Removing pcm.o(i.PCM_getPowerState), (12 bytes).
    Removing pcm.o(i.PCM_gotoLPM0), (40 bytes).
    Removing pcm.o(i.PCM_gotoLPM0InterruptSafe), (24 bytes).
    Removing pcm.o(i.PCM_gotoLPM3), (136 bytes).
    Removing pcm.o(i.PCM_gotoLPM3InterruptSafe), (24 bytes).
    Removing pcm.o(i.PCM_gotoLPM4), (16 bytes).
    Removing pcm.o(i.PCM_gotoLPM4InterruptSafe), (24 bytes).
    Removing pcm.o(i.PCM_registerInterrupt), (20 bytes).
    Removing pcm.o(i.PCM_setCoreVoltageLevel), (16 bytes).
    Removing pcm.o(i.PCM_setCoreVoltageLevelNonBlocking), (16 bytes).
    Removing pcm.o(i.PCM_setCoreVoltageLevelWithTimeout), (18 bytes).
    Removing pcm.o(i.PCM_setPowerMode), (16 bytes).
    Removing pcm.o(i.PCM_setPowerModeNonBlocking), (16 bytes).
    Removing pcm.o(i.PCM_setPowerModeWithTimeout), (18 bytes).
    Removing pcm.o(i.PCM_setPowerState), (16 bytes).
    Removing pcm.o(i.PCM_setPowerStateNonBlocking), (16 bytes).
    Removing pcm.o(i.PCM_setPowerStateWithTimeout), (18 bytes).
    Removing pcm.o(i.PCM_shutdownDevice), (84 bytes).
    Removing pcm.o(i.PCM_unregisterInterrupt), (16 bytes).
    Removing pcm.o(i.__PCM_setCoreVoltageLevelAdvanced), (208 bytes).
    Removing pcm.o(i.__PCM_setPowerModeAdvanced), (272 bytes).
    Removing pcm.o(i.__PCM_setPowerStateAdvanced), (540 bytes).
    Removing pmap.o(.rev16_text), (4 bytes).
    Removing pmap.o(.revsh_text), (4 bytes).
    Removing pmap.o(.rrx_text), (6 bytes).
    Removing pmap.o(i.PMAP_configurePorts), (56 bytes).
    Removing pss.o(.rev16_text), (4 bytes).
    Removing pss.o(.revsh_text), (4 bytes).
    Removing pss.o(.rrx_text), (6 bytes).
    Removing pss.o(i.PSS_clearInterruptFlag), (24 bytes).
    Removing pss.o(i.PSS_disableForcedDCDCOperation), (24 bytes).
    Removing pss.o(i.PSS_disableHighSide), (24 bytes).
    Removing pss.o(i.PSS_disableHighSideMonitor), (24 bytes).
    Removing pss.o(i.PSS_disableHighSidePinToggle), (24 bytes).
    Removing pss.o(i.PSS_disableInterrupt), (24 bytes).
    Removing pss.o(i.PSS_enableForcedDCDCOperation), (24 bytes).
    Removing pss.o(i.PSS_enableHighSide), (24 bytes).
    Removing pss.o(i.PSS_enableHighSideMonitor), (24 bytes).
    Removing pss.o(i.PSS_enableHighSidePinToggle), (56 bytes).
    Removing pss.o(i.PSS_enableInterrupt), (24 bytes).
    Removing pss.o(i.PSS_getHighSidePerformanceMode), (20 bytes).
    Removing pss.o(i.PSS_getHighSideVoltageTrigger), (16 bytes).
    Removing pss.o(i.PSS_getInterruptStatus), (12 bytes).
    Removing pss.o(i.PSS_registerInterrupt), (20 bytes).
    Removing pss.o(i.PSS_setHighSidePerformanceMode), (36 bytes).
    Removing pss.o(i.PSS_setHighSideVoltageTrigger), (48 bytes).
    Removing pss.o(i.PSS_unregisterInterrupt), (16 bytes).
    Removing pss.o(i.__PSSLock), (12 bytes).
    Removing pss.o(i.__PSSUnlock), (16 bytes).
    Removing ref_a.o(.rev16_text), (4 bytes).
    Removing ref_a.o(.revsh_text), (4 bytes).
    Removing ref_a.o(.rrx_text), (6 bytes).
    Removing ref_a.o(i.REF_A_disableReferenceVoltage), (18 bytes).
    Removing ref_a.o(i.REF_A_disableReferenceVoltageOutput), (18 bytes).
    Removing ref_a.o(i.REF_A_disableTempSensor), (18 bytes).
    Removing ref_a.o(i.REF_A_enableReferenceVoltage), (18 bytes).
    Removing ref_a.o(i.REF_A_enableReferenceVoltageOutput), (18 bytes).
    Removing ref_a.o(i.REF_A_enableTempSensor), (18 bytes).
    Removing ref_a.o(i.REF_A_getBandgapMode), (16 bytes).
    Removing ref_a.o(i.REF_A_getBufferedBandgapVoltageStatus), (26 bytes).
    Removing ref_a.o(i.REF_A_getVariableReferenceVoltageStatus), (26 bytes).
    Removing ref_a.o(i.REF_A_isBandgapActive), (26 bytes).
    Removing ref_a.o(i.REF_A_isRefGenActive), (26 bytes).
    Removing ref_a.o(i.REF_A_isRefGenBusy), (26 bytes).
    Removing ref_a.o(i.REF_A_setBufferedBandgapVoltageOneTimeTrigger), (18 bytes).
    Removing ref_a.o(i.REF_A_setReferenceVoltage), (20 bytes).
    Removing ref_a.o(i.REF_A_setReferenceVoltageOneTimeTrigger), (18 bytes).
    Removing reset.o(.rev16_text), (4 bytes).
    Removing reset.o(.revsh_text), (4 bytes).
    Removing reset.o(.rrx_text), (6 bytes).
    Removing reset.o(i.ResetCtl_clearHardResetSource), (16 bytes).
    Removing reset.o(i.ResetCtl_clearPCMFlags), (24 bytes).
    Removing reset.o(i.ResetCtl_clearPSSFlags), (24 bytes).
    Removing reset.o(i.ResetCtl_clearSoftResetSource), (16 bytes).
    Removing reset.o(i.ResetCtl_getHardResetSource), (12 bytes).
    Removing reset.o(i.ResetCtl_getPCMSource), (12 bytes).
    Removing reset.o(i.ResetCtl_getPSSSource), (12 bytes).
    Removing reset.o(i.ResetCtl_getSoftResetSource), (12 bytes).
    Removing reset.o(i.ResetCtl_initiateHardReset), (20 bytes).
    Removing reset.o(i.ResetCtl_initiateHardResetWithSource), (16 bytes).
    Removing reset.o(i.ResetCtl_initiateSoftReset), (20 bytes).
    Removing reset.o(i.ResetCtl_initiateSoftResetWithSource), (16 bytes).
    Removing rtc_c.o(.rev16_text), (4 bytes).
    Removing rtc_c.o(.revsh_text), (4 bytes).
    Removing rtc_c.o(.rrx_text), (6 bytes).
    Removing rtc_c.o(i.RTC_C_clearInterruptFlag), (96 bytes).
    Removing rtc_c.o(i.RTC_C_convertBCDToBinary), (16 bytes).
    Removing rtc_c.o(i.RTC_C_convertBinaryToBCD), (16 bytes).
    Removing rtc_c.o(i.RTC_C_definePrescaleEvent), (36 bytes).
    Removing rtc_c.o(i.RTC_C_disableInterrupt), (92 bytes).
    Removing rtc_c.o(i.RTC_C_enableInterrupt), (88 bytes).
    Removing rtc_c.o(i.RTC_C_getCalendarTime), (120 bytes).
    Removing rtc_c.o(i.RTC_C_getEnabledInterruptStatus), (132 bytes).
    Removing rtc_c.o(i.RTC_C_getInterruptStatus), (76 bytes).
    Removing rtc_c.o(i.RTC_C_getPrescaleValue), (32 bytes).
    Removing rtc_c.o(i.RTC_C_holdClock), (52 bytes).
    Removing rtc_c.o(i.RTC_C_initCalendar), (136 bytes).
    Removing rtc_c.o(i.RTC_C_registerInterrupt), (20 bytes).
    Removing rtc_c.o(i.RTC_C_setCalendarAlarm), (44 bytes).
    Removing rtc_c.o(i.RTC_C_setCalendarEvent), (52 bytes).
    Removing rtc_c.o(i.RTC_C_setCalibrationData), (48 bytes).
    Removing rtc_c.o(i.RTC_C_setCalibrationFrequency), (52 bytes).
    Removing rtc_c.o(i.RTC_C_setPrescaleValue), (84 bytes).
    Removing rtc_c.o(i.RTC_C_setTemperatureCompensation), (60 bytes).
    Removing rtc_c.o(i.RTC_C_startClock), (48 bytes).
    Removing rtc_c.o(i.RTC_C_unregisterInterrupt), (16 bytes).
    Removing spi.o(.rev16_text), (4 bytes).
    Removing spi.o(.revsh_text), (4 bytes).
    Removing spi.o(.rrx_text), (6 bytes).
    Removing spi.o(i.EUSCI_A_SPI_changeClockPhasePolarity), (36 bytes).
    Removing spi.o(i.EUSCI_A_SPI_clearInterruptFlag), (8 bytes).
    Removing spi.o(i.EUSCI_A_SPI_disable), (14 bytes).
    Removing spi.o(i.EUSCI_A_SPI_disableInterrupt), (8 bytes).
    Removing spi.o(i.EUSCI_A_SPI_enable), (14 bytes).
    Removing spi.o(i.EUSCI_A_SPI_enableInterrupt), (8 bytes).
    Removing spi.o(i.EUSCI_A_SPI_getInterruptStatus), (8 bytes).
    Removing spi.o(i.EUSCI_A_SPI_getReceiveBufferAddressForDMA), (8 bytes).
    Removing spi.o(i.EUSCI_A_SPI_getTransmitBufferAddressForDMA), (8 bytes).
    Removing spi.o(i.EUSCI_A_SPI_isBusy), (26 bytes).
    Removing spi.o(i.EUSCI_A_SPI_masterChangeClock), (30 bytes).
    Removing spi.o(i.EUSCI_A_SPI_receiveData), (8 bytes).
    Removing spi.o(i.EUSCI_A_SPI_select4PinFunctionality), (12 bytes).
    Removing spi.o(i.EUSCI_A_SPI_slaveInit), (42 bytes).
    Removing spi.o(i.EUSCI_A_SPI_transmitData), (4 bytes).
    Removing spi.o(i.EUSCI_B_SPI_changeClockPhasePolarity), (36 bytes).
    Removing spi.o(i.EUSCI_B_SPI_clearInterruptFlag), (8 bytes).
    Removing spi.o(i.EUSCI_B_SPI_disable), (14 bytes).
    Removing spi.o(i.EUSCI_B_SPI_disableInterrupt), (8 bytes).
    Removing spi.o(i.EUSCI_B_SPI_enable), (14 bytes).
    Removing spi.o(i.EUSCI_B_SPI_enableInterrupt), (8 bytes).
    Removing spi.o(i.EUSCI_B_SPI_getInterruptStatus), (8 bytes).
    Removing spi.o(i.EUSCI_B_SPI_getReceiveBufferAddressForDMA), (8 bytes).
    Removing spi.o(i.EUSCI_B_SPI_getTransmitBufferAddressForDMA), (8 bytes).
    Removing spi.o(i.EUSCI_B_SPI_isBusy), (26 bytes).
    Removing spi.o(i.EUSCI_B_SPI_masterChangeClock), (30 bytes).
    Removing spi.o(i.EUSCI_B_SPI_receiveData), (8 bytes).
    Removing spi.o(i.EUSCI_B_SPI_select4PinFunctionality), (12 bytes).
    Removing spi.o(i.EUSCI_B_SPI_slaveInit), (42 bytes).
    Removing spi.o(i.EUSCI_B_SPI_transmitData), (4 bytes).
    Removing spi.o(i.SPI_changeClockPhasePolarity), (40 bytes).
    Removing spi.o(i.SPI_changeMasterClock), (40 bytes).
    Removing spi.o(i.SPI_clearInterruptFlag), (34 bytes).
    Removing spi.o(i.SPI_disableInterrupt), (34 bytes).
    Removing spi.o(i.SPI_disableModule), (28 bytes).
    Removing spi.o(i.SPI_enableInterrupt), (34 bytes).
    Removing spi.o(i.SPI_enableModule), (28 bytes).
    Removing spi.o(i.SPI_getEnabledInterruptStatus), (40 bytes).
    Removing spi.o(i.SPI_getInterruptStatus), (34 bytes).
    Removing spi.o(i.SPI_getReceiveBufferAddressForDMA), (28 bytes).
    Removing spi.o(i.SPI_getTransmitBufferAddressForDMA), (28 bytes).
    Removing spi.o(i.SPI_initMaster), (156 bytes).
    Removing spi.o(i.SPI_initSlave), (102 bytes).
    Removing spi.o(i.SPI_isBusy), (28 bytes).
    Removing spi.o(i.SPI_receiveData), (28 bytes).
    Removing spi.o(i.SPI_registerInterrupt), (172 bytes).
    Removing spi.o(i.SPI_selectFourPinFunctionality), (34 bytes).
    Removing spi.o(i.SPI_transmitData), (34 bytes).
    Removing spi.o(i.SPI_unregisterInterrupt), (154 bytes).
    Removing spi.o(i.is_A_Module), (52 bytes).
    Removing sysctl.o(.rev16_text), (4 bytes).
    Removing sysctl.o(.revsh_text), (4 bytes).
    Removing sysctl.o(.rrx_text), (6 bytes).
    Removing sysctl.o(i.SysCtl_disableGlitchFilter), (20 bytes).
    Removing sysctl.o(i.SysCtl_disableNMISource), (16 bytes).
    Removing sysctl.o(i.SysCtl_disablePeripheralAtCPUHalt), (16 bytes).
    Removing sysctl.o(i.SysCtl_disableSRAMBank), (96 bytes).
    Removing sysctl.o(i.SysCtl_disableSRAMBankRetention), (32 bytes).
    Removing sysctl.o(i.SysCtl_enableGlitchFilter), (20 bytes).
    Removing sysctl.o(i.SysCtl_enableNMISource), (16 bytes).
    Removing sysctl.o(i.SysCtl_enablePeripheralAtCPUHalt), (16 bytes).
    Removing sysctl.o(i.SysCtl_enableSRAMBank), (28 bytes).
    Removing sysctl.o(i.SysCtl_enableSRAMBankRetention), (32 bytes).
    Removing sysctl.o(i.SysCtl_getFlashSize), (12 bytes).
    Removing sysctl.o(i.SysCtl_getNMISourceStatus), (12 bytes).
    Removing sysctl.o(i.SysCtl_getSRAMSize), (12 bytes).
    Removing sysctl.o(i.SysCtl_getTLVInfo), (80 bytes).
    Removing sysctl.o(i.SysCtl_getTempCalibrationConstant), (16 bytes).
    Removing sysctl.o(i.SysCtl_rebootDevice), (16 bytes).
    Removing sysctl.o(i.SysCtl_setWDTPasswordViolationResetType), (36 bytes).
    Removing sysctl.o(i.SysCtl_setWDTTimeoutResetType), (36 bytes).
    Removing systick.o(.rev16_text), (4 bytes).
    Removing systick.o(.revsh_text), (4 bytes).
    Removing systick.o(.rrx_text), (6 bytes).
    Removing systick.o(i.SysTick_disableInterrupt), (18 bytes).
    Removing systick.o(i.SysTick_disableModule), (18 bytes).
    Removing systick.o(i.SysTick_enableInterrupt), (18 bytes).
    Removing systick.o(i.SysTick_enableModule), (18 bytes).
    Removing systick.o(i.SysTick_getPeriod), (10 bytes).
    Removing systick.o(i.SysTick_getValue), (8 bytes).
    Removing systick.o(i.SysTick_registerInterrupt), (14 bytes).
    Removing systick.o(i.SysTick_setPeriod), (10 bytes).
    Removing systick.o(i.SysTick_unregisterInterrupt), (10 bytes).
    Removing timer_a.o(.rev16_text), (4 bytes).
    Removing timer_a.o(.revsh_text), (4 bytes).
    Removing timer_a.o(.rrx_text), (6 bytes).
    Removing timer_a.o(i.Timer_A_clearCaptureCompareInterrupt), (30 bytes).
    Removing timer_a.o(i.Timer_A_clearInterruptFlag), (14 bytes).
    Removing timer_a.o(i.Timer_A_clearTimer), (14 bytes).
    Removing timer_a.o(i.Timer_A_configureContinuousMode), (40 bytes).
    Removing timer_a.o(i.Timer_A_configureUpDownMode), (84 bytes).
    Removing timer_a.o(i.Timer_A_configureUpMode), (84 bytes).
    Removing timer_a.o(i.Timer_A_disableCaptureCompareInterrupt), (30 bytes).
    Removing timer_a.o(i.Timer_A_disableInterrupt), (14 bytes).
    Removing timer_a.o(i.Timer_A_enableCaptureCompareInterrupt), (30 bytes).
    Removing timer_a.o(i.Timer_A_enableInterrupt), (14 bytes).
    Removing timer_a.o(i.Timer_A_generatePWM), (90 bytes).
    Removing timer_a.o(i.Timer_A_getCaptureCompareCount), (20 bytes).
    Removing timer_a.o(i.Timer_A_getCaptureCompareEnabledInterruptStatus), (48 bytes).
    Removing timer_a.o(i.Timer_A_getCaptureCompareInterruptStatus), (22 bytes).
    Removing timer_a.o(i.Timer_A_getCounterValue), (38 bytes).
    Removing timer_a.o(i.Timer_A_getEnabledInterruptStatus), (24 bytes).
    Removing timer_a.o(i.Timer_A_getInterruptStatus), (10 bytes).
    Removing timer_a.o(i.Timer_A_getOutputForOutputModeOutBitValue), (38 bytes).
    Removing timer_a.o(i.Timer_A_getSynchronizedCaptureCompareInput), (30 bytes).
    Removing timer_a.o(i.Timer_A_initCapture), (58 bytes).
    Removing timer_a.o(i.Timer_A_initCompare), (52 bytes).
    Removing timer_a.o(i.Timer_A_registerInterrupt), (208 bytes).
    Removing timer_a.o(i.Timer_A_setCompareValue), (20 bytes).
    Removing timer_a.o(i.Timer_A_setOutputForOutputModeOutBitValue), (32 bytes).
    Removing timer_a.o(i.Timer_A_startCounter), (8 bytes).
    Removing timer_a.o(i.Timer_A_stopTimer), (10 bytes).
    Removing timer_a.o(i.Timer_A_unregisterInterrupt), (192 bytes).
    Removing timer_a.o(i.privateTimer_AProcessClockSourceDivider), (232 bytes).
    Removing timer32.o(.rev16_text), (4 bytes).
    Removing timer32.o(.revsh_text), (4 bytes).
    Removing timer32.o(.rrx_text), (6 bytes).
    Removing timer32.o(i.Timer32_clearInterruptFlag), (10 bytes).
    Removing timer32.o(i.Timer32_disableInterrupt), (10 bytes).
    Removing timer32.o(i.Timer32_enableInterrupt), (10 bytes).
    Removing timer32.o(i.Timer32_getInterruptStatus), (6 bytes).
    Removing timer32.o(i.Timer32_getValue), (6 bytes).
    Removing timer32.o(i.Timer32_haltTimer), (10 bytes).
    Removing timer32.o(i.Timer32_initModule), (94 bytes).
    Removing timer32.o(i.Timer32_registerInterrupt), (22 bytes).
    Removing timer32.o(i.Timer32_setCount), (34 bytes).
    Removing timer32.o(i.Timer32_setCountInBackground), (34 bytes).
    Removing timer32.o(i.Timer32_startTimer), (48 bytes).
    Removing timer32.o(i.Timer32_unregisterInterrupt), (18 bytes).
    Removing uart.o(.rev16_text), (4 bytes).
    Removing uart.o(.revsh_text), (4 bytes).
    Removing uart.o(.rrx_text), (6 bytes).
    Removing uart.o(i.UART_clearInterruptFlag), (8 bytes).
    Removing uart.o(i.UART_disableInterrupt), (22 bytes).
    Removing uart.o(i.UART_disableModule), (14 bytes).
    Removing uart.o(i.UART_enableInterrupt), (22 bytes).
    Removing uart.o(i.UART_enableModule), (14 bytes).
    Removing uart.o(i.UART_getEnabledInterruptStatus), (62 bytes).
    Removing uart.o(i.UART_getInterruptStatus), (8 bytes).
    Removing uart.o(i.UART_getReceiveBufferAddressForDMA), (8 bytes).
    Removing uart.o(i.UART_getTransmitBufferAddressForDMA), (8 bytes).
    Removing uart.o(i.UART_initModule), (212 bytes).
    Removing uart.o(i.UART_queryStatusFlags), (8 bytes).
    Removing uart.o(i.UART_receiveData), (44 bytes).
    Removing uart.o(i.UART_registerInterrupt), (108 bytes).
    Removing uart.o(i.UART_resetDormant), (14 bytes).
    Removing uart.o(i.UART_selectDeglitchTime), (12 bytes).
    Removing uart.o(i.UART_setDormant), (14 bytes).
    Removing uart.o(i.UART_transmitAddress), (18 bytes).
    Removing uart.o(i.UART_transmitBreak), (72 bytes).
    Removing uart.o(i.UART_transmitData), (40 bytes).
    Removing uart.o(i.UART_unregisterInterrupt), (96 bytes).
    Removing wdt_a.o(.rev16_text), (4 bytes).
    Removing wdt_a.o(.revsh_text), (4 bytes).
    Removing wdt_a.o(.rrx_text), (6 bytes).
    Removing wdt_a.o(i.WDT_A_clearTimer), (24 bytes).
    Removing wdt_a.o(i.WDT_A_holdTimer), (24 bytes).
    Removing wdt_a.o(i.WDT_A_initIntervalTimer), (20 bytes).
    Removing wdt_a.o(i.WDT_A_initWatchdogTimer), (20 bytes).
    Removing wdt_a.o(i.WDT_A_registerInterrupt), (20 bytes).
    Removing wdt_a.o(i.WDT_A_setPasswordViolationReset), (12 bytes).
    Removing wdt_a.o(i.WDT_A_setTimeoutReset), (12 bytes).
    Removing wdt_a.o(i.WDT_A_startTimer), (24 bytes).
    Removing wdt_a.o(i.WDT_A_unregisterInterrupt), (16 bytes).
    Removing startup_msp432p401r_uvision.o(HEAP), (0 bytes).
    Removing system_msp432p401r.o(.rev16_text), (4 bytes).
    Removing system_msp432p401r.o(.revsh_text), (4 bytes).
    Removing system_msp432p401r.o(.rrx_text), (6 bytes).
    Removing system_msp432p401r.o(i.SystemCoreClockUpdate), (612 bytes).
    Removing system_msp432p401r.o(.data), (4 bytes).
    Removing fadd.o(.text), (176 bytes).
    Removing fmul.o(.text), (100 bytes).
    Removing fdiv.o(.text), (124 bytes).
    Removing fflti.o(.text), (18 bytes).
    Removing ffltui.o(.text), (10 bytes).
    Removing ffixi.o(.text), (50 bytes).
    Removing ffixui.o(.text), (40 bytes).
    Removing fepilogue.o(.text), (110 bytes).

682 unused section(s) (total 32258 bytes) removed from the image.

==============================================================================

Image Symbol Table

    Local Symbols

    Symbol Name                              Value     Ov Type        Size  Object(Section)

    RESET                                    0x00000000   Section      324  startup_msp432p401r_uvision.o(RESET)
    ../clib/microlib/init/entry.s            0x00000000   Number         0  entry11a.o ABSOLUTE
    ../clib/microlib/init/entry.s            0x00000000   Number         0  entry10b.o ABSOLUTE
    ../clib/microlib/init/entry.s            0x00000000   Number         0  entry10a.o ABSOLUTE
    ../clib/microlib/init/entry.s            0x00000000   Number         0  entry9a.o ABSOLUTE
    ../clib/microlib/init/entry.s            0x00000000   Number         0  entry8b.o ABSOLUTE
    ../clib/microlib/init/entry.s            0x00000000   Number         0  entry8a.o ABSOLUTE
    ../clib/microlib/init/entry.s            0x00000000   Number         0  entry7b.o ABSOLUTE
    ../clib/microlib/init/entry.s            0x00000000   Number         0  entry7a.o ABSOLUTE
    ../clib/microlib/init/entry.s            0x00000000   Number         0  entry5.o ABSOLUTE
    ../clib/microlib/init/entry.s            0x00000000   Number         0  entry2.o ABSOLUTE
    ../clib/microlib/init/entry.s            0x00000000   Number         0  entry9b.o ABSOLUTE
    ../clib/microlib/init/entry.s            0x00000000   Number         0  entry.o ABSOLUTE
    ../clib/microlib/init/entry.s            0x00000000   Number         0  entry11b.o ABSOLUTE
    ../clib/microlib/string/memcpy.c         0x00000000   Number         0  memcpyb.o ABSOLUTE
    ../clib/microlib/string/memcpy.c         0x00000000   Number         0  memcpya.o ABSOLUTE
    ../clib/microlib/string/memset.c         0x00000000   Number         0  memseta.o ABSOLUTE
    ../clib/microlib/stubs.s                 0x00000000   Number         0  iusefp.o ABSOLUTE
    ../fplib/microlib/fpadd.c                0x00000000   Number         0  fadd.o ABSOLUTE
    ../fplib/microlib/fpdiv.c                0x00000000   Number         0  fdiv.o ABSOLUTE
    ../fplib/microlib/fpepilogue.c           0x00000000   Number         0  fepilogue.o ABSOLUTE
    ../fplib/microlib/fpfix.c                0x00000000   Number         0  ffixui.o ABSOLUTE
    ../fplib/microlib/fpfix.c                0x00000000   Number         0  ffixi.o ABSOLUTE
    ../fplib/microlib/fpflt.c                0x00000000   Number         0  fflti.o ABSOLUTE
    ../fplib/microlib/fpflt.c                0x00000000   Number         0  ffltui.o ABSOLUTE
    ../fplib/microlib/fpmul.c                0x00000000   Number         0  fmul.o ABSOLUTE
    ..\\os\\arch\\hal_cm.c                   0x00000000   Number         0  hal_cm.o ABSOLUTE
    ..\\os\\arch\\msp432\\driverlib\\adc14.c 0x00000000   Number         0  adc14.o ABSOLUTE
    ..\\os\\arch\\msp432\\driverlib\\aes256.c 0x00000000   Number         0  aes256.o ABSOLUTE
    ..\\os\\arch\\msp432\\driverlib\\comp_e.c 0x00000000   Number         0  comp_e.o ABSOLUTE
    ..\\os\\arch\\msp432\\driverlib\\cpu.c   0x00000000   Number         0  cpu.o ABSOLUTE
    ..\\os\\arch\\msp432\\driverlib\\crc32.c 0x00000000   Number         0  crc32.o ABSOLUTE
    ..\\os\\arch\\msp432\\driverlib\\cs.c    0x00000000   Number         0  cs.o ABSOLUTE
    ..\\os\\arch\\msp432\\driverlib\\dma.c   0x00000000   Number         0  dma.o ABSOLUTE
    ..\\os\\arch\\msp432\\driverlib\\flash.c 0x00000000   Number         0  flash.o ABSOLUTE
    ..\\os\\arch\\msp432\\driverlib\\fpu.c   0x00000000   Number         0  fpu.o ABSOLUTE
    ..\\os\\arch\\msp432\\driverlib\\gpio.c  0x00000000   Number         0  gpio.o ABSOLUTE
    ..\\os\\arch\\msp432\\driverlib\\i2c.c   0x00000000   Number         0  i2c.o ABSOLUTE
    ..\\os\\arch\\msp432\\driverlib\\interrupt.c 0x00000000   Number         0  interrupt.o ABSOLUTE
    ..\\os\\arch\\msp432\\driverlib\\mpu.c   0x00000000   Number         0  mpu.o ABSOLUTE
    ..\\os\\arch\\msp432\\driverlib\\pcm.c   0x00000000   Number         0  pcm.o ABSOLUTE
    ..\\os\\arch\\msp432\\driverlib\\pmap.c  0x00000000   Number         0  pmap.o ABSOLUTE
    ..\\os\\arch\\msp432\\driverlib\\pss.c   0x00000000   Number         0  pss.o ABSOLUTE
    ..\\os\\arch\\msp432\\driverlib\\ref_a.c 0x00000000   Number         0  ref_a.o ABSOLUTE
    ..\\os\\arch\\msp432\\driverlib\\reset.c 0x00000000   Number         0  reset.o ABSOLUTE
    ..\\os\\arch\\msp432\\driverlib\\rtc_c.c 0x00000000   Number         0  rtc_c.o ABSOLUTE
    ..\\os\\arch\\msp432\\driverlib\\spi.c   0x00000000   Number         0  spi.o ABSOLUTE
    ..\\os\\arch\\msp432\\driverlib\\sysctl.c 0x00000000   Number         0  sysctl.o ABSOLUTE
    ..\\os\\arch\\msp432\\driverlib\\systick.c 0x00000000   Number         0  systick.o ABSOLUTE
    ..\\os\\arch\\msp432\\driverlib\\timer32.c 0x00000000   Number         0  timer32.o ABSOLUTE
    ..\\os\\arch\\msp432\\driverlib\\timer_a.c 0x00000000   Number         0  timer_a.o ABSOLUTE
    ..\\os\\arch\\msp432\\driverlib\\uart.c  0x00000000   Number         0  uart.o ABSOLUTE
    ..\\os\\arch\\msp432\\driverlib\\wdt_a.c 0x00000000   Number         0  wdt_a.o ABSOLUTE
    ..\\os\\arch\\msp432\\msp432.c           0x00000000   Number         0  msp432.o ABSOLUTE
    ..\os\arch\hal_cm.c                      0x00000000   Number         0  hal_cm.o ABSOLUTE
    ..\os\arch\msp432\driverlib\adc14.c      0x00000000   Number         0  adc14.o ABSOLUTE
    ..\os\arch\msp432\driverlib\aes256.c     0x00000000   Number         0  aes256.o ABSOLUTE
    ..\os\arch\msp432\driverlib\comp_e.c     0x00000000   Number         0  comp_e.o ABSOLUTE
    ..\os\arch\msp432\driverlib\cpu.c        0x00000000   Number         0  cpu.o ABSOLUTE
    ..\os\arch\msp432\driverlib\crc32.c      0x00000000   Number         0  crc32.o ABSOLUTE
    ..\os\arch\msp432\driverlib\cs.c         0x00000000   Number         0  cs.o ABSOLUTE
    ..\os\arch\msp432\driverlib\dma.c        0x00000000   Number         0  dma.o ABSOLUTE
    ..\os\arch\msp432\driverlib\flash.c      0x00000000   Number         0  flash.o ABSOLUTE
    ..\os\arch\msp432\driverlib\fpu.c        0x00000000   Number         0  fpu.o ABSOLUTE
    ..\os\arch\msp432\driverlib\gpio.c       0x00000000   Number         0  gpio.o ABSOLUTE
    ..\os\arch\msp432\driverlib\i2c.c        0x00000000   Number         0  i2c.o ABSOLUTE
    ..\os\arch\msp432\driverlib\interrupt.c  0x00000000   Number         0  interrupt.o ABSOLUTE
    ..\os\arch\msp432\driverlib\mpu.c        0x00000000   Number         0  mpu.o ABSOLUTE
    ..\os\arch\msp432\driverlib\pcm.c        0x00000000   Number         0  pcm.o ABSOLUTE
    ..\os\arch\msp432\driverlib\pmap.c       0x00000000   Number         0  pmap.o ABSOLUTE
    ..\os\arch\msp432\driverlib\pss.c        0x00000000   Number         0  pss.o ABSOLUTE
    ..\os\arch\msp432\driverlib\ref_a.c      0x00000000   Number         0  ref_a.o ABSOLUTE
    ..\os\arch\msp432\driverlib\reset.c      0x00000000   Number         0  reset.o ABSOLUTE
    ..\os\arch\msp432\driverlib\rtc_c.c      0x00000000   Number         0  rtc_c.o ABSOLUTE
    ..\os\arch\msp432\driverlib\spi.c        0x00000000   Number         0  spi.o ABSOLUTE
    ..\os\arch\msp432\driverlib\sysctl.c     0x00000000   Number         0  sysctl.o ABSOLUTE
    ..\os\arch\msp432\driverlib\systick.c    0x00000000   Number         0  systick.o ABSOLUTE
    ..\os\arch\msp432\driverlib\timer32.c    0x00000000   Number         0  timer32.o ABSOLUTE
    ..\os\arch\msp432\driverlib\timer_a.c    0x00000000   Number         0  timer_a.o ABSOLUTE
    ..\os\arch\msp432\driverlib\uart.c       0x00000000   Number         0  uart.o ABSOLUTE
    ..\os\arch\msp432\driverlib\wdt_a.c      0x00000000   Number         0  wdt_a.o ABSOLUTE
    ..\os\arch\msp432\msp432.c               0x00000000   Number         0  msp432.o ABSOLUTE
    ..\os\kernel\schedule.c                  0x00000000   Number         0  schedule.o ABSOLUTE
    ..\os\kernel\thread.c                    0x00000000   Number         0  thread.o ABSOLUTE
    ..\os\lib\ringBuffer.c                   0x00000000   Number         0  ringbuffer.o ABSOLUTE
    ..\os\mm\buddy.c                         0x00000000   Number         0  buddy.o ABSOLUTE
    RTE\Device\MSP432P401R\startup_msp432p401r_uvision.s 0x00000000   Number         0  startup_msp432p401r_uvision.o ABSOLUTE
    RTE\Device\MSP432P401R\system_msp432p401r.c 0x00000000   Number         0  system_msp432p401r.o ABSOLUTE
    RTE\\Device\\MSP432P401R\\system_msp432p401r.c 0x00000000   Number         0  system_msp432p401r.o ABSOLUTE
    Source\startup.c                         0x00000000   Number         0  startup.o ABSOLUTE
    dc.s                                     0x00000000   Number         0  dc.o ABSOLUTE
    handlers.s                               0x00000000   Number         0  handlers.o ABSOLUTE
    init.s                                   0x00000000   Number         0  init.o ABSOLUTE
    .ARM.Collect$$$$00000000                 0x00000144   Section        0  entry.o(.ARM.Collect$$$$00000000)
    .ARM.Collect$$$$00000001                 0x00000144   Section        4  entry2.o(.ARM.Collect$$$$00000001)
    .ARM.Collect$$$$00000004                 0x00000148   Section        4  entry5.o(.ARM.Collect$$$$00000004)
    .ARM.Collect$$$$00000008                 0x0000014c   Section        0  entry7b.o(.ARM.Collect$$$$00000008)
    .ARM.Collect$$$$0000000A                 0x0000014c   Section        0  entry8b.o(.ARM.Collect$$$$0000000A)
    .ARM.Collect$$$$0000000B                 0x0000014c   Section        8  entry9a.o(.ARM.Collect$$$$0000000B)
    .ARM.Collect$$$$0000000D                 0x00000154   Section        0  entry10a.o(.ARM.Collect$$$$0000000D)
    .ARM.Collect$$$$0000000F                 0x00000154   Section        0  entry11a.o(.ARM.Collect$$$$0000000F)
    .ARM.Collect$$$$00002712                 0x00000154   Section        4  entry2.o(.ARM.Collect$$$$00002712)
    __lit__00000000                          0x00000154   Data           4  entry2.o(.ARM.Collect$$$$00002712)
    .emb_text                                0x00000158   Section      144  hal_cm.o(.emb_text)
    .text                                    0x000001e8   Section       36  startup_msp432p401r_uvision.o(.text)
    .text                                    0x0000020c   Section       36  init.o(.text)
    i.SysTick_Handler                        0x00000230   Section        0  hal_cm.o(i.SysTick_Handler)
    i.SystemInit                             0x00000234   Section        0  system_msp432p401r.o(i.SystemInit)
    i.__scatterload_copy                     0x00000290   Section       14  handlers.o(i.__scatterload_copy)
    i.__scatterload_null                     0x0000029e   Section        2  handlers.o(i.__scatterload_null)
    i.__scatterload_zeroinit                 0x000002a0   Section       14  handlers.o(i.__scatterload_zeroinit)
    i.main                                   0x000002ae   Section        0  startup.o(i.main)
    STACK                                    0x20000000   Section      512  startup_msp432p401r_uvision.o(STACK)

    Global Symbols

    Symbol Name                              Value     Ov Type        Size  Object(Section)

    BuildAttributes$$THM_ISAv4$E$P$D$K$B$S$7EM$PE$A:L22UL41UL21$X:L11$S22US41US21$IEEE1$IW$USESV6$~STKCKD$USESV7$~SHL$OTIME$ROPI$EBA8$MICROLIB$REQ8$PRES8$EABIv2 0x00000000   Number         0  anon$$obj.o ABSOLUTE
    __ARM_use_no_argv                        0x00000000   Number         0  startup.o ABSOLUTE
    __Vectors                                0x00000000   Data           4  startup_msp432p401r_uvision.o(RESET)
    __cpp_initialize__aeabi_                  - Undefined Weak Reference
    __cxa_finalize                            - Undefined Weak Reference
    __decompress                              - Undefined Weak Reference
    _clock_init                               - Undefined Weak Reference
    _microlib_exit                            - Undefined Weak Reference
    __Vectors_End                            0x00000144   Data           0  startup_msp432p401r_uvision.o(RESET)
    __Vectors_Size                           0x00000144   Number         0  startup_msp432p401r_uvision.o ABSOLUTE
    __main                                   0x00000145   Thumb Code     0  entry.o(.ARM.Collect$$$$00000000)
    _main_stk                                0x00000145   Thumb Code     0  entry2.o(.ARM.Collect$$$$00000001)
    _main_scatterload                        0x00000149   Thumb Code     0  entry5.o(.ARM.Collect$$$$00000004)
    __main_after_scatterload                 0x0000014d   Thumb Code     0  entry5.o(.ARM.Collect$$$$00000004)
    _main_clock                              0x0000014d   Thumb Code     0  entry7b.o(.ARM.Collect$$$$00000008)
    _main_cpp_init                           0x0000014d   Thumb Code     0  entry8b.o(.ARM.Collect$$$$0000000A)
    _main_init                               0x0000014d   Thumb Code     0  entry9a.o(.ARM.Collect$$$$0000000B)
    __rt_final_cpp                           0x00000155   Thumb Code     0  entry10a.o(.ARM.Collect$$$$0000000D)
    __rt_final_exit                          0x00000155   Thumb Code     0  entry11a.o(.ARM.Collect$$$$0000000F)
    hal_DisableINT                           0x00000159   Thumb Code    22  hal_cm.o(.emb_text)
    hal_EnableINT                            0x0000016f   Thumb Code     6  hal_cm.o(.emb_text)
    cpu_GotoFisrtTask                        0x00000175   Thumb Code    32  hal_cm.o(.emb_text)
    SVC_Handler                              0x00000199   Thumb Code    32  hal_cm.o(.emb_text)
    PendSV_Handler                           0x000001b9   Thumb Code    48  hal_cm.o(.emb_text)
    Reset_Handler                            0x000001e9   Thumb Code     8  startup_msp432p401r_uvision.o(.text)
    NMI_Handler                              0x000001f1   Thumb Code     2  startup_msp432p401r_uvision.o(.text)
    HardFault_Handler                        0x000001f3   Thumb Code     2  startup_msp432p401r_uvision.o(.text)
    MemManage_Handler                        0x000001f5   Thumb Code     2  startup_msp432p401r_uvision.o(.text)
    BusFault_Handler                         0x000001f7   Thumb Code     2  startup_msp432p401r_uvision.o(.text)
    UsageFault_Handler                       0x000001f9   Thumb Code     2  startup_msp432p401r_uvision.o(.text)
    DebugMon_Handler                         0x000001fd   Thumb Code     2  startup_msp432p401r_uvision.o(.text)
    ADC14_IRQHandler                         0x00000203   Thumb Code     0  startup_msp432p401r_uvision.o(.text)
    AES256_IRQHandler                        0x00000203   Thumb Code     0  startup_msp432p401r_uvision.o(.text)
    COMP_E0_IRQHandler                       0x00000203   Thumb Code     0  startup_msp432p401r_uvision.o(.text)
    COMP_E1_IRQHandler                       0x00000203   Thumb Code     0  startup_msp432p401r_uvision.o(.text)
    CS_IRQHandler                            0x00000203   Thumb Code     0  startup_msp432p401r_uvision.o(.text)
    DMA_ERR_IRQHandler                       0x00000203   Thumb Code     0  startup_msp432p401r_uvision.o(.text)
    DMA_INT0_IRQHandler                      0x00000203   Thumb Code     0  startup_msp432p401r_uvision.o(.text)
    DMA_INT1_IRQHandler                      0x00000203   Thumb Code     0  startup_msp432p401r_uvision.o(.text)
    DMA_INT2_IRQHandler                      0x00000203   Thumb Code     0  startup_msp432p401r_uvision.o(.text)
    DMA_INT3_IRQHandler                      0x00000203   Thumb Code     0  startup_msp432p401r_uvision.o(.text)
    EUSCIA0_IRQHandler                       0x00000203   Thumb Code     0  startup_msp432p401r_uvision.o(.text)
    EUSCIA1_IRQHandler                       0x00000203   Thumb Code     0  startup_msp432p401r_uvision.o(.text)
    EUSCIA2_IRQHandler                       0x00000203   Thumb Code     0  startup_msp432p401r_uvision.o(.text)
    EUSCIA3_IRQHandler                       0x00000203   Thumb Code     0  startup_msp432p401r_uvision.o(.text)
    EUSCIB0_IRQHandler                       0x00000203   Thumb Code     0  startup_msp432p401r_uvision.o(.text)
    EUSCIB1_IRQHandler                       0x00000203   Thumb Code     0  startup_msp432p401r_uvision.o(.text)
    EUSCIB2_IRQHandler                       0x00000203   Thumb Code     0  startup_msp432p401r_uvision.o(.text)
    EUSCIB3_IRQHandler                       0x00000203   Thumb Code     0  startup_msp432p401r_uvision.o(.text)
    FLCTL_IRQHandler                         0x00000203   Thumb Code     0  startup_msp432p401r_uvision.o(.text)
    FPU_IRQHandler                           0x00000203   Thumb Code     0  startup_msp432p401r_uvision.o(.text)
    PCM_IRQHandler                           0x00000203   Thumb Code     0  startup_msp432p401r_uvision.o(.text)
    PORT1_IRQHandler                         0x00000203   Thumb Code     0  startup_msp432p401r_uvision.o(.text)
    PORT2_IRQHandler                         0x00000203   Thumb Code     0  startup_msp432p401r_uvision.o(.text)
    PORT3_IRQHandler                         0x00000203   Thumb Code     0  startup_msp432p401r_uvision.o(.text)
    PORT4_IRQHandler                         0x00000203   Thumb Code     0  startup_msp432p401r_uvision.o(.text)
    PORT5_IRQHandler                         0x00000203   Thumb Code     0  startup_msp432p401r_uvision.o(.text)
    PORT6_IRQHandler                         0x00000203   Thumb Code     0  startup_msp432p401r_uvision.o(.text)
    PSS_IRQHandler                           0x00000203   Thumb Code     0  startup_msp432p401r_uvision.o(.text)
    RTC_C_IRQHandler                         0x00000203   Thumb Code     0  startup_msp432p401r_uvision.o(.text)
    T32_INT1_IRQHandler                      0x00000203   Thumb Code     0  startup_msp432p401r_uvision.o(.text)
    T32_INT2_IRQHandler                      0x00000203   Thumb Code     0  startup_msp432p401r_uvision.o(.text)
    T32_INTC_IRQHandler                      0x00000203   Thumb Code     0  startup_msp432p401r_uvision.o(.text)
    TA0_0_IRQHandler                         0x00000203   Thumb Code     0  startup_msp432p401r_uvision.o(.text)
    TA0_N_IRQHandler                         0x00000203   Thumb Code     0  startup_msp432p401r_uvision.o(.text)
    TA1_0_IRQHandler                         0x00000203   Thumb Code     0  startup_msp432p401r_uvision.o(.text)
    TA1_N_IRQHandler                         0x00000203   Thumb Code     0  startup_msp432p401r_uvision.o(.text)
    TA2_0_IRQHandler                         0x00000203   Thumb Code     0  startup_msp432p401r_uvision.o(.text)
    TA2_N_IRQHandler                         0x00000203   Thumb Code     0  startup_msp432p401r_uvision.o(.text)
    TA3_0_IRQHandler                         0x00000203   Thumb Code     0  startup_msp432p401r_uvision.o(.text)
    TA3_N_IRQHandler                         0x00000203   Thumb Code     0  startup_msp432p401r_uvision.o(.text)
    WDT_A_IRQHandler                         0x00000203   Thumb Code     0  startup_msp432p401r_uvision.o(.text)
    __scatterload                            0x0000020d   Thumb Code    28  init.o(.text)
    __scatterload_rt2                        0x0000020d   Thumb Code     0  init.o(.text)
    SysTick_Handler                          0x00000231   Thumb Code     2  hal_cm.o(i.SysTick_Handler)
    SystemInit                               0x00000235   Thumb Code    74  system_msp432p401r.o(i.SystemInit)
    __scatterload_copy                       0x00000291   Thumb Code    14  handlers.o(i.__scatterload_copy)
    __scatterload_null                       0x0000029f   Thumb Code     2  handlers.o(i.__scatterload_null)
    __scatterload_zeroinit                   0x000002a1   Thumb Code    14  handlers.o(i.__scatterload_zeroinit)
    main                                     0x000002af   Thumb Code     4  startup.o(i.main)
    Region$$Table$$Base                      0x000002b4   Number         0  anon$$obj.o(Region$$Table)
    Region$$Table$$Limit                     0x000002c4   Number         0  anon$$obj.o(Region$$Table)
    __initial_sp                             0x20000200   Data           0  startup_msp432p401r_uvision.o(STACK)



==============================================================================

Memory Map of the image

  Image Entry point : 0x00000145

  Load Region LR_IROM1 (Base: 0x00000000, Size: 0x000002c4, Max: 0x00040000, ABSOLUTE)

    Execution Region ER_IROM1 (Base: 0x00000000, Size: 0x000002c4, Max: 0x00040000, ABSOLUTE)

    Base Addr    Size         Type   Attr      Idx    E Section Name        Object

    0x00000000   0x00000144   Data   RO         4284    RESET               startup_msp432p401r_uvision.o
    0x00000144   0x00000000   Code   RO         4325  * .ARM.Collect$$$$00000000  mc_w.l(entry.o)
    0x00000144   0x00000004   Code   RO         4348    .ARM.Collect$$$$00000001  mc_w.l(entry2.o)
    0x00000148   0x00000004   Code   RO         4351    .ARM.Collect$$$$00000004  mc_w.l(entry5.o)
    0x0000014c   0x00000000   Code   RO         4353    .ARM.Collect$$$$00000008  mc_w.l(entry7b.o)
    0x0000014c   0x00000000   Code   RO         4355    .ARM.Collect$$$$0000000A  mc_w.l(entry8b.o)
    0x0000014c   0x00000008   Code   RO         4356    .ARM.Collect$$$$0000000B  mc_w.l(entry9a.o)
    0x00000154   0x00000000   Code   RO         4358    .ARM.Collect$$$$0000000D  mc_w.l(entry10a.o)
    0x00000154   0x00000000   Code   RO         4360    .ARM.Collect$$$$0000000F  mc_w.l(entry11a.o)
    0x00000154   0x00000004   Code   RO         4349    .ARM.Collect$$$$00002712  mc_w.l(entry2.o)
    0x00000158   0x00000090   Code   RO          329    .emb_text           hal_cm.o
    0x000001e8   0x00000024   Code   RO         4285    .text               startup_msp432p401r_uvision.o
    0x0000020c   0x00000024   Code   RO         4365    .text               mc_w.l(init.o)
    0x00000230   0x00000002   Code   RO          330    i.SysTick_Handler   hal_cm.o
    0x00000232   0x00000002   PAD
    0x00000234   0x0000005c   Code   RO         4293    i.SystemInit        system_msp432p401r.o
    0x00000290   0x0000000e   Code   RO         4369    i.__scatterload_copy  mc_w.l(handlers.o)
    0x0000029e   0x00000002   Code   RO         4370    i.__scatterload_null  mc_w.l(handlers.o)
    0x000002a0   0x0000000e   Code   RO         4371    i.__scatterload_zeroinit  mc_w.l(handlers.o)
    0x000002ae   0x00000004   Code   RO            1    i.main              startup.o
    0x000002b2   0x00000002   PAD
    0x000002b4   0x00000010   Data   RO         4367    Region$$Table       anon$$obj.o


    Execution Region RW_IRAM1 (Base: 0x20000000, Size: 0x00000200, Max: 0x00010000, ABSOLUTE)

    Base Addr    Size         Type   Attr      Idx    E Section Name        Object

    0x20000000   0x00000200   Zero   RW         4282    STACK               startup_msp432p401r_uvision.o


==============================================================================

Image component sizes


      Code (inc. data)   RO Data    RW Data    ZI Data      Debug   Object Name

       146          8          0          0          0        954   hal_cm.o
         4          0          0          0          0       1819   startup.o
        36          8        324          0        512        796   startup_msp432p401r_uvision.o
        92         18          0          0          0        457   system_msp432p401r.o

    ----------------------------------------------------------------------
       282         34        340          0        512       4026   Object Totals
         0          0         16          0          0          0   (incl. Generated)
         4          0          0          0          0          0   (incl. Padding)

    ----------------------------------------------------------------------

      Code (inc. data)   RO Data    RW Data    ZI Data      Debug   Library Member Name

         0          0          0          0          0          0   entry.o
         0          0          0          0          0          0   entry10a.o
         0          0          0          0          0          0   entry11a.o
         8          4          0          0          0          0   entry2.o
         4          0          0          0          0          0   entry5.o
         0          0          0          0          0          0   entry7b.o
         0          0          0          0          0          0   entry8b.o
         8          4          0          0          0          0   entry9a.o
        30          0          0          0          0          0   handlers.o
        36          8          0          0          0         68   init.o

    ----------------------------------------------------------------------
        86         16          0          0          0         68   Library Totals
         0          0          0          0          0          0   (incl. Padding)

    ----------------------------------------------------------------------

      Code (inc. data)   RO Data    RW Data    ZI Data      Debug   Library Name

        86         16          0          0          0         68   mc_w.l

    ----------------------------------------------------------------------
        86         16          0          0          0         68   Library Totals

    ----------------------------------------------------------------------

==============================================================================


      Code (inc. data)   RO Data    RW Data    ZI Data      Debug   

       368         50        340          0        512       4194   Grand Totals
       368         50        340          0        512       4194   ELF Image Totals
       368         50        340          0          0          0   ROM Totals

==============================================================================

    Total RO  Size (Code + RO Data)                  708 (   0.69kB)
    Total RW  Size (RW Data + ZI Data)               512 (   0.50kB)
    Total ROM Size (Code + RO Data + RW Data)        708 (   0.69kB)

==============================================================================

