Component: ARM Compiler 5.06 update 4 (build 422) Tool: armlink [4d35d2]

==============================================================================

Section Cross References

    startup.o(i.main) refers to hal_support.o(i.osHal_CoreInit) for osHal_CoreInit
    startup.o(i.main) refers to stm32f7xx_nucleo_144.o(i.BSP_LED_Init) for BSP_LED_Init
    startup.o(i.main) refers to init.o(i.osSys_KernelInitialize) for osSys_KernelInitialize
    startup.o(i.main) refers to init.o(i.osSys_ModulesInit) for osSys_ModulesInit
    startup.o(i.main) refers to thread.o(i.osThread_Create) for osThread_Create
    startup.o(i.main) refers to thread.o(i.osThread_Ready) for osThread_Ready
    startup.o(i.main) refers to timer.o(i.osTimer_Create) for osTimer_Create
    startup.o(i.main) refers to timer.o(i.osTimer_Start) for osTimer_Start
    startup.o(i.main) refers to init.o(i.osSys_KernelStartup) for osSys_KernelStartup
    startup.o(i.main) refers to startup.o(.data) for os_Thread_threadDemo3
    startup.o(i.os_ThreadFunc_threadDemo1) refers to console.o(i.mLog_ThreadPrintf) for mLog_ThreadPrintf
    startup.o(i.os_ThreadFunc_threadDemo1) refers to thread.o(i.osThread_Delay) for osThread_Delay
    startup.o(i.os_ThreadFunc_threadDemo1) refers to buddy.o(.bss) for osMem_Info
    startup.o(i.os_ThreadFunc_threadDemo2) refers to console.o(i.mLog_ThreadPrintf) for mLog_ThreadPrintf
    startup.o(i.os_ThreadFunc_threadDemo2) refers to thread.o(i.osThread_Create) for osThread_Create
    startup.o(i.os_ThreadFunc_threadDemo2) refers to thread.o(i.osThread_Ready) for osThread_Ready
    startup.o(i.os_ThreadFunc_threadDemo2) refers to thread.o(i.osThread_Delay) for osThread_Delay
    startup.o(i.os_ThreadFunc_threadDemo2) refers to buddy.o(.bss) for osMem_Info
    startup.o(i.os_ThreadFunc_threadDemo2) refers to startup.o(.data) for os_Thread_threadDemo1
    startup.o(i.os_ThreadFunc_threadDemo3) refers to console.o(i.mLog_ThreadPrintf) for mLog_ThreadPrintf
    startup.o(i.os_ThreadFunc_threadDemo3) refers to thread.o(i.osThread_Create) for osThread_Create
    startup.o(i.os_ThreadFunc_threadDemo3) refers to thread.o(i.osThread_Ready) for osThread_Ready
    startup.o(i.os_ThreadFunc_threadDemo3) refers to thread.o(i.osThread_Delay) for osThread_Delay
    startup.o(i.os_ThreadFunc_threadDemo3) refers to buddy.o(.bss) for osMem_Info
    startup.o(i.os_ThreadFunc_threadDemo3) refers to startup.o(.data) for os_Thread_threadDemo2
    startup.o(i.os_TimerCB_timerDemo1) refers to stm32f7xx_nucleo_144.o(i.BSP_LED_Toggle) for BSP_LED_Toggle
    startup.o(i.os_TimerCB_timerDemo2) refers to stm32f7xx_nucleo_144.o(i.BSP_LED_Toggle) for BSP_LED_Toggle
    startup.o(i.os_TimerCB_timerDemo3) refers to stm32f7xx_nucleo_144.o(i.BSP_LED_Toggle) for BSP_LED_Toggle
    startup.o(.data) refers to startup.o(i.os_ThreadFunc_threadDemo1) for os_ThreadFunc_threadDemo1
    startup.o(.data) refers to startup.o(i.os_ThreadFunc_threadDemo2) for os_ThreadFunc_threadDemo2
    startup.o(.data) refers to startup.o(i.os_ThreadFunc_threadDemo3) for os_ThreadFunc_threadDemo3
    startup.o(.data) refers to startup.o(i.os_TimerCB_timerDemo1) for os_TimerCB_timerDemo1
    startup.o(.data) refers to startup.o(i.os_TimerCB_timerDemo2) for os_TimerCB_timerDemo2
    startup.o(.data) refers to startup.o(i.os_TimerCB_timerDemo3) for os_TimerCB_timerDemo3
    stm32f7xx_nucleo_144.o(i.BSP_LED_DeInit) refers to stm32f7xx_hal_gpio.o(i.HAL_GPIO_WritePin) for HAL_GPIO_WritePin
    stm32f7xx_nucleo_144.o(i.BSP_LED_DeInit) refers to stm32f7xx_hal_gpio.o(i.HAL_GPIO_DeInit) for HAL_GPIO_DeInit
    stm32f7xx_nucleo_144.o(i.BSP_LED_DeInit) refers to stm32f7xx_nucleo_144.o(.constdata) for GPIO_PIN
    stm32f7xx_nucleo_144.o(i.BSP_LED_DeInit) refers to stm32f7xx_nucleo_144.o(.data) for GPIO_PORT
    stm32f7xx_nucleo_144.o(i.BSP_LED_Init) refers to stm32f7xx_hal_gpio.o(i.HAL_GPIO_Init) for HAL_GPIO_Init
    stm32f7xx_nucleo_144.o(i.BSP_LED_Init) refers to stm32f7xx_hal_gpio.o(i.HAL_GPIO_WritePin) for HAL_GPIO_WritePin
    stm32f7xx_nucleo_144.o(i.BSP_LED_Init) refers to stm32f7xx_nucleo_144.o(.constdata) for GPIO_PIN
    stm32f7xx_nucleo_144.o(i.BSP_LED_Init) refers to stm32f7xx_nucleo_144.o(.data) for GPIO_PORT
    stm32f7xx_nucleo_144.o(i.BSP_LED_Off) refers to stm32f7xx_hal_gpio.o(i.HAL_GPIO_WritePin) for HAL_GPIO_WritePin
    stm32f7xx_nucleo_144.o(i.BSP_LED_Off) refers to stm32f7xx_nucleo_144.o(.constdata) for GPIO_PIN
    stm32f7xx_nucleo_144.o(i.BSP_LED_Off) refers to stm32f7xx_nucleo_144.o(.data) for GPIO_PORT
    stm32f7xx_nucleo_144.o(i.BSP_LED_On) refers to stm32f7xx_hal_gpio.o(i.HAL_GPIO_WritePin) for HAL_GPIO_WritePin
    stm32f7xx_nucleo_144.o(i.BSP_LED_On) refers to stm32f7xx_nucleo_144.o(.constdata) for GPIO_PIN
    stm32f7xx_nucleo_144.o(i.BSP_LED_On) refers to stm32f7xx_nucleo_144.o(.data) for GPIO_PORT
    stm32f7xx_nucleo_144.o(i.BSP_LED_Toggle) refers to stm32f7xx_hal_gpio.o(i.HAL_GPIO_TogglePin) for HAL_GPIO_TogglePin
[...]
    Removing stm32f7xx_hal_pwr.o(i.HAL_PWR_DisableBkUpAccess), (20 bytes).
    Removing stm32f7xx_hal_pwr.o(i.HAL_PWR_DisablePVD), (20 bytes).
    Removing stm32f7xx_hal_pwr.o(i.HAL_PWR_DisableSEVOnPend), (20 bytes).
    Removing stm32f7xx_hal_pwr.o(i.HAL_PWR_DisableSleepOnExit), (20 bytes).
    Removing stm32f7xx_hal_pwr.o(i.HAL_PWR_DisableWakeUpPin), (16 bytes).
    Removing stm32f7xx_hal_pwr.o(i.HAL_PWR_EnableBkUpAccess), (20 bytes).
    Removing stm32f7xx_hal_pwr.o(i.HAL_PWR_EnablePVD), (20 bytes).
    Removing stm32f7xx_hal_pwr.o(i.HAL_PWR_EnableSEVOnPend), (20 bytes).
    Removing stm32f7xx_hal_pwr.o(i.HAL_PWR_EnableSleepOnExit), (20 bytes).
    Removing stm32f7xx_hal_pwr.o(i.HAL_PWR_EnableWakeUpPin), (40 bytes).
    Removing stm32f7xx_hal_pwr.o(i.HAL_PWR_EnterSLEEPMode), (32 bytes).
    Removing stm32f7xx_hal_pwr.o(i.HAL_PWR_EnterSTANDBYMode), (40 bytes).
    Removing stm32f7xx_hal_pwr.o(i.HAL_PWR_EnterSTOPMode), (68 bytes).
    Removing stm32f7xx_hal_pwr.o(i.HAL_PWR_PVDCallback), (2 bytes).
    Removing stm32f7xx_hal_pwr.o(i.HAL_PWR_PVD_IRQHandler), (32 bytes).
    Removing stm32f7xx_hal_pwr_ex.o(.rev16_text), (4 bytes).
    Removing stm32f7xx_hal_pwr_ex.o(.revsh_text), (4 bytes).
    Removing stm32f7xx_hal_pwr_ex.o(.rrx_text), (6 bytes).
    Removing stm32f7xx_hal_pwr_ex.o(i.HAL_PWREx_ControlVoltageScaling), (236 bytes).
    Removing stm32f7xx_hal_pwr_ex.o(i.HAL_PWREx_DisableBkUpReg), (72 bytes).
    Removing stm32f7xx_hal_pwr_ex.o(i.HAL_PWREx_DisableFlashPowerDown), (20 bytes).
    Removing stm32f7xx_hal_pwr_ex.o(i.HAL_PWREx_DisableLowRegulatorLowVoltage), (20 bytes).
    Removing stm32f7xx_hal_pwr_ex.o(i.HAL_PWREx_DisableMainRegulatorLowVoltage), (20 bytes).
    Removing stm32f7xx_hal_pwr_ex.o(i.HAL_PWREx_DisableOverDrive), (144 bytes).
    Removing stm32f7xx_hal_pwr_ex.o(i.HAL_PWREx_EnableBkUpReg), (72 bytes).
    Removing stm32f7xx_hal_pwr_ex.o(i.HAL_PWREx_EnableFlashPowerDown), (20 bytes).
    Removing stm32f7xx_hal_pwr_ex.o(i.HAL_PWREx_EnableLowRegulatorLowVoltage), (20 bytes).
    Removing stm32f7xx_hal_pwr_ex.o(i.HAL_PWREx_EnableMainRegulatorLowVoltage), (20 bytes).
    Removing stm32f7xx_hal_pwr_ex.o(i.HAL_PWREx_EnterUnderDriveSTOPMode), (164 bytes).
    Removing stm32f7xx_hal_pwr_ex.o(i.HAL_PWREx_GetVoltageRange), (16 bytes).
    Removing stm32f7xx_hal_rcc.o(.rev16_text), (4 bytes).
    Removing stm32f7xx_hal_rcc.o(.revsh_text), (4 bytes).
    Removing stm32f7xx_hal_rcc.o(.rrx_text), (6 bytes).
    Removing stm32f7xx_hal_rcc.o(i.HAL_RCC_CSSCallback), (2 bytes).
    Removing stm32f7xx_hal_rcc.o(i.HAL_RCC_DeInit), (128 bytes).
    Removing stm32f7xx_hal_rcc.o(i.HAL_RCC_DisableCSS), (20 bytes).
    Removing stm32f7xx_hal_rcc.o(i.HAL_RCC_EnableCSS), (20 bytes).
    Removing stm32f7xx_hal_rcc.o(i.HAL_RCC_GetClockConfig), (68 bytes).
    Removing stm32f7xx_hal_rcc.o(i.HAL_RCC_GetOscConfig), (296 bytes).
    Removing stm32f7xx_hal_rcc.o(i.HAL_RCC_MCOConfig), (184 bytes).
    Removing stm32f7xx_hal_rcc.o(i.HAL_RCC_NMI_IRQHandler), (32 bytes).
    Removing stm32f7xx_hal_rcc.o(i.HAL_RCC_OscConfig), (1216 bytes).
    Removing stm32f7xx_hal_rcc_ex.o(.rev16_text), (4 bytes).
    Removing stm32f7xx_hal_rcc_ex.o(.revsh_text), (4 bytes).
    Removing stm32f7xx_hal_rcc_ex.o(.rrx_text), (6 bytes).
    Removing stm32f7xx_hal_rcc_ex.o(i.HAL_RCCEx_GetPeriphCLKConfig), (604 bytes).
    Removing stm32f7xx_hal_rcc_ex.o(i.HAL_RCCEx_GetPeriphCLKFreq), (516 bytes).
    Removing stm32f7xx_hal_uart.o(.rev16_text), (4 bytes).
    Removing stm32f7xx_hal_uart.o(.revsh_text), (4 bytes).
    Removing stm32f7xx_hal_uart.o(.rrx_text), (6 bytes).
    Removing stm32f7xx_hal_uart.o(i.HAL_HalfDuplex_EnableReceiver), (74 bytes).
    Removing stm32f7xx_hal_uart.o(i.HAL_HalfDuplex_EnableTransmitter), (74 bytes).
    Removing stm32f7xx_hal_uart.o(i.HAL_HalfDuplex_Init), (124 bytes).
    Removing stm32f7xx_hal_uart.o(i.HAL_LIN_Init), (140 bytes).
    Removing stm32f7xx_hal_uart.o(i.HAL_LIN_SendBreak), (62 bytes).
    Removing stm32f7xx_hal_uart.o(i.HAL_MultiProcessorEx_AddressLength_Set), (64 bytes).
    Removing stm32f7xx_hal_uart.o(i.HAL_MultiProcessor_DisableMuteMode), (58 bytes).
    Removing stm32f7xx_hal_uart.o(i.HAL_MultiProcessor_EnableMuteMode), (58 bytes).
    Removing stm32f7xx_hal_uart.o(i.HAL_MultiProcessor_EnterMuteMode), (14 bytes).
    Removing stm32f7xx_hal_uart.o(i.HAL_MultiProcessor_Init), (148 bytes).
    Removing stm32f7xx_hal_uart.o(i.HAL_RS485Ex_Init), (156 bytes).
    Removing stm32f7xx_hal_uart.o(i.HAL_UART_DMAPause), (122 bytes).
    Removing stm32f7xx_hal_uart.o(i.HAL_UART_DMAResume), (120 bytes).
    Removing stm32f7xx_hal_uart.o(i.HAL_UART_DMAStop), (100 bytes).
    Removing stm32f7xx_hal_uart.o(i.HAL_UART_DeInit), (72 bytes).
    Removing stm32f7xx_hal_uart.o(i.HAL_UART_ErrorCallback), (2 bytes).
    Removing stm32f7xx_hal_uart.o(i.HAL_UART_GetError), (6 bytes).
    Removing stm32f7xx_hal_uart.o(i.HAL_UART_GetState), (20 bytes).
    Removing stm32f7xx_hal_uart.o(i.HAL_UART_IRQHandler), (348 bytes).
    Removing stm32f7xx_hal_uart.o(i.HAL_UART_MspDeInit), (2 bytes).
    Removing stm32f7xx_hal_uart.o(i.HAL_UART_Receive), (274 bytes).
    Removing stm32f7xx_hal_uart.o(i.HAL_UART_Receive_DMA), (172 bytes).
    Removing stm32f7xx_hal_uart.o(i.HAL_UART_Receive_IT), (200 bytes).
    Removing stm32f7xx_hal_uart.o(i.HAL_UART_RxCpltCallback), (2 bytes).
    Removing stm32f7xx_hal_uart.o(i.HAL_UART_RxHalfCpltCallback), (2 bytes).
    Removing stm32f7xx_hal_uart.o(i.HAL_UART_Transmit_DMA), (160 bytes).
    Removing stm32f7xx_hal_uart.o(i.HAL_UART_Transmit_IT), (90 bytes).
    Removing stm32f7xx_hal_uart.o(i.HAL_UART_TxCpltCallback), (2 bytes).
    Removing stm32f7xx_hal_uart.o(i.HAL_UART_TxHalfCpltCallback), (2 bytes).
    Removing stm32f7xx_hal_uart.o(i.UART_DMAAbortOnError), (24 bytes).
    Removing stm32f7xx_hal_uart.o(i.UART_DMAError), (78 bytes).
    Removing stm32f7xx_hal_uart.o(i.UART_DMAReceiveCplt), (72 bytes).
    Removing stm32f7xx_hal_uart.o(i.UART_DMARxHalfCplt), (14 bytes).
    Removing stm32f7xx_hal_uart.o(i.UART_DMATransmitCplt), (56 bytes).
    Removing stm32f7xx_hal_uart.o(i.UART_DMATxHalfCplt), (14 bytes).
    Removing stm32f7xx_hal_uart.o(i.UART_EndRxTransfer), (32 bytes).
    Removing stm32f7xx_hal_uart.o(i.UART_EndTransmit_IT), (32 bytes).
    Removing stm32f7xx_hal_uart.o(i.UART_EndTxTransfer), (20 bytes).
    Removing stm32f7xx_hal_uart.o(i.UART_Receive_IT), (136 bytes).
    Removing stm32f7xx_hal_uart.o(i.UART_Transmit_IT), (106 bytes).
    Removing startup_stm32f767xx.o(HEAP), (512 bytes).
    Removing system_stm32f7xx.o(.rev16_text), (4 bytes).
    Removing system_stm32f7xx.o(.revsh_text), (4 bytes).
    Removing system_stm32f7xx.o(.rrx_text), (6 bytes).
    Removing system_stm32f7xx.o(i.SystemCoreClockUpdate), (192 bytes).

265 unused section(s) (total 19236 bytes) removed from the image.

==============================================================================

Image Symbol Table

    Local Symbols

    Symbol Name                              Value     Ov Type        Size  Object(Section)

    ../clib/../cmprslib/zerorunl2.c          0x00000000   Number         0  __dczerorl2.o ABSOLUTE
    ../clib/microlib/division.c              0x00000000   Number         0  uidiv.o ABSOLUTE
    ../clib/microlib/division.c              0x00000000   Number         0  uldiv.o ABSOLUTE
    ../clib/microlib/init/entry.s            0x00000000   Number         0  entry7b.o ABSOLUTE
    ../clib/microlib/init/entry.s            0x00000000   Number         0  entry8b.o ABSOLUTE
    ../clib/microlib/init/entry.s            0x00000000   Number         0  entry11a.o ABSOLUTE
    ../clib/microlib/init/entry.s            0x00000000   Number         0  entry5.o ABSOLUTE
    ../clib/microlib/init/entry.s            0x00000000   Number         0  entry8a.o ABSOLUTE
    ../clib/microlib/init/entry.s            0x00000000   Number         0  entry2.o ABSOLUTE
    ../clib/microlib/init/entry.s            0x00000000   Number         0  entry9b.o ABSOLUTE
    ../clib/microlib/init/entry.s            0x00000000   Number         0  entry.o ABSOLUTE
    ../clib/microlib/init/entry.s            0x00000000   Number         0  entry9a.o ABSOLUTE
    ../clib/microlib/init/entry.s            0x00000000   Number         0  entry7a.o ABSOLUTE
    ../clib/microlib/init/entry.s            0x00000000   Number         0  entry10a.o ABSOLUTE
    ../clib/microlib/init/entry.s            0x00000000   Number         0  entry10b.o ABSOLUTE
    ../clib/microlib/init/entry.s            0x00000000   Number         0  entry11b.o ABSOLUTE
    ../clib/microlib/longlong.c              0x00000000   Number         0  llsshr.o ABSOLUTE
    ../clib/microlib/longlong.c              0x00000000   Number         0  llushr.o ABSOLUTE
    ../clib/microlib/longlong.c              0x00000000   Number         0  llshl.o ABSOLUTE
    ../clib/microlib/printf/printf.c         0x00000000   Number         0  printf4.o ABSOLUTE
    ../clib/microlib/printf/printf.c         0x00000000   Number         0  printf3.o ABSOLUTE
    ../clib/microlib/printf/printf.c         0x00000000   Number         0  printf1.o ABSOLUTE
    ../clib/microlib/printf/printf.c         0x00000000   Number         0  printf2.o ABSOLUTE
    ../clib/microlib/printf/printf.c         0x00000000   Number         0  printfb.o ABSOLUTE
    ../clib/microlib/printf/printf.c         0x00000000   Number         0  printf8.o ABSOLUTE
    ../clib/microlib/printf/printf.c         0x00000000   Number         0  printf6.o ABSOLUTE
    ../clib/microlib/printf/printf.c         0x00000000   Number         0  printf7.o ABSOLUTE
    ../clib/microlib/printf/printf.c         0x00000000   Number         0  printfa.o ABSOLUTE
    ../clib/microlib/printf/printf.c         0x00000000   Number         0  printf0.o ABSOLUTE
    ../clib/microlib/printf/printf.c         0x00000000   Number         0  printf5.o ABSOLUTE
    ../clib/microlib/printf/stubs.s          0x00000000   Number         0  stubs.o ABSOLUTE
    ../clib/microlib/stdio/streams.c         0x00000000   Number         0  stdout.o ABSOLUTE
    ../clib/microlib/string/memcpy.c         0x00000000   Number         0  memcpyb.o ABSOLUTE
    ../clib/microlib/string/memcpy.c         0x00000000   Number         0  memcpya.o ABSOLUTE
    ../clib/microlib/string/strcpy.c         0x00000000   Number         0  strcpy.o ABSOLUTE
    ../clib/microlib/stubs.s                 0x00000000   Number         0  iusefp.o ABSOLUTE
    ../fplib/microlib/fpadd.c                0x00000000   Number         0  dadd.o ABSOLUTE
    ../fplib/microlib/fpdiv.c                0x00000000   Number         0  ddiv.o ABSOLUTE
    ../fplib/microlib/fpepilogue.c           0x00000000   Number         0  depilogue.o ABSOLUTE
    ../fplib/microlib/fpfix.c                0x00000000   Number         0  dfixul.o ABSOLUTE
    ../fplib/microlib/fpmul.c                0x00000000   Number         0  dmul.o ABSOLUTE
    ..\\os\\addons\\console\\con_Port.c      0x00000000   Number         0  con_port.o ABSOLUTE
    ..\\os\\addons\\console\\console.c       0x00000000   Number         0  console.o ABSOLUTE
    ..\\os\\arch\\hal_Support.c              0x00000000   Number         0  hal_support.o ABSOLUTE
    ..\\os\\arch\\hal_cm.c                   0x00000000   Number         0  hal_cm.o ABSOLUTE
    ..\\os\\init\\init.c                     0x00000000   Number         0  init.o ABSOLUTE
    ..\\os\\kernel\\idle.c                   0x00000000   Number         0  idle.o ABSOLUTE
    ..\\os\\kernel\\irq.c                    0x00000000   Number         0  irq.o ABSOLUTE
    ..\\os\\kernel\\schedule.c               0x00000000   Number         0  schedule.o ABSOLUTE
    ..\\os\\kernel\\thread.c                 0x00000000   Number         0  thread.o ABSOLUTE
    ..\\os\\kernel\\timer.c                  0x00000000   Number         0  timer.o ABSOLUTE
    ..\\os\\lib\\ringBuffer.c                0x00000000   Number         0  ringbuffer.o ABSOLUTE
    ..\\os\\mm\\buddy.c                      0x00000000   Number         0  buddy.o ABSOLUTE
    ..\\os\\pm\\signal.c                     0x00000000   Number         0  signal.o ABSOLUTE
    ..\os\addons\console\con_Port.c          0x00000000   Number         0  con_port.o ABSOLUTE
    ..\os\addons\console\console.c           0x00000000   Number         0  console.o ABSOLUTE
    ..\os\arch\hal_Support.c                 0x00000000   Number         0  hal_support.o ABSOLUTE
    ..\os\arch\hal_cm.c                      0x00000000   Number         0  hal_cm.o ABSOLUTE
    ..\os\init\init.c                        0x00000000   Number         0  init.o ABSOLUTE
    ..\os\kernel\idle.c                      0x00000000   Number         0  idle.o ABSOLUTE
    ..\os\kernel\irq.c                       0x00000000   Number         0  irq.o ABSOLUTE
    ..\os\kernel\schedule.c                  0x00000000   Number         0  schedule.o ABSOLUTE
    ..\os\kernel\thread.c                    0x00000000   Number         0  thread.o ABSOLUTE
    ..\os\kernel\timer.c                     0x00000000   Number         0  timer.o ABSOLUTE
    ..\os\lib\ringBuffer.c                   0x00000000   Number         0  ringbuffer.o ABSOLUTE
    ..\os\mm\buddy.c                         0x00000000   Number         0  buddy.o ABSOLUTE
    ..\os\pm\signal.c                        0x00000000   Number         0  signal.o ABSOLUTE
    G:\Program Files\Develop\keil5\ARM\PACK\Keil\STM32F7xx_DFP\2.7.0\Drivers\STM32F7xx_HAL_Driver\Src\stm32f7xx_hal.c 0x00000000   Number         0  stm32f7xx_hal.o ABSOLUTE
    G:\Program Files\Develop\keil5\ARM\PACK\Keil\STM32F7xx_DFP\2.7.0\Drivers\STM32F7xx_HAL_Driver\Src\stm32f7xx_hal_cortex.c 0x00000000   Number         0  stm32f7xx_hal_cortex.o ABSOLUTE
    G:\Program Files\Develop\keil5\ARM\PACK\Keil\STM32F7xx_DFP\2.7.0\Drivers\STM32F7xx_HAL_Driver\Src\stm32f7xx_hal_dma.c 0x00000000   Number         0  stm32f7xx_hal_dma.o ABSOLUTE
    G:\Program Files\Develop\keil5\ARM\PACK\Keil\STM32F7xx_DFP\2.7.0\Drivers\STM32F7xx_HAL_Driver\Src\stm32f7xx_hal_dma_ex.c 0x00000000   Number         0  stm32f7xx_hal_dma_ex.o ABSOLUTE
    G:\Program Files\Develop\keil5\ARM\PACK\Keil\STM32F7xx_DFP\2.7.0\Drivers\STM32F7xx_HAL_Driver\Src\stm32f7xx_hal_gpio.c 0x00000000   Number         0  stm32f7xx_hal_gpio.o ABSOLUTE
    G:\Program Files\Develop\keil5\ARM\PACK\Keil\STM32F7xx_DFP\2.7.0\Drivers\STM32F7xx_HAL_Driver\Src\stm32f7xx_hal_pwr.c 0x00000000   Number         0  stm32f7xx_hal_pwr.o ABSOLUTE
    G:\Program Files\Develop\keil5\ARM\PACK\Keil\STM32F7xx_DFP\2.7.0\Drivers\STM32F7xx_HAL_Driver\Src\stm32f7xx_hal_pwr_ex.c 0x00000000   Number         0  stm32f7xx_hal_pwr_ex.o ABSOLUTE
    G:\Program Files\Develop\keil5\ARM\PACK\Keil\STM32F7xx_DFP\2.7.0\Drivers\STM32F7xx_HAL_Driver\Src\stm32f7xx_hal_rcc.c 0x00000000   Number         0  stm32f7xx_hal_rcc.o ABSOLUTE
    G:\Program Files\Develop\keil5\ARM\PACK\Keil\STM32F7xx_DFP\2.7.0\Drivers\STM32F7xx_HAL_Driver\Src\stm32f7xx_hal_rcc_ex.c 0x00000000   Number         0  stm32f7xx_hal_rcc_ex.o ABSOLUTE
    G:\Program Files\Develop\keil5\ARM\PACK\Keil\STM32F7xx_DFP\2.7.0\Drivers\STM32F7xx_HAL_Driver\Src\stm32f7xx_hal_uart.c 0x00000000   Number         0  stm32f7xx_hal_uart.o ABSOLUTE
    G:\\Program Files\\Develop\\keil5\\ARM\\PACK\\Keil\\STM32F7xx_DFP\\2.7.0\\Drivers\\STM32F7xx_HAL_Driver\\Src\\stm32f7xx_hal.c 0x00000000   Number         0  stm32f7xx_hal.o ABSOLUTE
    G:\\Program Files\\Develop\\keil5\\ARM\\PACK\\Keil\\STM32F7xx_DFP\\2.7.0\\Drivers\\STM32F7xx_HAL_Driver\\Src\\stm32f7xx_hal_cortex.c 0x00000000   Number         0  stm32f7xx_hal_cortex.o ABSOLUTE
    G:\\Program Files\\Develop\\keil5\\ARM\\PACK\\Keil\\STM32F7xx_DFP\\2.7.0\\Drivers\\STM32F7xx_HAL_Driver\\Src\\stm32f7xx_hal_dma.c 0x00000000   Number         0  stm32f7xx_hal_dma.o ABSOLUTE
    G:\\Program Files\\Develop\\keil5\\ARM\\PACK\\Keil\\STM32F7xx_DFP\\2.7.0\\Drivers\\STM32F7xx_HAL_Driver\\Src\\stm32f7xx_hal_dma_ex.c 0x00000000   Number         0  stm32f7xx_hal_dma_ex.o ABSOLUTE
    G:\\Program Files\\Develop\\keil5\\ARM\\PACK\\Keil\\STM32F7xx_DFP\\2.7.0\\Drivers\\STM32F7xx_HAL_Driver\\Src\\stm32f7xx_hal_gpio.c 0x00000000   Number         0  stm32f7xx_hal_gpio.o ABSOLUTE
    G:\\Program Files\\Develop\\keil5\\ARM\\PACK\\Keil\\STM32F7xx_DFP\\2.7.0\\Drivers\\STM32F7xx_HAL_Driver\\Src\\stm32f7xx_hal_pwr.c 0x00000000   Number         0  stm32f7xx_hal_pwr.o ABSOLUTE
    G:\\Program Files\\Develop\\keil5\\ARM\\PACK\\Keil\\STM32F7xx_DFP\\2.7.0\\Drivers\\STM32F7xx_HAL_Driver\\Src\\stm32f7xx_hal_pwr_ex.c 0x00000000   Number         0  stm32f7xx_hal_pwr_ex.o ABSOLUTE
    G:\\Program Files\\Develop\\keil5\\ARM\\PACK\\Keil\\STM32F7xx_DFP\\2.7.0\\Drivers\\STM32F7xx_HAL_Driver\\Src\\stm32f7xx_hal_rcc.c 0x00000000   Number         0  stm32f7xx_hal_rcc.o ABSOLUTE
    G:\\Program Files\\Develop\\keil5\\ARM\\PACK\\Keil\\STM32F7xx_DFP\\2.7.0\\Drivers\\STM32F7xx_HAL_Driver\\Src\\stm32f7xx_hal_rcc_ex.c 0x00000000   Number         0  stm32f7xx_hal_rcc_ex.o ABSOLUTE
    G:\\Program Files\\Develop\\keil5\\ARM\\PACK\\Keil\\STM32F7xx_DFP\\2.7.0\\Drivers\\STM32F7xx_HAL_Driver\\Src\\stm32f7xx_hal_uart.c 0x00000000   Number         0  stm32f7xx_hal_uart.o ABSOLUTE
    RTE\Device\STM32F767ZITx\startup_stm32f767xx.s 0x00000000   Number         0  startup_stm32f767xx.o ABSOLUTE
    RTE\Device\STM32F767ZITx\system_stm32f7xx.c 0x00000000   Number         0  system_stm32f7xx.o ABSOLUTE
    RTE\\Device\\STM32F767ZITx\\system_stm32f7xx.c 0x00000000   Number         0  system_stm32f7xx.o ABSOLUTE
    Source\\startup.c                        0x00000000   Number         0  startup.o ABSOLUTE
    Source\\stm32f7xx_nucleo_144.c           0x00000000   Number         0  stm32f7xx_nucleo_144.o ABSOLUTE
    Source\startup.c                         0x00000000   Number         0  startup.o ABSOLUTE
    Source\stm32f7xx_nucleo_144.c            0x00000000   Number         0  stm32f7xx_nucleo_144.o ABSOLUTE
    cdrcmple.s                               0x00000000   Number         0  cdrcmple.o ABSOLUTE
    dc.s                                     0x00000000   Number         0  dc.o ABSOLUTE
    handlers.s                               0x00000000   Number         0  handlers.o ABSOLUTE
    init.s                                   0x00000000   Number         0  init.o ABSOLUTE
    RESET                                    0x08000000   Section      504  startup_stm32f767xx.o(RESET)
    .ARM.Collect$$$$00000000                 0x080001f8   Section        0  entry.o(.ARM.Collect$$$$00000000)
    .ARM.Collect$$$$00000001                 0x080001f8   Section        4  entry2.o(.ARM.Collect$$$$00000001)
    .ARM.Collect$$$$00000004                 0x080001fc   Section        4  entry5.o(.ARM.Collect$$$$00000004)
    .ARM.Collect$$$$00000008                 0x08000200   Section        0  entry7b.o(.ARM.Collect$$$$00000008)
    .ARM.Collect$$$$0000000A                 0x08000200   Section        0  entry8b.o(.ARM.Collect$$$$0000000A)
    .ARM.Collect$$$$0000000B                 0x08000200   Section        8  entry9a.o(.ARM.Collect$$$$0000000B)
    .ARM.Collect$$$$0000000D                 0x08000208   Section        0  entry10a.o(.ARM.Collect$$$$0000000D)
    .ARM.Collect$$$$0000000F                 0x08000208   Section        0  entry11a.o(.ARM.Collect$$$$0000000F)
    .ARM.Collect$$$$00002712                 0x08000208   Section        4  entry2.o(.ARM.Collect$$$$00002712)
    __lit__00000000                          0x08000208   Data           4  entry2.o(.ARM.Collect$$$$00002712)
    .emb_text                                0x0800020c   Section      200  hal_cm.o(.emb_text)
    $v0                                      0x0800020c   Number         0  hal_cm.o(.emb_text)
    .text                                    0x080002d4   Section       36  startup_stm32f767xx.o(.text)
    $v0                                      0x080002d4   Number         0  startup_stm32f767xx.o(.text)
    .text                                    0x080002f8   Section        0  strcpy.o(.text)
    .text                                    0x0800030a   Section        0  uidiv.o(.text)
    .text                                    0x08000336   Section        0  uldiv.o(.text)
    .text                                    0x08000398   Section        0  iusefp.o(.text)
    .text                                    0x08000398   Section        0  dadd.o(.text)
    .text                                    0x080004e6   Section        0  dmul.o(.text)
    .text                                    0x080005ca   Section        0  ddiv.o(.text)
    .text                                    0x080006a8   Section        0  dfixul.o(.text)
    .text                                    0x080006d8   Section       48  cdrcmple.o(.text)
    .text                                    0x08000708   Section       36  init.o(.text)
    .text                                    0x0800072c   Section        0  llshl.o(.text)
    .text                                    0x0800074a   Section        0  llushr.o(.text)
    .text                                    0x0800076a   Section        0  llsshr.o(.text)
    .text                                    0x0800078e   Section        0  depilogue.o(.text)
    .text                                    0x08000848   Section        0  __dczerorl2.o(.text)
    i.BSP_LED_Init                           0x080008a0   Section        0  stm32f7xx_nucleo_144.o(i.BSP_LED_Init)
    i.BSP_LED_Toggle                         0x08000928   Section        0  stm32f7xx_nucleo_144.o(i.BSP_LED_Toggle)
    i.HAL_GPIO_Init                          0x08000948   Section        0  stm32f7xx_hal_gpio.o(i.HAL_GPIO_Init)
    i.HAL_GPIO_TogglePin                     0x08000b60   Section        0  stm32f7xx_hal_gpio.o(i.HAL_GPIO_TogglePin)
    i.HAL_GPIO_WritePin                      0x08000b68   Section        0  stm32f7xx_hal_gpio.o(i.HAL_GPIO_WritePin)
    i.HAL_GetTick                            0x08000b74   Section        0  stm32f7xx_hal.o(i.HAL_GetTick)
    i.HAL_InitTick                           0x08000b80   Section        0  stm32f7xx_hal.o(i.HAL_InitTick)
    i.HAL_NVIC_EnableIRQ                     0x08000ba8   Section        0  stm32f7xx_hal_cortex.o(i.HAL_NVIC_EnableIRQ)
    i.HAL_NVIC_SetPriority                   0x08000bc8   Section        0  stm32f7xx_hal_cortex.o(i.HAL_NVIC_SetPriority)
    i.HAL_PWREx_EnableOverDrive              0x08000c44   Section        0  stm32f7xx_hal_pwr_ex.o(i.HAL_PWREx_EnableOverDrive)
    i.HAL_RCCEx_PeriphCLKConfig              0x08000cd4   Section        0  stm32f7xx_hal_rcc_ex.o(i.HAL_RCCEx_PeriphCLKConfig)
    i.HAL_RCC_ClockConfig                    0x08001654   Section        0  stm32f7xx_hal_rcc.o(i.HAL_RCC_ClockConfig)
    i.HAL_RCC_GetHCLKFreq                    0x08001808   Section        0  stm32f7xx_hal_rcc.o(i.HAL_RCC_GetHCLKFreq)
    i.HAL_RCC_GetPCLK1Freq                   0x08001814   Section        0  stm32f7xx_hal_rcc.o(i.HAL_RCC_GetPCLK1Freq)
    i.HAL_RCC_GetPCLK2Freq                   0x08001840   Section        0  stm32f7xx_hal_rcc.o(i.HAL_RCC_GetPCLK2Freq)
    i.HAL_RCC_GetSysClockFreq                0x0800186c   Section        0  stm32f7xx_hal_rcc.o(i.HAL_RCC_GetSysClockFreq)
    i.HAL_RCC_OscConfig                      0x08001920   Section        0  stm32f7xx_hal_rcc_ex.o(i.HAL_RCC_OscConfig)
    i.HAL_SYSTICK_Config                     0x08001df0   Section        0  stm32f7xx_hal_cortex.o(i.HAL_SYSTICK_Config)
    i.HAL_UART_Init                          0x08001e24   Section        0  stm32f7xx_hal_uart.o(i.HAL_UART_Init)
    i.HAL_UART_MspInit                       0x08001e9c   Section        0  stm32f7xx_hal_uart.o(i.HAL_UART_MspInit)
    i.HAL_UART_Transmit                      0x08001e9e   Section        0  stm32f7xx_hal_uart.o(i.HAL_UART_Transmit)
    i.NVIC_GetPriorityGrouping               0x08001f64   Section        0  stm32f7xx_hal_cortex.o(i.NVIC_GetPriorityGrouping)
    NVIC_GetPriorityGrouping                 0x08001f65   Thumb Code    10  stm32f7xx_hal_cortex.o(i.NVIC_GetPriorityGrouping)
    i.NVIC_SetPriority                       0x08001f74   Section        0  stm32f7xx_hal_cortex.o(i.NVIC_SetPriority)
    NVIC_SetPriority                         0x08001f75   Thumb Code    32  stm32f7xx_hal_cortex.o(i.NVIC_SetPriority)
    i.SysTick_Handler                        0x08001f9c   Section        0  hal_cm.o(i.SysTick_Handler)
    i.SystemInit                             0x08001fa4   Section        0  system_stm32f7xx.o(i.SystemInit)
    i.UART_AdvFeatureConfig                  0x08002008   Section        0  stm32f7xx_hal_uart.o(i.UART_AdvFeatureConfig)
    i.UART_CheckIdleState                    0x080020f2   Section        0  stm32f7xx_hal_uart.o(i.UART_CheckIdleState)
    i.UART_SetConfig                         0x08002168   Section        0  stm32f7xx_hal_uart.o(i.UART_SetConfig)
    i.UART_WaitOnFlagUntilTimeout            0x080024f4   Section        0  stm32f7xx_hal_uart.o(i.UART_WaitOnFlagUntilTimeout)
    i.__0printf                              0x08002560   Section        0  printfa.o(i.__0printf)
    i.__0sprintf                             0x08002580   Section        0  printfa.o(i.__0sprintf)
    i.__0vsnprintf                           0x080025a8   Section        0  printfa.o(i.__0vsnprintf)
    i.__scatterload_copy                     0x080025d4   Section       14  handlers.o(i.__scatterload_copy)
    i.__scatterload_null                     0x080025e2   Section        2  handlers.o(i.__scatterload_null)
    i.__scatterload_zeroinit                 0x080025e4   Section       14  handlers.o(i.__scatterload_zeroinit)
    i._fp_digits                             0x080025f4   Section        0  printfa.o(i._fp_digits)
    _fp_digits                               0x080025f5   Thumb Code   366  printfa.o(i._fp_digits)
    i._printf_core                           0x08002778   Section        0  printfa.o(i._printf_core)
    _printf_core                             0x08002779   Thumb Code  1744  printfa.o(i._printf_core)
    i._printf_post_padding                   0x08002e54   Section        0  printfa.o(i._printf_post_padding)
    _printf_post_padding                     0x08002e55   Thumb Code    36  printfa.o(i._printf_post_padding)
    i._printf_pre_padding                    0x08002e78   Section        0  printfa.o(i._printf_pre_padding)
    _printf_pre_padding                      0x08002e79   Thumb Code    46  printfa.o(i._printf_pre_padding)
    i._snputc                                0x08002ea6   Section        0  printfa.o(i._snputc)
    _snputc                                  0x08002ea7   Thumb Code    22  printfa.o(i._snputc)
    i._sputc                                 0x08002ebc   Section        0  printfa.o(i._sputc)
    _sputc                                   0x08002ebd   Thumb Code    10  printfa.o(i._sputc)
    i.allocateBlock                          0x08002ec8   Section        0  buddy.o(i.allocateBlock)
    allocateBlock                            0x08002ec9   Thumb Code   154  buddy.o(i.allocateBlock)
    i.console_PortInit                       0x08002f6c   Section        0  con_port.o(i.console_PortInit)
    i.console_PortOutput                     0x0800302c   Section        0  con_port.o(i.console_PortOutput)
    i.cpu_SetupRegisters                     0x08003048   Section        0  hal_cm.o(i.cpu_SetupRegisters)
    i.fputc                                  0x08003078   Section        0  con_port.o(i.fputc)
    i.hal_PendSVSet                          0x08003094   Section        0  hal_support.o(i.hal_PendSVSet)
    i.hal_RaiseBASEPRI                       0x080030a4   Section        0  hal_cm.o(i.hal_RaiseBASEPRI)
    i.hal_SetBASEPRI                         0x080030b8   Section        0  hal_cm.o(i.hal_SetBASEPRI)
    i.hal_SystickConfig                      0x080030c0   Section        0  hal_support.o(i.hal_SystickConfig)
    i.logStrcpy                              0x080030d0   Section        0  console.o(i.logStrcpy)
    i.mConsole_Init                          0x080030fc   Section        0  console.o(i.mConsole_Init)
    i.mLog_Control                           0x08003114   Section        0  console.o(i.mLog_Control)
    i.mLog_RawPrntf                          0x08003134   Section        0  console.o(i.mLog_RawPrntf)
    i.mLog_ThreadPrintf                      0x080031b0   Section        0  console.o(i.mLog_ThreadPrintf)
    i.main                                   0x08003328   Section        0  startup.o(i.main)
    i.mem_Init                               0x080033cc   Section        0  buddy.o(i.mem_Init)
    i.osHal_CoreInit                         0x08003490   Section        0  hal_support.o(i.osHal_CoreInit)
    i.osHal_GetSysclk                        0x080034f0   Section        0  hal_support.o(i.osHal_GetSysclk)
    i.osList_AddTail                         0x080034f8   Section        0  timer.o(i.osList_AddTail)
    osList_AddTail                           0x080034f9   Thumb Code    14  timer.o(i.osList_AddTail)
    i.osList_AddTail                         0x08003506   Section        0  buddy.o(i.osList_AddTail)
    osList_AddTail                           0x08003507   Thumb Code    14  buddy.o(i.osList_AddTail)
    i.osList_CheckIsEmpty                    0x08003514   Section        0  timer.o(i.osList_CheckIsEmpty)
    osList_CheckIsEmpty                      0x08003515   Thumb Code    16  timer.o(i.osList_CheckIsEmpty)
    i.osList_DeleteNode                      0x08003524   Section        0  schedule.o(i.osList_DeleteNode)
    osList_DeleteNode                        0x08003525   Thumb Code    18  schedule.o(i.osList_DeleteNode)
    i.osList_DeleteNode                      0x08003536   Section        0  timer.o(i.osList_DeleteNode)
    osList_DeleteNode                        0x08003537   Thumb Code    18  timer.o(i.osList_DeleteNode)
    i.osList_DeleteNode                      0x08003548   Section        0  buddy.o(i.osList_DeleteNode)
    osList_DeleteNode                        0x08003549   Thumb Code    18  buddy.o(i.osList_DeleteNode)
    i.osList_HeadInit                        0x0800355a   Section        0  schedule.o(i.osList_HeadInit)
    osList_HeadInit                          0x0800355b   Thumb Code     6  schedule.o(i.osList_HeadInit)
    i.osList_HeadInit                        0x08003560   Section        0  timer.o(i.osList_HeadInit)
    osList_HeadInit                          0x08003561   Thumb Code     6  timer.o(i.osList_HeadInit)
    i.osList_HeadInit                        0x08003566   Section        0  buddy.o(i.osList_HeadInit)
    osList_HeadInit                          0x08003567   Thumb Code     6  buddy.o(i.osList_HeadInit)
    i.osMem_Malloc                           0x0800356c   Section        0  buddy.o(i.osMem_Malloc)
    i.osSche_Lock                            0x080035b0   Section        0  schedule.o(i.osSche_Lock)
    i.osSche_Unlock                          0x080035d0   Section        0  schedule.o(i.osSche_Unlock)
    i.osSys_GetNowTick                       0x08003608   Section        0  schedule.o(i.osSys_GetNowTick)
    i.osSys_ISREnter                         0x08003614   Section        0  irq.o(i.osSys_ISREnter)
    i.osSys_ISRLeave                         0x08003634   Section        0  irq.o(i.osSys_ISRLeave)
    i.osSys_KernelInitialize                 0x08003654   Section        0  init.o(i.osSys_KernelInitialize)
    i.osSys_KernelStartup                    0x0800367c   Section        0  init.o(i.osSys_KernelStartup)
    i.osSys_ModulesInit                      0x080036e0   Section        0  init.o(i.osSys_ModulesInit)
    i.osThread_Create                        0x08003868   Section        0  thread.o(i.osThread_Create)
    i.osThread_Delay                         0x0800390c   Section        0  thread.o(i.osThread_Delay)
    i.osThread_Ready                         0x08003940   Section        0  thread.o(i.osThread_Ready)
    i.osThread_Self                          0x08003980   Section        0  thread.o(i.osThread_Self)
    i.osThread_Suspend                       0x08003998   Section        0  thread.o(i.osThread_Suspend)
    i.osThread_Yield                         0x080039d8   Section        0  thread.o(i.osThread_Yield)
    i.osTimer_Create                         0x08003a3c   Section        0  timer.o(i.osTimer_Create)
    i.osTimer_Start                          0x08003a58   Section        0  timer.o(i.osTimer_Start)
    i.osTimer_Stop                           0x08003b18   Section        0  timer.o(i.osTimer_Stop)
    i.os_Idle_Thread                         0x08003b38   Section        0  idle.o(i.os_Idle_Thread)
    i.os_SoftTimer_Thread                    0x08003bb4   Section        0  timer.o(i.os_SoftTimer_Thread)
    i.os_ThreadFunc_threadDemo1              0x08003cf4   Section        0  startup.o(i.os_ThreadFunc_threadDemo1)
    os_ThreadFunc_threadDemo1                0x08003cf5   Thumb Code    60  startup.o(i.os_ThreadFunc_threadDemo1)
    i.os_ThreadFunc_threadDemo2              0x08003d6c   Section        0  startup.o(i.os_ThreadFunc_threadDemo2)
    os_ThreadFunc_threadDemo2                0x08003d6d   Thumb Code    80  startup.o(i.os_ThreadFunc_threadDemo2)
    i.os_ThreadFunc_threadDemo3              0x08003e00   Section        0  startup.o(i.os_ThreadFunc_threadDemo3)
    os_ThreadFunc_threadDemo3                0x08003e01   Thumb Code    80  startup.o(i.os_ThreadFunc_threadDemo3)
    i.os_TimerCB_timerDemo1                  0x08003e94   Section        0  startup.o(i.os_TimerCB_timerDemo1)
    os_TimerCB_timerDemo1                    0x08003e95   Thumb Code    12  startup.o(i.os_TimerCB_timerDemo1)
    i.os_TimerCB_timerDemo2                  0x08003ea0   Section        0  startup.o(i.os_TimerCB_timerDemo2)
    os_TimerCB_timerDemo2                    0x08003ea1   Thumb Code    12  startup.o(i.os_TimerCB_timerDemo2)
    i.os_TimerCB_timerDemo3                  0x08003eac   Section        0  startup.o(i.os_TimerCB_timerDemo3)
    os_TimerCB_timerDemo3                    0x08003ead   Thumb Code    12  startup.o(i.os_TimerCB_timerDemo3)
    i.sche_Init                              0x08003eb8   Section        0  schedule.o(i.sche_Init)
    i.sche_InsertThread                      0x08003f08   Section        0  schedule.o(i.sche_InsertThread)
    i.sche_NextToNow                         0x08003f50   Section        0  schedule.o(i.sche_NextToNow)
    i.sche_RemoveThread                      0x08003f60   Section        0  schedule.o(i.sche_RemoveThread)
    i.sche_SetFirstThread                    0x08003fa4   Section        0  schedule.o(i.sche_SetFirstThread)
    i.sche_ToNextThread                      0x0800403c   Section        0  schedule.o(i.sche_ToNextThread)
    i.stackOverFlowCheck                     0x08004108   Section        0  schedule.o(i.stackOverFlowCheck)
    i.sys_TickHandler                        0x08004124   Section        0  schedule.o(i.sys_TickHandler)
    i.systemClock_ReConfig                   0x08004178   Section        0  hal_support.o(i.systemClock_ReConfig)
    systemClock_ReConfig                     0x08004179   Thumb Code   112  hal_support.o(i.systemClock_ReConfig)
    i.taskExitError                          0x080041e8   Section        0  hal_cm.o(i.taskExitError)
    taskExitError                            0x080041e9   Thumb Code     8  hal_cm.o(i.taskExitError)
    i.threadTimerCallback                    0x080041f0   Section        0  thread.o(i.threadTimerCallback)
    i.timer_Init                             0x08004208   Section        0  timer.o(i.timer_Init)
    i.timer_TickCheck                        0x0800423c   Section        0  timer.o(i.timer_TickCheck)
    .constdata                               0x0800429c   Section        9  stm32f7xx_nucleo_144.o(.constdata)
    .constdata                               0x080042a5   Section      256  schedule.o(.constdata)
    BITMAP                                   0x080042a5   Data         256  schedule.o(.constdata)
    .constdata                               0x080043a5   Section       24  system_stm32f7xx.o(.constdata)
    .conststring                             0x080043c0   Section      440  idle.o(.conststring)
    .conststring                             0x08004578   Section       86  console.o(.conststring)
    .data                                    0x20000000   Section      360  startup.o(.data)
    .data                                    0x20000168   Section       16  stm32f7xx_nucleo_144.o(.data)
    .data                                    0x20000178   Section      136  idle.o(.data)
    osLogo                                   0x20000178   Data          48  idle.o(.data)
    .data                                    0x20000200   Section        1  irq.o(.data)
    interruptNest                            0x20000200   Data           1  irq.o(.data)
    .data                                    0x20000204   Section       28  schedule.o(.data)
    sys_TickCount                            0x20000204   Data           4  schedule.o(.data)
    sche_LockNest                            0x20000208   Data           1  schedule.o(.data)
    sche_CurrPriority                        0x20000209   Data           1  schedule.o(.data)
    bitmap_L1                                0x20000214   Data           4  schedule.o(.data)
    .data                                    0x20000220   Section      104  timer.o(.data)
    .data                                    0x20000288   Section       48  init.o(.data)
    osLogo                                   0x20000288   Data          48  init.o(.data)
    .data                                    0x200002b8   Section       27  console.o(.data)
    .data                                    0x200002d4   Section        4  stm32f7xx_hal.o(.data)
    .data                                    0x200002d8   Section        4  system_stm32f7xx.o(.data)
    .data                                    0x200002dc   Section        4  stdout.o(.data)
    .bss                                     0x200002e0   Section      256  schedule.o(.bss)
    .bss                                     0x200003e0   Section       80  buddy.o(.bss)
    .bss                                     0x20000430   Section      128  console.o(.bss)
    .bss                                     0x200004b0   Section      112  con_port.o(.bss)
    STACK                                    0x20000520   Section     1024  startup_stm32f767xx.o(STACK)

    Global Symbols

    Symbol Name                              Value     Ov Type        Size  Object(Section)

    BuildAttributes$$THM_ISAv4$E$P$D$K$B$S$7EM$VFPv5_D16$PE$PLD8$A:L22UL41UL21$X:L11$S22US41US21$IEEE1$IW$USESV6$~STKCKD$USESV7$~SHL$OSPACE$ROPI$EBA8$MICROLIB$REQ8$PRES8$EABIv2 0x00000000   Number         0  anon$$obj.o ABSOLUTE
    __ARM_use_no_argv                        0x00000000   Number         0  startup.o ABSOLUTE
    _printf_a                                0x00000000   Number         0  stubs.o ABSOLUTE
    _printf_c                                0x00000000   Number         0  stubs.o ABSOLUTE
    _printf_charcount                        0x00000000   Number         0  stubs.o ABSOLUTE
    _printf_d                                0x00000000   Number         0  stubs.o ABSOLUTE
    _printf_e                                0x00000000   Number         0  stubs.o ABSOLUTE
    _printf_f                                0x00000000   Number         0  stubs.o ABSOLUTE
    _printf_flags                            0x00000000   Number         0  stubs.o ABSOLUTE
    _printf_fp_dec                           0x00000000   Number         0  stubs.o ABSOLUTE
    _printf_fp_hex                           0x00000000   Number         0  stubs.o ABSOLUTE
    _printf_g                                0x00000000   Number         0  stubs.o ABSOLUTE
    _printf_i                                0x00000000   Number         0  stubs.o ABSOLUTE
    _printf_int_dec                          0x00000000   Number         0  stubs.o ABSOLUTE
    _printf_l                                0x00000000   Number         0  stubs.o ABSOLUTE
    _printf_lc                               0x00000000   Number         0  stubs.o ABSOLUTE
    _printf_ll                               0x00000000   Number         0  stubs.o ABSOLUTE
    _printf_lld                              0x00000000   Number         0  stubs.o ABSOLUTE
    _printf_lli                              0x00000000   Number         0  stubs.o ABSOLUTE
    _printf_llo                              0x00000000   Number         0  stubs.o ABSOLUTE
    _printf_llu                              0x00000000   Number         0  stubs.o ABSOLUTE
    _printf_llx                              0x00000000   Number         0  stubs.o ABSOLUTE
    _printf_longlong_dec                     0x00000000   Number         0  stubs.o ABSOLUTE
    _printf_longlong_hex                     0x00000000   Number         0  stubs.o ABSOLUTE
    _printf_longlong_oct                     0x00000000   Number         0  stubs.o ABSOLUTE
    _printf_ls                               0x00000000   Number         0  stubs.o ABSOLUTE
    _printf_mbtowc                           0x00000000   Number         0  stubs.o ABSOLUTE
    _printf_n                                0x00000000   Number         0  stubs.o ABSOLUTE
    _printf_o                                0x00000000   Number         0  stubs.o ABSOLUTE
    _printf_p                                0x00000000   Number         0  stubs.o ABSOLUTE
    _printf_percent                          0x00000000   Number         0  stubs.o ABSOLUTE
    _printf_pre_padding                      0x00000000   Number         0  stubs.o ABSOLUTE
    _printf_return_value                     0x00000000   Number         0  stubs.o ABSOLUTE
    _printf_s                                0x00000000   Number         0  stubs.o ABSOLUTE
    _printf_sizespec                         0x00000000   Number         0  stubs.o ABSOLUTE
    _printf_str                              0x00000000   Number         0  stubs.o ABSOLUTE
    _printf_truncate_signed                  0x00000000   Number         0  stubs.o ABSOLUTE
    _printf_truncate_unsigned                0x00000000   Number         0  stubs.o ABSOLUTE
    _printf_u                                0x00000000   Number         0  stubs.o ABSOLUTE
    _printf_wc                               0x00000000   Number         0  stubs.o ABSOLUTE
    _printf_wctomb                           0x00000000   Number         0  stubs.o ABSOLUTE
    _printf_widthprec                        0x00000000   Number         0  stubs.o ABSOLUTE
    _printf_x                                0x00000000   Number         0  stubs.o ABSOLUTE
    __cpp_initialize__aeabi_                  - Undefined Weak Reference
    __cxa_finalize                            - Undefined Weak Reference
    _clock_init                               - Undefined Weak Reference
    _microlib_exit                            - Undefined Weak Reference
    __Vectors_Size                           0x000001f8   Number         0  startup_stm32f767xx.o ABSOLUTE
    __Vectors                                0x08000000   Data           4  startup_stm32f767xx.o(RESET)
    __Vectors_End                            0x080001f8   Data           0  startup_stm32f767xx.o(RESET)
    __main                                   0x080001f9   Thumb Code     0  entry.o(.ARM.Collect$$$$00000000)
    _main_stk                                0x080001f9   Thumb Code     0  entry2.o(.ARM.Collect$$$$00000001)
    _main_scatterload                        0x080001fd   Thumb Code     0  entry5.o(.ARM.Collect$$$$00000004)
    __main_after_scatterload                 0x08000201   Thumb Code     0  entry5.o(.ARM.Collect$$$$00000004)
    _main_clock                              0x08000201   Thumb Code     0  entry7b.o(.ARM.Collect$$$$00000008)
    _main_cpp_init                           0x08000201   Thumb Code     0  entry8b.o(.ARM.Collect$$$$0000000A)
    _main_init                               0x08000201   Thumb Code     0  entry9a.o(.ARM.Collect$$$$0000000B)
    __rt_final_cpp                           0x08000209   Thumb Code     0  entry10a.o(.ARM.Collect$$$$0000000D)
    __rt_final_exit                          0x08000209   Thumb Code     0  entry11a.o(.ARM.Collect$$$$0000000F)
    hal_EnableVFP                            0x0800020d   Thumb Code    16  hal_cm.o(.emb_text)
    cpu_GotoFisrtTask                        0x08000221   Thumb Code    24  hal_cm.o(.emb_text)
    SVC_Handler                              0x0800023d   Thumb Code    52  hal_cm.o(.emb_text)
    PendSV_Handler                           0x08000275   Thumb Code    92  hal_cm.o(.emb_text)
    Reset_Handler                            0x080002d5   Thumb Code     8  startup_stm32f767xx.o(.text)
    NMI_Handler                              0x080002dd   Thumb Code     2  startup_stm32f767xx.o(.text)
    HardFault_Handler                        0x080002df   Thumb Code     2  startup_stm32f767xx.o(.text)
    MemManage_Handler                        0x080002e1   Thumb Code     2  startup_stm32f767xx.o(.text)
    BusFault_Handler                         0x080002e3   Thumb Code     2  startup_stm32f767xx.o(.text)
    UsageFault_Handler                       0x080002e5   Thumb Code     2  startup_stm32f767xx.o(.text)
    DebugMon_Handler                         0x080002e9   Thumb Code     2  startup_stm32f767xx.o(.text)
    ADC_IRQHandler                           0x080002ef   Thumb Code     0  startup_stm32f767xx.o(.text)
    CAN1_RX0_IRQHandler                      0x080002ef   Thumb Code     0  startup_stm32f767xx.o(.text)
    CAN1_RX1_IRQHandler                      0x080002ef   Thumb Code     0  startup_stm32f767xx.o(.text)
    CAN1_SCE_IRQHandler                      0x080002ef   Thumb Code     0  startup_stm32f767xx.o(.text)
    CAN1_TX_IRQHandler                       0x080002ef   Thumb Code     0  startup_stm32f767xx.o(.text)
    CAN2_RX0_IRQHandler                      0x080002ef   Thumb Code     0  startup_stm32f767xx.o(.text)
    CAN2_RX1_IRQHandler                      0x080002ef   Thumb Code     0  startup_stm32f767xx.o(.text)
    CAN2_SCE_IRQHandler                      0x080002ef   Thumb Code     0  startup_stm32f767xx.o(.text)
    CAN2_TX_IRQHandler                       0x080002ef   Thumb Code     0  startup_stm32f767xx.o(.text)
    CAN3_RX0_IRQHandler                      0x080002ef   Thumb Code     0  startup_stm32f767xx.o(.text)
    CAN3_RX1_IRQHandler                      0x080002ef   Thumb Code     0  startup_stm32f767xx.o(.text)
    CAN3_SCE_IRQHandler                      0x080002ef   Thumb Code     0  startup_stm32f767xx.o(.text)
    CAN3_TX_IRQHandler                       0x080002ef   Thumb Code     0  startup_stm32f767xx.o(.text)
    CEC_IRQHandler                           0x080002ef   Thumb Code     0  startup_stm32f767xx.o(.text)
    DCMI_IRQHandler                          0x080002ef   Thumb Code     0  startup_stm32f767xx.o(.text)
    DFSDM1_FLT0_IRQHandler                   0x080002ef   Thumb Code     0  startup_stm32f767xx.o(.text)
    DFSDM1_FLT1_IRQHandler                   0x080002ef   Thumb Code     0  startup_stm32f767xx.o(.text)
    DFSDM1_FLT2_IRQHandler                   0x080002ef   Thumb Code     0  startup_stm32f767xx.o(.text)
    DFSDM1_FLT3_IRQHandler                   0x080002ef   Thumb Code     0  startup_stm32f767xx.o(.text)
    DMA1_Stream0_IRQHandler                  0x080002ef   Thumb Code     0  startup_stm32f767xx.o(.text)
    DMA1_Stream1_IRQHandler                  0x080002ef   Thumb Code     0  startup_stm32f767xx.o(.text)
    DMA1_Stream2_IRQHandler                  0x080002ef   Thumb Code     0  startup_stm32f767xx.o(.text)
    DMA1_Stream3_IRQHandler                  0x080002ef   Thumb Code     0  startup_stm32f767xx.o(.text)
    DMA1_Stream4_IRQHandler                  0x080002ef   Thumb Code     0  startup_stm32f767xx.o(.text)
    DMA1_Stream5_IRQHandler                  0x080002ef   Thumb Code     0  startup_stm32f767xx.o(.text)
    DMA1_Stream6_IRQHandler                  0x080002ef   Thumb Code     0  startup_stm32f767xx.o(.text)
    DMA1_Stream7_IRQHandler                  0x080002ef   Thumb Code     0  startup_stm32f767xx.o(.text)
    DMA2D_IRQHandler                         0x080002ef   Thumb Code     0  startup_stm32f767xx.o(.text)
    DMA2_Stream0_IRQHandler                  0x080002ef   Thumb Code     0  startup_stm32f767xx.o(.text)
    DMA2_Stream1_IRQHandler                  0x080002ef   Thumb Code     0  startup_stm32f767xx.o(.text)
    DMA2_Stream2_IRQHandler                  0x080002ef   Thumb Code     0  startup_stm32f767xx.o(.text)
    DMA2_Stream3_IRQHandler                  0x080002ef   Thumb Code     0  startup_stm32f767xx.o(.text)
    DMA2_Stream4_IRQHandler                  0x080002ef   Thumb Code     0  startup_stm32f767xx.o(.text)
    DMA2_Stream5_IRQHandler                  0x080002ef   Thumb Code     0  startup_stm32f767xx.o(.text)
    DMA2_Stream6_IRQHandler                  0x080002ef   Thumb Code     0  startup_stm32f767xx.o(.text)
    DMA2_Stream7_IRQHandler                  0x080002ef   Thumb Code     0  startup_stm32f767xx.o(.text)
    ETH_IRQHandler                           0x080002ef   Thumb Code     0  startup_stm32f767xx.o(.text)
    ETH_WKUP_IRQHandler                      0x080002ef   Thumb Code     0  startup_stm32f767xx.o(.text)
    EXTI0_IRQHandler                         0x080002ef   Thumb Code     0  startup_stm32f767xx.o(.text)
    EXTI15_10_IRQHandler                     0x080002ef   Thumb Code     0  startup_stm32f767xx.o(.text)
    EXTI1_IRQHandler                         0x080002ef   Thumb Code     0  startup_stm32f767xx.o(.text)
    EXTI2_IRQHandler                         0x080002ef   Thumb Code     0  startup_stm32f767xx.o(.text)
    EXTI3_IRQHandler                         0x080002ef   Thumb Code     0  startup_stm32f767xx.o(.text)
    EXTI4_IRQHandler                         0x080002ef   Thumb Code     0  startup_stm32f767xx.o(.text)
    EXTI9_5_IRQHandler                       0x080002ef   Thumb Code     0  startup_stm32f767xx.o(.text)
    FLASH_IRQHandler                         0x080002ef   Thumb Code     0  startup_stm32f767xx.o(.text)
    FMC_IRQHandler                           0x080002ef   Thumb Code     0  startup_stm32f767xx.o(.text)
    FPU_IRQHandler                           0x080002ef   Thumb Code     0  startup_stm32f767xx.o(.text)
    I2C1_ER_IRQHandler                       0x080002ef   Thumb Code     0  startup_stm32f767xx.o(.text)
    I2C1_EV_IRQHandler                       0x080002ef   Thumb Code     0  startup_stm32f767xx.o(.text)
    I2C2_ER_IRQHandler                       0x080002ef   Thumb Code     0  startup_stm32f767xx.o(.text)
    I2C2_EV_IRQHandler                       0x080002ef   Thumb Code     0  startup_stm32f767xx.o(.text)
    I2C3_ER_IRQHandler                       0x080002ef   Thumb Code     0  startup_stm32f767xx.o(.text)
    I2C3_EV_IRQHandler                       0x080002ef   Thumb Code     0  startup_stm32f767xx.o(.text)
    I2C4_ER_IRQHandler                       0x080002ef   Thumb Code     0  startup_stm32f767xx.o(.text)
    I2C4_EV_IRQHandler                       0x080002ef   Thumb Code     0  startup_stm32f767xx.o(.text)
    JPEG_IRQHandler                          0x080002ef   Thumb Code     0  startup_stm32f767xx.o(.text)
    LPTIM1_IRQHandler                        0x080002ef   Thumb Code     0  startup_stm32f767xx.o(.text)
    LTDC_ER_IRQHandler                       0x080002ef   Thumb Code     0  startup_stm32f767xx.o(.text)
    LTDC_IRQHandler                          0x080002ef   Thumb Code     0  startup_stm32f767xx.o(.text)
    MDIOS_IRQHandler                         0x080002ef   Thumb Code     0  startup_stm32f767xx.o(.text)
    OTG_FS_IRQHandler                        0x080002ef   Thumb Code     0  startup_stm32f767xx.o(.text)
    OTG_FS_WKUP_IRQHandler                   0x080002ef   Thumb Code     0  startup_stm32f767xx.o(.text)
    OTG_HS_EP1_IN_IRQHandler                 0x080002ef   Thumb Code     0  startup_stm32f767xx.o(.text)
    OTG_HS_EP1_OUT_IRQHandler                0x080002ef   Thumb Code     0  startup_stm32f767xx.o(.text)
    OTG_HS_IRQHandler                        0x080002ef   Thumb Code     0  startup_stm32f767xx.o(.text)
    OTG_HS_WKUP_IRQHandler                   0x080002ef   Thumb Code     0  startup_stm32f767xx.o(.text)
    PVD_IRQHandler                           0x080002ef   Thumb Code     0  startup_stm32f767xx.o(.text)
    QUADSPI_IRQHandler                       0x080002ef   Thumb Code     0  startup_stm32f767xx.o(.text)
    RCC_IRQHandler                           0x080002ef   Thumb Code     0  startup_stm32f767xx.o(.text)
    RNG_IRQHandler                           0x080002ef   Thumb Code     0  startup_stm32f767xx.o(.text)
    RTC_Alarm_IRQHandler                     0x080002ef   Thumb Code     0  startup_stm32f767xx.o(.text)
    RTC_WKUP_IRQHandler                      0x080002ef   Thumb Code     0  startup_stm32f767xx.o(.text)
    SAI1_IRQHandler                          0x080002ef   Thumb Code     0  startup_stm32f767xx.o(.text)
    SAI2_IRQHandler                          0x080002ef   Thumb Code     0  startup_stm32f767xx.o(.text)
    SDMMC1_IRQHandler                        0x080002ef   Thumb Code     0  startup_stm32f767xx.o(.text)
    SDMMC2_IRQHandler                        0x080002ef   Thumb Code     0  startup_stm32f767xx.o(.text)
    SPDIF_RX_IRQHandler                      0x080002ef   Thumb Code     0  startup_stm32f767xx.o(.text)
    SPI1_IRQHandler                          0x080002ef   Thumb Code     0  startup_stm32f767xx.o(.text)
    SPI2_IRQHandler                          0x080002ef   Thumb Code     0  startup_stm32f767xx.o(.text)
    SPI3_IRQHandler                          0x080002ef   Thumb Code     0  startup_stm32f767xx.o(.text)
    SPI4_IRQHandler                          0x080002ef   Thumb Code     0  startup_stm32f767xx.o(.text)
    SPI5_IRQHandler                          0x080002ef   Thumb Code     0  startup_stm32f767xx.o(.text)
    SPI6_IRQHandler                          0x080002ef   Thumb Code     0  startup_stm32f767xx.o(.text)
    TAMP_STAMP_IRQHandler                    0x080002ef   Thumb Code     0  startup_stm32f767xx.o(.text)
    TIM1_BRK_TIM9_IRQHandler                 0x080002ef   Thumb Code     0  startup_stm32f767xx.o(.text)
    TIM1_CC_IRQHandler                       0x080002ef   Thumb Code     0  startup_stm32f767xx.o(.text)
    TIM1_TRG_COM_TIM11_IRQHandler            0x080002ef   Thumb Code     0  startup_stm32f767xx.o(.text)
    TIM1_UP_TIM10_IRQHandler                 0x080002ef   Thumb Code     0  startup_stm32f767xx.o(.text)
    TIM2_IRQHandler                          0x080002ef   Thumb Code     0  startup_stm32f767xx.o(.text)
    TIM3_IRQHandler                          0x080002ef   Thumb Code     0  startup_stm32f767xx.o(.text)
    TIM4_IRQHandler                          0x080002ef   Thumb Code     0  startup_stm32f767xx.o(.text)
    TIM5_IRQHandler                          0x080002ef   Thumb Code     0  startup_stm32f767xx.o(.text)
    TIM6_DAC_IRQHandler                      0x080002ef   Thumb Code     0  startup_stm32f767xx.o(.text)
    TIM7_IRQHandler                          0x080002ef   Thumb Code     0  startup_stm32f767xx.o(.text)
    TIM8_BRK_TIM12_IRQHandler                0x080002ef   Thumb Code     0  startup_stm32f767xx.o(.text)
    TIM8_CC_IRQHandler                       0x080002ef   Thumb Code     0  startup_stm32f767xx.o(.text)
    TIM8_TRG_COM_TIM14_IRQHandler            0x080002ef   Thumb Code     0  startup_stm32f767xx.o(.text)
    TIM8_UP_TIM13_IRQHandler                 0x080002ef   Thumb Code     0  startup_stm32f767xx.o(.text)
    UART4_IRQHandler                         0x080002ef   Thumb Code     0  startup_stm32f767xx.o(.text)
    UART5_IRQHandler                         0x080002ef   Thumb Code     0  startup_stm32f767xx.o(.text)
    UART7_IRQHandler                         0x080002ef   Thumb Code     0  startup_stm32f767xx.o(.text)
    UART8_IRQHandler                         0x080002ef   Thumb Code     0  startup_stm32f767xx.o(.text)
    USART1_IRQHandler                        0x080002ef   Thumb Code     0  startup_stm32f767xx.o(.text)
    USART2_IRQHandler                        0x080002ef   Thumb Code     0  startup_stm32f767xx.o(.text)
    USART3_IRQHandler                        0x080002ef   Thumb Code     0  startup_stm32f767xx.o(.text)
    USART6_IRQHandler                        0x080002ef   Thumb Code     0  startup_stm32f767xx.o(.text)
    WWDG_IRQHandler                          0x080002ef   Thumb Code     0  startup_stm32f767xx.o(.text)
    strcpy                                   0x080002f9   Thumb Code    18  strcpy.o(.text)
    __aeabi_uidiv                            0x0800030b   Thumb Code     0  uidiv.o(.text)
    __aeabi_uidivmod                         0x0800030b   Thumb Code    44  uidiv.o(.text)
    __aeabi_uldivmod                         0x08000337   Thumb Code    98  uldiv.o(.text)
    __I$use$fp                               0x08000399   Thumb Code     0  iusefp.o(.text)
    __aeabi_dadd                             0x08000399   Thumb Code   322  dadd.o(.text)
    __aeabi_dsub                             0x080004db   Thumb Code     6  dadd.o(.text)
    __aeabi_drsub                            0x080004e1   Thumb Code     6  dadd.o(.text)
    __aeabi_dmul                             0x080004e7   Thumb Code   228  dmul.o(.text)
    __aeabi_ddiv                             0x080005cb   Thumb Code   222  ddiv.o(.text)
    __aeabi_d2ulz                            0x080006a9   Thumb Code    48  dfixul.o(.text)
    __aeabi_cdrcmple                         0x080006d9   Thumb Code    48  cdrcmple.o(.text)
    __scatterload                            0x08000709   Thumb Code    28  init.o(.text)
    __scatterload_rt2                        0x08000709   Thumb Code     0  init.o(.text)
    __aeabi_llsl                             0x0800072d   Thumb Code    30  llshl.o(.text)
    _ll_shift_l                              0x0800072d   Thumb Code     0  llshl.o(.text)
    __aeabi_llsr                             0x0800074b   Thumb Code    32  llushr.o(.text)
    _ll_ushift_r                             0x0800074b   Thumb Code     0  llushr.o(.text)
    __aeabi_lasr                             0x0800076b   Thumb Code    36  llsshr.o(.text)
    _ll_sshift_r                             0x0800076b   Thumb Code     0  llsshr.o(.text)
    _double_round                            0x0800078f   Thumb Code    30  depilogue.o(.text)
    _double_epilogue                         0x080007ad   Thumb Code   156  depilogue.o(.text)
    __decompress                             0x08000849   Thumb Code     0  __dczerorl2.o(.text)
    __decompress1                            0x08000849   Thumb Code    86  __dczerorl2.o(.text)
    BSP_LED_Init                             0x080008a1   Thumb Code   122  stm32f7xx_nucleo_144.o(i.BSP_LED_Init)
    BSP_LED_Toggle                           0x08000929   Thumb Code    22  stm32f7xx_nucleo_144.o(i.BSP_LED_Toggle)
    HAL_GPIO_Init                            0x08000949   Thumb Code   484  stm32f7xx_hal_gpio.o(i.HAL_GPIO_Init)
    HAL_GPIO_TogglePin                       0x08000b61   Thumb Code     8  stm32f7xx_hal_gpio.o(i.HAL_GPIO_TogglePin)
    HAL_GPIO_WritePin                        0x08000b69   Thumb Code    12  stm32f7xx_hal_gpio.o(i.HAL_GPIO_WritePin)
    HAL_GetTick                              0x08000b75   Thumb Code     6  stm32f7xx_hal.o(i.HAL_GetTick)
    HAL_InitTick                             0x08000b81   Thumb Code    36  stm32f7xx_hal.o(i.HAL_InitTick)
    HAL_NVIC_EnableIRQ                       0x08000ba9   Thumb Code    32  stm32f7xx_hal_cortex.o(i.HAL_NVIC_EnableIRQ)
    HAL_NVIC_SetPriority                     0x08000bc9   Thumb Code   124  stm32f7xx_hal_cortex.o(i.HAL_NVIC_SetPriority)
    HAL_PWREx_EnableOverDrive                0x08000c45   Thumb Code   136  stm32f7xx_hal_pwr_ex.o(i.HAL_PWREx_EnableOverDrive)
    HAL_RCCEx_PeriphCLKConfig                0x08000cd5   Thumb Code  2428  stm32f7xx_hal_rcc_ex.o(i.HAL_RCCEx_PeriphCLKConfig)
    HAL_RCC_ClockConfig                      0x08001655   Thumb Code   420  stm32f7xx_hal_rcc.o(i.HAL_RCC_ClockConfig)
    HAL_RCC_GetHCLKFreq                      0x08001809   Thumb Code     6  stm32f7xx_hal_rcc.o(i.HAL_RCC_GetHCLKFreq)
    HAL_RCC_GetPCLK1Freq                     0x08001815   Thumb Code    36  stm32f7xx_hal_rcc.o(i.HAL_RCC_GetPCLK1Freq)
    HAL_RCC_GetPCLK2Freq                     0x08001841   Thumb Code    36  stm32f7xx_hal_rcc.o(i.HAL_RCC_GetPCLK2Freq)
    HAL_RCC_GetSysClockFreq                  0x0800186d   Thumb Code   168  stm32f7xx_hal_rcc.o(i.HAL_RCC_GetSysClockFreq)
    HAL_RCC_OscConfig                        0x08001921   Thumb Code  1228  stm32f7xx_hal_rcc_ex.o(i.HAL_RCC_OscConfig)
    HAL_SYSTICK_Config                       0x08001df1   Thumb Code    52  stm32f7xx_hal_cortex.o(i.HAL_SYSTICK_Config)
    HAL_UART_Init                            0x08001e25   Thumb Code   120  stm32f7xx_hal_uart.o(i.HAL_UART_Init)
    HAL_UART_MspInit                         0x08001e9d   Thumb Code     2  stm32f7xx_hal_uart.o(i.HAL_UART_MspInit)
    HAL_UART_Transmit                        0x08001e9f   Thumb Code   198  stm32f7xx_hal_uart.o(i.HAL_UART_Transmit)
    SysTick_Handler                          0x08001f9d   Thumb Code     8  hal_cm.o(i.SysTick_Handler)
    SystemInit                               0x08001fa5   Thumb Code    82  system_stm32f7xx.o(i.SystemInit)
    UART_AdvFeatureConfig                    0x08002009   Thumb Code   234  stm32f7xx_hal_uart.o(i.UART_AdvFeatureConfig)
    UART_CheckIdleState                      0x080020f3   Thumb Code   116  stm32f7xx_hal_uart.o(i.UART_CheckIdleState)
    UART_SetConfig                           0x08002169   Thumb Code   858  stm32f7xx_hal_uart.o(i.UART_SetConfig)
    UART_WaitOnFlagUntilTimeout              0x080024f5   Thumb Code   108  stm32f7xx_hal_uart.o(i.UART_WaitOnFlagUntilTimeout)
    __0printf                                0x08002561   Thumb Code    22  printfa.o(i.__0printf)
    __1printf                                0x08002561   Thumb Code     0  printfa.o(i.__0printf)
    __2printf                                0x08002561   Thumb Code     0  printfa.o(i.__0printf)
    __c89printf                              0x08002561   Thumb Code     0  printfa.o(i.__0printf)
    printf                                   0x08002561   Thumb Code     0  printfa.o(i.__0printf)
    __0sprintf                               0x08002581   Thumb Code    34  printfa.o(i.__0sprintf)
    __1sprintf                               0x08002581   Thumb Code     0  printfa.o(i.__0sprintf)
    __2sprintf                               0x08002581   Thumb Code     0  printfa.o(i.__0sprintf)
    __c89sprintf                             0x08002581   Thumb Code     0  printfa.o(i.__0sprintf)
    sprintf                                  0x08002581   Thumb Code     0  printfa.o(i.__0sprintf)
    __0vsnprintf                             0x080025a9   Thumb Code    40  printfa.o(i.__0vsnprintf)
    __1vsnprintf                             0x080025a9   Thumb Code     0  printfa.o(i.__0vsnprintf)
    __2vsnprintf                             0x080025a9   Thumb Code     0  printfa.o(i.__0vsnprintf)
    __c89vsnprintf                           0x080025a9   Thumb Code     0  printfa.o(i.__0vsnprintf)
    vsnprintf                                0x080025a9   Thumb Code     0  printfa.o(i.__0vsnprintf)
    __scatterload_copy                       0x080025d5   Thumb Code    14  handlers.o(i.__scatterload_copy)
    __scatterload_null                       0x080025e3   Thumb Code     2  handlers.o(i.__scatterload_null)
    __scatterload_zeroinit                   0x080025e5   Thumb Code    14  handlers.o(i.__scatterload_zeroinit)
    console_PortInit                         0x08002f6d   Thumb Code   174  con_port.o(i.console_PortInit)
    console_PortOutput                       0x0800302d   Thumb Code    22  con_port.o(i.console_PortOutput)
    cpu_SetupRegisters                       0x08003049   Thumb Code    42  hal_cm.o(i.cpu_SetupRegisters)
    fputc                                    0x08003079   Thumb Code    22  con_port.o(i.fputc)
    hal_PendSVSet                            0x08003095   Thumb Code    10  hal_support.o(i.hal_PendSVSet)
    hal_RaiseBASEPRI                         0x080030a5   Thumb Code    20  hal_cm.o(i.hal_RaiseBASEPRI)
    hal_SetBASEPRI                           0x080030b9   Thumb Code     6  hal_cm.o(i.hal_SetBASEPRI)
    hal_SystickConfig                        0x080030c1   Thumb Code    10  hal_support.o(i.hal_SystickConfig)
    logStrcpy                                0x080030d1   Thumb Code    44  console.o(i.logStrcpy)
    mConsole_Init                            0x080030fd   Thumb Code    14  console.o(i.mConsole_Init)
    mLog_Control                             0x08003115   Thumb Code    28  console.o(i.mLog_Control)
    mLog_RawPrntf                            0x08003135   Thumb Code   116  console.o(i.mLog_RawPrntf)
    mLog_ThreadPrintf                        0x080031b1   Thumb Code   332  console.o(i.mLog_ThreadPrintf)
    main                                     0x08003329   Thumb Code   132  startup.o(i.main)
    mem_Init                                 0x080033cd   Thumb Code   188  buddy.o(i.mem_Init)
    osHal_CoreInit                           0x08003491   Thumb Code    90  hal_support.o(i.osHal_CoreInit)
    osHal_GetSysclk                          0x080034f1   Thumb Code     8  hal_support.o(i.osHal_GetSysclk)
    osMem_Malloc                             0x0800356d   Thumb Code    66  buddy.o(i.osMem_Malloc)
    osSche_Lock                              0x080035b1   Thumb Code    26  schedule.o(i.osSche_Lock)
    osSche_Unlock                            0x080035d1   Thumb Code    50  schedule.o(i.osSche_Unlock)
    osSys_GetNowTick                         0x08003609   Thumb Code     6  schedule.o(i.osSys_GetNowTick)
    osSys_ISREnter                           0x08003615   Thumb Code    26  irq.o(i.osSys_ISREnter)
    osSys_ISRLeave                           0x08003635   Thumb Code    26  irq.o(i.osSys_ISRLeave)
    osSys_KernelInitialize                   0x08003655   Thumb Code    30  init.o(i.osSys_KernelInitialize)
    osSys_KernelStartup                      0x0800367d   Thumb Code    58  init.o(i.osSys_KernelStartup)
    osSys_ModulesInit                        0x080036e1   Thumb Code   140  init.o(i.osSys_ModulesInit)
    osThread_Create                          0x08003869   Thumb Code   154  thread.o(i.osThread_Create)
    osThread_Delay                           0x0800390d   Thumb Code    46  thread.o(i.osThread_Delay)
    osThread_Ready                           0x08003941   Thumb Code    62  thread.o(i.osThread_Ready)
    osThread_Self                            0x08003981   Thumb Code    20  thread.o(i.osThread_Self)
    osThread_Suspend                         0x08003999   Thumb Code    64  thread.o(i.osThread_Suspend)
    osThread_Yield                           0x080039d9   Thumb Code    92  thread.o(i.osThread_Yield)
    osTimer_Create                           0x08003a3d   Thumb Code    28  timer.o(i.osTimer_Create)
    osTimer_Start                            0x08003a59   Thumb Code   174  timer.o(i.osTimer_Start)
    osTimer_Stop                             0x08003b19   Thumb Code    32  timer.o(i.osTimer_Stop)
    os_Idle_Thread                           0x08003b39   Thumb Code    62  idle.o(i.os_Idle_Thread)
    os_SoftTimer_Thread                      0x08003bb5   Thumb Code   256  timer.o(i.os_SoftTimer_Thread)
    sche_Init                                0x08003eb9   Thumb Code    56  schedule.o(i.sche_Init)
    sche_InsertThread                        0x08003f09   Thumb Code    62  schedule.o(i.sche_InsertThread)
    sche_NextToNow                           0x08003f51   Thumb Code    10  schedule.o(i.sche_NextToNow)
    sche_RemoveThread                        0x08003f61   Thumb Code    58  schedule.o(i.sche_RemoveThread)
    sche_SetFirstThread                      0x08003fa5   Thumb Code   132  schedule.o(i.sche_SetFirstThread)
    sche_ToNextThread                        0x0800403d   Thumb Code   180  schedule.o(i.sche_ToNextThread)
    stackOverFlowCheck                       0x08004109   Thumb Code    24  schedule.o(i.stackOverFlowCheck)
    sys_TickHandler                          0x08004125   Thumb Code    74  schedule.o(i.sys_TickHandler)
    threadTimerCallback                      0x080041f1   Thumb Code    24  thread.o(i.threadTimerCallback)
    timer_Init                               0x08004209   Thumb Code    36  timer.o(i.timer_Init)
    timer_TickCheck                          0x0800423d   Thumb Code    90  timer.o(i.timer_TickCheck)
    GPIO_PIN                                 0x0800429c   Data           6  stm32f7xx_nucleo_144.o(.constdata)
    BUTTON_PIN                               0x080042a2   Data           2  stm32f7xx_nucleo_144.o(.constdata)
    BUTTON_IRQn                              0x080042a4   Data           1  stm32f7xx_nucleo_144.o(.constdata)
    AHBPrescTable                            0x080043a5   Data          16  system_stm32f7xx.o(.constdata)
    APBPrescTable                            0x080043b5   Data           8  system_stm32f7xx.o(.constdata)
    Region$$Table$$Base                      0x080045d0   Number         0  anon$$obj.o(Region$$Table)
    Region$$Table$$Limit                     0x080045f0   Number         0  anon$$obj.o(Region$$Table)
    os_Thread_threadDemo1                    0x20000000   Data          80  startup.o(.data)
    threadDemo1_ID                           0x20000050   Data           4  startup.o(.data)
    os_Thread_threadDemo2                    0x20000054   Data          80  startup.o(.data)
    threadDemo2_ID                           0x200000a4   Data           4  startup.o(.data)
    threadDemo3_RunningCount                 0x200000a8   Data           4  startup.o(.data)
    os_Thread_threadDemo3                    0x200000ac   Data          80  startup.o(.data)
    threadDemo3_ID                           0x200000fc   Data           4  startup.o(.data)
    os_Timer_timerDemo1                      0x20000100   Data          28  startup.o(.data)
    timerDemo1_ID                            0x2000011c   Data           4  startup.o(.data)
    timerDemo2_RunningCount                  0x20000120   Data           4  startup.o(.data)
    os_Timer_timerDemo2                      0x20000124   Data          28  startup.o(.data)
    timerDemo2_ID                            0x20000140   Data           4  startup.o(.data)
    timerDemo3_RunningCount                  0x20000144   Data           4  startup.o(.data)
    os_Timer_timerDemo3                      0x20000148   Data          28  startup.o(.data)
    timerDemo3_ID                            0x20000164   Data           4  startup.o(.data)
    GPIO_PORT                                0x20000168   Data          12  stm32f7xx_nucleo_144.o(.data)
    BUTTON_PORT                              0x20000174   Data           4  stm32f7xx_nucleo_144.o(.data)
    idle_ThreadID                            0x200001a8   Data           4  idle.o(.data)
    os_Thread_Idle                           0x200001ac   Data          80  idle.o(.data)
    idle_RunningCount                        0x200001fc   Data           4  idle.o(.data)
    sche_ThreadSwitchStatus                  0x2000020c   Data           8  schedule.o(.data)
    sche_NoReadyList                         0x20000218   Data           8  schedule.o(.data)
    timer_HardList                           0x20000220   Data           8  timer.o(.data)
    timer_softList                           0x20000228   Data           8  timer.o(.data)
    timer_SoftThreadID                       0x20000230   Data           4  timer.o(.data)
    os_Thread_SoftTimer                      0x20000234   Data          80  timer.o(.data)
    softTimer_RunningCount                   0x20000284   Data           4  timer.o(.data)
    logLevelString                           0x200002b8   Data          24  console.o(.data)
    log_LevelFiter                           0x200002d0   Data           1  console.o(.data)
    log_LevelMask                            0x200002d1   Data           1  console.o(.data)
    log_State                                0x200002d2   Data           1  console.o(.data)
    uwTick                                   0x200002d4   Data           4  stm32f7xx_hal.o(.data)
    SystemCoreClock                          0x200002d8   Data           4  system_stm32f7xx.o(.data)
    __stdout                                 0x200002dc   Data           4  stdout.o(.data)
    sche_ReadyList                           0x200002e0   Data         256  schedule.o(.bss)
    buddy_list                               0x200003e0   Data          64  buddy.o(.bss)
    osMem_Info                               0x20000420   Data          16  buddy.o(.bss)
    outputBuffer                             0x20000430   Data         128  console.o(.bss)
    uartHandler                              0x200004b0   Data         112  con_port.o(.bss)
    Image$$RW_IRAM2$$ZI$$Limit               0x20000920   Number         0  anon$$obj.o ABSOLUTE
    __initial_sp                             0x20000920   Data           0  startup_stm32f767xx.o(STACK)



==============================================================================

Memory Map of the image

  Image Entry point : 0x080001f9

  Load Region LR_IROM1 (Base: 0x08000000, Size: 0x000048d0, Max: 0x00200000, ABSOLUTE, COMPRESSED[0x000046a4])

    Execution Region ER_IROM1 (Base: 0x08000000, Size: 0x000045f0, Max: 0x00200000, ABSOLUTE)

    Base Addr    Size         Type   Attr      Idx    E Section Name        Object

    0x08000000   0x000001f8   Data   RO         2597    RESET               startup_stm32f767xx.o
    0x080001f8   0x00000000   Code   RO         2639  * .ARM.Collect$$$$00000000  mc_w.l(entry.o)
    0x080001f8   0x00000004   Code   RO         2909    .ARM.Collect$$$$00000001  mc_w.l(entry2.o)
    0x080001fc   0x00000004   Code   RO         2912    .ARM.Collect$$$$00000004  mc_w.l(entry5.o)
    0x08000200   0x00000000   Code   RO         2914    .ARM.Collect$$$$00000008  mc_w.l(entry7b.o)
    0x08000200   0x00000000   Code   RO         2916    .ARM.Collect$$$$0000000A  mc_w.l(entry8b.o)
    0x08000200   0x00000008   Code   RO         2917    .ARM.Collect$$$$0000000B  mc_w.l(entry9a.o)
    0x08000208   0x00000000   Code   RO         2919    .ARM.Collect$$$$0000000D  mc_w.l(entry10a.o)
    0x08000208   0x00000000   Code   RO         2921    .ARM.Collect$$$$0000000F  mc_w.l(entry11a.o)
    0x08000208   0x00000004   Code   RO         2910    .ARM.Collect$$$$00002712  mc_w.l(entry2.o)
    0x0800020c   0x000000c8   Code   RO         1017    .emb_text           hal_cm.o
    0x080002d4   0x00000024   Code   RO         2598    .text               startup_stm32f767xx.o
    0x080002f8   0x00000012   Code   RO         2644    .text               mc_w.l(strcpy.o)
    0x0800030a   0x0000002c   Code   RO         2924    .text               mc_w.l(uidiv.o)
    0x08000336   0x00000062   Code   RO         2926    .text               mc_w.l(uldiv.o)
    0x08000398   0x00000000   Code   RO         2928    .text               mc_w.l(iusefp.o)
    0x08000398   0x0000014e   Code   RO         2929    .text               mf_w.l(dadd.o)
    0x080004e6   0x000000e4   Code   RO         2931    .text               mf_w.l(dmul.o)
    0x080005ca   0x000000de   Code   RO         2933    .text               mf_w.l(ddiv.o)
    0x080006a8   0x00000030   Code   RO         2935    .text               mf_w.l(dfixul.o)
    0x080006d8   0x00000030   Code   RO         2937    .text               mf_w.l(cdrcmple.o)
    0x08000708   0x00000024   Code   RO         2939    .text               mc_w.l(init.o)
    0x0800072c   0x0000001e   Code   RO         2941    .text               mc_w.l(llshl.o)
    0x0800074a   0x00000020   Code   RO         2943    .text               mc_w.l(llushr.o)
    0x0800076a   0x00000024   Code   RO         2945    .text               mc_w.l(llsshr.o)
    0x0800078e   0x000000ba   Code   RO         2947    .text               mf_w.l(depilogue.o)
    0x08000848   0x00000056   Code   RO         2957    .text               mc_w.l(__dczerorl2.o)
    0x0800089e   0x00000002   PAD
    0x080008a0   0x00000088   Code   RO          191    i.BSP_LED_Init      stm32f7xx_nucleo_144.o
    0x08000928   0x00000020   Code   RO          194    i.BSP_LED_Toggle    stm32f7xx_nucleo_144.o
    0x08000948   0x00000218   Code   RO         1886    i.HAL_GPIO_Init     stm32f7xx_hal_gpio.o
    0x08000b60   0x00000008   Code   RO         1889    i.HAL_GPIO_TogglePin  stm32f7xx_hal_gpio.o
    0x08000b68   0x0000000c   Code   RO         1890    i.HAL_GPIO_WritePin  stm32f7xx_hal_gpio.o
    0x08000b74   0x0000000c   Code   RO         1454    i.HAL_GetTick       stm32f7xx_hal.o
    0x08000b80   0x00000028   Code   RO         1457    i.HAL_InitTick      stm32f7xx_hal.o
    0x08000ba8   0x00000020   Code   RO         1611    i.HAL_NVIC_EnableIRQ  stm32f7xx_hal_cortex.o
    0x08000bc8   0x0000007c   Code   RO         1617    i.HAL_NVIC_SetPriority  stm32f7xx_hal_cortex.o
    0x08000c44   0x00000090   Code   RO         2079    i.HAL_PWREx_EnableOverDrive  stm32f7xx_hal_pwr_ex.o
    0x08000cd4   0x00000980   Code   RO         2269    i.HAL_RCCEx_PeriphCLKConfig  stm32f7xx_hal_rcc_ex.o
    0x08001654   0x000001b4   Code   RO         2166    i.HAL_RCC_ClockConfig  stm32f7xx_hal_rcc.o
    0x08001808   0x0000000c   Code   RO         2171    i.HAL_RCC_GetHCLKFreq  stm32f7xx_hal_rcc.o
    0x08001814   0x0000002c   Code   RO         2173    i.HAL_RCC_GetPCLK1Freq  stm32f7xx_hal_rcc.o
    0x08001840   0x0000002c   Code   RO         2174    i.HAL_RCC_GetPCLK2Freq  stm32f7xx_hal_rcc.o
    0x0800186c   0x000000b4   Code   RO         2175    i.HAL_RCC_GetSysClockFreq  stm32f7xx_hal_rcc.o
    0x08001920   0x000004d0   Code   RO         2270    i.HAL_RCC_OscConfig  stm32f7xx_hal_rcc_ex.o
    0x08001df0   0x00000034   Code   RO         1622    i.HAL_SYSTICK_Config  stm32f7xx_hal_cortex.o
    0x08001e24   0x00000078   Code   RO         2328    i.HAL_UART_Init     stm32f7xx_hal_uart.o
    0x08001e9c   0x00000002   Code   RO         2330    i.HAL_UART_MspInit  stm32f7xx_hal_uart.o
    0x08001e9e   0x000000c6   Code   RO         2336    i.HAL_UART_Transmit  stm32f7xx_hal_uart.o
    0x08001f64   0x00000010   Code   RO         1624    i.NVIC_GetPriorityGrouping  stm32f7xx_hal_cortex.o
    0x08001f74   0x00000028   Code   RO         1625    i.NVIC_SetPriority  stm32f7xx_hal_cortex.o
    0x08001f9c   0x00000008   Code   RO         1018    i.SysTick_Handler   hal_cm.o
    0x08001fa4   0x00000064   Code   RO         2606    i.SystemInit        system_stm32f7xx.o
    0x08002008   0x000000ea   Code   RO         2341    i.UART_AdvFeatureConfig  stm32f7xx_hal_uart.o
    0x080020f2   0x00000074   Code   RO         2342    i.UART_CheckIdleState  stm32f7xx_hal_uart.o
    0x08002166   0x00000002   PAD
    0x08002168   0x0000038c   Code   RO         2353    i.UART_SetConfig    stm32f7xx_hal_uart.o
    0x080024f4   0x0000006c   Code   RO         2355    i.UART_WaitOnFlagUntilTimeout  stm32f7xx_hal_uart.o
    0x08002560   0x00000020   Code   RO         2881    i.__0printf         mc_w.l(printfa.o)
    0x08002580   0x00000028   Code   RO         2883    i.__0sprintf        mc_w.l(printfa.o)
    0x080025a8   0x0000002c   Code   RO         2886    i.__0vsnprintf      mc_w.l(printfa.o)
    0x080025d4   0x0000000e   Code   RO         2951    i.__scatterload_copy  mc_w.l(handlers.o)
    0x080025e2   0x00000002   Code   RO         2952    i.__scatterload_null  mc_w.l(handlers.o)
    0x080025e4   0x0000000e   Code   RO         2953    i.__scatterload_zeroinit  mc_w.l(handlers.o)
    0x080025f2   0x00000002   PAD
    0x080025f4   0x00000184   Code   RO         2888    i._fp_digits        mc_w.l(printfa.o)
    0x08002778   0x000006dc   Code   RO         2889    i._printf_core      mc_w.l(printfa.o)
    0x08002e54   0x00000024   Code   RO         2890    i._printf_post_padding  mc_w.l(printfa.o)
    0x08002e78   0x0000002e   Code   RO         2891    i._printf_pre_padding  mc_w.l(printfa.o)
    0x08002ea6   0x00000016   Code   RO         2892    i._snputc           mc_w.l(printfa.o)
    0x08002ebc   0x0000000a   Code   RO         2893    i._sputc            mc_w.l(printfa.o)
    0x08002ec6   0x00000002   PAD
    0x08002ec8   0x000000a4   Code   RO          825    i.allocateBlock     buddy.o
    0x08002f6c   0x000000c0   Code   RO         1366    i.console_PortInit  con_port.o
    0x0800302c   0x0000001c   Code   RO         1367    i.console_PortOutput  con_port.o
    0x08003048   0x00000030   Code   RO         1019    i.cpu_SetupRegisters  hal_cm.o
    0x08003078   0x0000001c   Code   RO         1368    i.fputc             con_port.o
    0x08003094   0x00000010   Code   RO         1107    i.hal_PendSVSet     hal_support.o
    0x080030a4   0x00000014   Code   RO         1021    i.hal_RaiseBASEPRI  hal_cm.o
    0x080030b8   0x00000006   Code   RO         1022    i.hal_SetBASEPRI    hal_cm.o
    0x080030be   0x00000002   PAD
    0x080030c0   0x00000010   Code   RO         1108    i.hal_SystickConfig  hal_support.o
    0x080030d0   0x0000002c   Code   RO         1244    i.logStrcpy         console.o
    0x080030fc   0x00000018   Code   RO         1245    i.mConsole_Init     console.o
    0x08003114   0x00000020   Code   RO         1246    i.mLog_Control      console.o
    0x08003134   0x0000007c   Code   RO         1248    i.mLog_RawPrntf     console.o
    0x080031b0   0x00000178   Code   RO         1252    i.mLog_ThreadPrintf  console.o
    0x08003328   0x000000a4   Code   RO            4    i.main              startup.o
    0x080033cc   0x000000c4   Code   RO          826    i.mem_Init          buddy.o
    0x08003490   0x00000060   Code   RO         1109    i.osHal_CoreInit    hal_support.o
    0x080034f0   0x00000008   Code   RO         1110    i.osHal_GetSysclk   hal_support.o
    0x080034f8   0x0000000e   Code   RO          637    i.osList_AddTail    timer.o
    0x08003506   0x0000000e   Code   RO          827    i.osList_AddTail    buddy.o
    0x08003514   0x00000010   Code   RO          638    i.osList_CheckIsEmpty  timer.o
    0x08003524   0x00000012   Code   RO          405    i.osList_DeleteNode  schedule.o
    0x08003536   0x00000012   Code   RO          639    i.osList_DeleteNode  timer.o
    0x08003548   0x00000012   Code   RO          828    i.osList_DeleteNode  buddy.o
    0x0800355a   0x00000006   Code   RO          406    i.osList_HeadInit   schedule.o
    0x08003560   0x00000006   Code   RO          640    i.osList_HeadInit   timer.o
    0x08003566   0x00000006   Code   RO          829    i.osList_HeadInit   buddy.o
    0x0800356c   0x00000042   Code   RO          831    i.osMem_Malloc      buddy.o
    0x080035ae   0x00000002   PAD
    0x080035b0   0x00000020   Code   RO          407    i.osSche_Lock       schedule.o
    0x080035d0   0x00000038   Code   RO          408    i.osSche_Unlock     schedule.o
    0x08003608   0x0000000c   Code   RO          409    i.osSys_GetNowTick  schedule.o
    0x08003614   0x00000020   Code   RO          346    i.osSys_ISREnter    irq.o
    0x08003634   0x00000020   Code   RO          347    i.osSys_ISRLeave    irq.o
    0x08003654   0x00000028   Code   RO         1166    i.osSys_KernelInitialize  init.o
    0x0800367c   0x00000064   Code   RO         1167    i.osSys_KernelStartup  init.o
    0x080036e0   0x00000188   Code   RO         1168    i.osSys_ModulesInit  init.o
    0x08003868   0x000000a4   Code   RO          537    i.osThread_Create   thread.o
    0x0800390c   0x00000034   Code   RO          538    i.osThread_Delay    thread.o
    0x08003940   0x0000003e   Code   RO          539    i.osThread_Ready    thread.o
    0x0800397e   0x00000002   PAD
    0x08003980   0x00000018   Code   RO          540    i.osThread_Self     thread.o
    0x08003998   0x00000040   Code   RO          541    i.osThread_Suspend  thread.o
    0x080039d8   0x00000064   Code   RO          543    i.osThread_Yield    thread.o
    0x08003a3c   0x0000001c   Code   RO          641    i.osTimer_Create    timer.o
    0x08003a58   0x000000c0   Code   RO          645    i.osTimer_Start     timer.o
    0x08003b18   0x00000020   Code   RO          646    i.osTimer_Stop      timer.o
    0x08003b38   0x0000007c   Code   RO          269    i.os_Idle_Thread    idle.o
    0x08003bb4   0x00000140   Code   RO          647    i.os_SoftTimer_Thread  timer.o
    0x08003cf4   0x00000078   Code   RO            5    i.os_ThreadFunc_threadDemo1  startup.o
    0x08003d6c   0x00000094   Code   RO            6    i.os_ThreadFunc_threadDemo2  startup.o
    0x08003e00   0x00000094   Code   RO            7    i.os_ThreadFunc_threadDemo3  startup.o
    0x08003e94   0x0000000c   Code   RO            8    i.os_TimerCB_timerDemo1  startup.o
    0x08003ea0   0x0000000c   Code   RO            9    i.os_TimerCB_timerDemo2  startup.o
    0x08003eac   0x0000000c   Code   RO           10    i.os_TimerCB_timerDemo3  startup.o
    0x08003eb8   0x00000050   Code   RO          410    i.sche_Init         schedule.o
    0x08003f08   0x00000048   Code   RO          411    i.sche_InsertThread  schedule.o
    0x08003f50   0x00000010   Code   RO          412    i.sche_NextToNow    schedule.o
    0x08003f60   0x00000044   Code   RO          413    i.sche_RemoveThread  schedule.o
    0x08003fa4   0x00000098   Code   RO          414    i.sche_SetFirstThread  schedule.o
    0x0800403c   0x000000cc   Code   RO          415    i.sche_ToNextThread  schedule.o
    0x08004108   0x0000001c   Code   RO          416    i.stackOverFlowCheck  schedule.o
    0x08004124   0x00000054   Code   RO          417    i.sys_TickHandler   schedule.o
    0x08004178   0x00000070   Code   RO         1111    i.systemClock_ReConfig  hal_support.o
    0x080041e8   0x00000008   Code   RO         1023    i.taskExitError     hal_cm.o
    0x080041f0   0x00000018   Code   RO          544    i.threadTimerCallback  thread.o
    0x08004208   0x00000034   Code   RO          648    i.timer_Init        timer.o
    0x0800423c   0x00000060   Code   RO          649    i.timer_TickCheck   timer.o
    0x0800429c   0x00000009   Data   RO          198    .constdata          stm32f7xx_nucleo_144.o
    0x080042a5   0x00000100   Data   RO          419    .constdata          schedule.o
    0x080043a5   0x00000018   Data   RO         2607    .constdata          system_stm32f7xx.o
    0x080043bd   0x00000003   PAD
    0x080043c0   0x000001b8   Data   RO          270    .conststring        idle.o
    0x08004578   0x00000056   Data   RO         1254    .conststring        console.o
    0x080045ce   0x00000002   PAD
    0x080045d0   0x00000020   Data   RO         2949    Region$$Table       anon$$obj.o


    Execution Region RW_IRAM2 (Base: 0x20000000, Size: 0x00000920, Max: 0x00020000, ABSOLUTE, COMPRESSED[0x000000b4])

    Base Addr    Size         Type   Attr      Idx    E Section Name        Object

    0x20000000   0x00000168   Data   RW           11    .data               startup.o
    0x20000168   0x00000010   Data   RW          199    .data               stm32f7xx_nucleo_144.o
    0x20000178   0x00000088   Data   RW          271    .data               idle.o
    0x20000200   0x00000001   Data   RW          348    .data               irq.o
    0x20000201   0x00000003   PAD
    0x20000204   0x0000001c   Data   RW          420    .data               schedule.o
    0x20000220   0x00000068   Data   RW          650    .data               timer.o
    0x20000288   0x00000030   Data   RW         1170    .data               init.o
    0x200002b8   0x0000001b   Data   RW         1255    .data               console.o
    0x200002d3   0x00000001   PAD
    0x200002d4   0x00000004   Data   RW         1462    .data               stm32f7xx_hal.o
    0x200002d8   0x00000004   Data   RW         2608    .data               system_stm32f7xx.o
    0x200002dc   0x00000004   Data   RW         2923    .data               mc_w.l(stdout.o)
    0x200002e0   0x00000100   Zero   RW          418    .bss                schedule.o
    0x200003e0   0x00000050   Zero   RW          832    .bss                buddy.o
    0x20000430   0x00000080   Zero   RW         1253    .bss                console.o
    0x200004b0   0x00000070   Zero   RW         1369    .bss                con_port.o
    0x20000520   0x00000400   Zero   RW         2595    STACK               startup_stm32f767xx.o


==============================================================================

Image component sizes


      Code (inc. data)   RO Data    RW Data    ZI Data      Debug   Object Name

       464         18          0          0         80       7468   buddy.o
       248         30          0          0        112       2658   con_port.o
       600         66         86         27        128       7816   console.o
       290         22          0          0          0       8241   hal_cm.o
       248         18          0          0          0       2547   hal_support.o
       124         62        440        136          0       5934   idle.o
       532        304          0         48          0       2259   init.o
        64         12          0          1          0       2461   irq.o
       828        126        256         28        256      13228   schedule.o
       616        228          0        360          0     403867   startup.o
        36          8        504          0       1024        840   startup_stm32f767xx.o
        52         10          0          4          0       2434   stm32f7xx_hal.o
       264         14          0          0          0      38080   stm32f7xx_hal_cortex.o
       556         52          0          0          0       3405   stm32f7xx_hal_gpio.o
       144          8          0          0          0       1492   stm32f7xx_hal_pwr_ex.o
       716         50          0          0          0       4560   stm32f7xx_hal_rcc.o
      3664         32          0          0          0       4004   stm32f7xx_hal_rcc_ex.o
      1686         50          0          0          0       6816   stm32f7xx_hal_uart.o
       168         24          9         16          0       2324   stm32f7xx_nucleo_144.o
       100         18         24          4          0       1255   system_stm32f7xx.o
       490         28          0          0          0       9907   thread.o
       774        104          0        104          0      11971   timer.o

    ----------------------------------------------------------------------
     12672       1284       1356        732       1600     543567   Object Totals
         0          0         32          0          0          0   (incl. Generated)
         8          0          5          4          0          0   (incl. Padding)

    ----------------------------------------------------------------------

      Code (inc. data)   RO Data    RW Data    ZI Data      Debug   Library Member Name

        86          0          0          0          0          0   __dczerorl2.o
         0          0          0          0          0          0   entry.o
         0          0          0          0          0          0   entry10a.o
         0          0          0          0          0          0   entry11a.o
         8          4          0          0          0          0   entry2.o
         4          0          0          0          0          0   entry5.o
         0          0          0          0          0          0   entry7b.o
         0          0          0          0          0          0   entry8b.o
         8          4          0          0          0          0   entry9a.o
        30          0          0          0          0          0   handlers.o
        36          8          0          0          0         68   init.o
         0          0          0          0          0          0   iusefp.o
        30          0          0          0          0         68   llshl.o
        36          0          0          0          0         68   llsshr.o
        32          0          0          0          0         68   llushr.o
      2374        100          0          0          0        752   printfa.o
         0          0          0          4          0          0   stdout.o
        18          0          0          0          0         68   strcpy.o
        44          0          0          0          0         80   uidiv.o
        98          0          0          0          0         92   uldiv.o
        48          0          0          0          0         68   cdrcmple.o
       334          0          0          0          0        148   dadd.o
       222          0          0          0          0        100   ddiv.o
       186          0          0          0          0        176   depilogue.o
        48          0          0          0          0         68   dfixul.o
       228          0          0          0          0         96   dmul.o

    ----------------------------------------------------------------------
      3876        116          0          4          0       1920   Library Totals
         6          0          0          0          0          0   (incl. Padding)

    ----------------------------------------------------------------------

      Code (inc. data)   RO Data    RW Data    ZI Data      Debug   Library Name

      2804        116          0          4          0       1264   mc_w.l
      1066          0          0          0          0        656   mf_w.l

    ----------------------------------------------------------------------
      3876        116          0          4          0       1920   Library Totals

    ----------------------------------------------------------------------

==============================================================================


      Code (inc. data)   RO Data    RW Data    ZI Data      Debug   

     16548       1400       1356        736       1600     535631   Grand Totals
     16548       1400       1356        180       1600     535631   ELF Image Totals (compressed)
     16548       1400       1356        180          0          0   ROM Totals

==============================================================================

    Total RO  Size (Code + RO Data)                17904 (  17.48kB)
    Total RW  Size (RW Data + ZI Data)              2336 (   2.28kB)
    Total ROM Size (Code + RO Data + RW Data)      18084 (  17.66kB)

==============================================================================

