Component: ARM Compiler 5.06 update 5 (build 528) Tool: armlink [4d35e2]

==============================================================================

Section Cross References

    startup.o(i.main) refers to hal_support.o(i.osHal_CoreInit) for osHal_CoreInit
    startup.o(i.main) refers to stm32f7xx_nucleo_144.o(i.BSP_LED_Init) for BSP_LED_Init
    startup.o(i.main) refers to stm32f7xx_nucleo_144.o(i.BSP_PB_Init) for BSP_PB_Init
    startup.o(i.main) refers to init.o(i.osSys_KernelInitialize) for osSys_KernelInitialize
    startup.o(i.main) refers to thread.o(i.osThread_StaticCreate) for osThread_StaticCreate
    startup.o(i.main) refers to thread.o(i.osThread_Ready) for osThread_Ready
    startup.o(i.main) refers to timer.o(i.osTimer_Create) for osTimer_Create
    startup.o(i.main) refers to timer.o(i.osTimer_Start) for osTimer_Start
    startup.o(i.main) refers to init.o(i.osSys_KernelStartup) for osSys_KernelStartup
    startup.o(i.main) refers to startup.o(.bss) for os_Thread_Stack_thread3
    startup.o(i.main) refers to startup.o(.data) for os_Thread_thread3
    startup.o(i.os_Thread_Func_thread1) refers to signal.o(i.osSignal_Wait) for osSignal_Wait
    startup.o(i.os_Thread_Func_thread1) refers to thread.o(i.osThread_Self) for osThread_Self
    startup.o(i.os_Thread_Func_thread1) refers to thread.o(i.osThread_GetName) for osThread_GetName
    startup.o(i.os_Thread_Func_thread1) refers to log.o(i.osLog_Printf) for osLog_Printf
    startup.o(i.os_Thread_Func_thread2) refers to thread.o(i.osThread_Create) for osThread_Create
    startup.o(i.os_Thread_Func_thread2) refers to thread.o(i.osThread_Ready) for osThread_Ready
    startup.o(i.os_Thread_Func_thread2) refers to signal.o(i.osSignal_Wait) for osSignal_Wait
    startup.o(i.os_Thread_Func_thread2) refers to thread.o(i.osThread_Self) for osThread_Self
    startup.o(i.os_Thread_Func_thread2) refers to thread.o(i.osThread_GetName) for osThread_GetName
    startup.o(i.os_Thread_Func_thread2) refers to log.o(i.osLog_Printf) for osLog_Printf
    startup.o(i.os_Thread_Func_thread2) refers to startup.o(.data) for os_Thread_thread1
    startup.o(i.os_Thread_Func_thread3) refers to thread.o(i.osThread_Ready) for osThread_Ready
    startup.o(i.os_Thread_Func_thread3) refers to thread.o(i.osThread_Delay) for osThread_Delay
    startup.o(i.os_Thread_Func_thread3) refers to thread.o(i.osThread_Self) for osThread_Self
    startup.o(i.os_Thread_Func_thread3) refers to thread.o(i.osThread_GetName) for osThread_GetName
    startup.o(i.os_Thread_Func_thread3) refers to log.o(i.osLog_Printf) for osLog_Printf
    startup.o(i.os_Thread_Func_thread3) refers to stm32f7xx_nucleo_144.o(i.BSP_LED_Toggle) for BSP_LED_Toggle
    startup.o(i.os_Thread_Func_thread3) refers to startup.o(.data) for thread2_ID
    startup.o(i.os_Timer_Callback_timerDemo1) refers to stm32f7xx_nucleo_144.o(i.BSP_LED_Toggle) for BSP_LED_Toggle
    startup.o(i.os_Timer_Callback_timerDemo1) refers to signal.o(i.osSignal_Set) for osSignal_Set
    startup.o(i.os_Timer_Callback_timerDemo1) refers to startup.o(.data) for thread1_ID
    startup.o(i.os_Timer_Callback_timerDemo2) refers to stm32f7xx_nucleo_144.o(i.BSP_LED_Toggle) for BSP_LED_Toggle
    startup.o(i.os_Timer_Callback_timerDemo2) refers to signal.o(i.osSignal_Set) for osSignal_Set
    startup.o(i.os_Timer_Callback_timerDemo2) refers to startup.o(.data) for thread2_ID
    startup.o(.data) refers to startup.o(i.os_Thread_Func_thread1) for os_Thread_Func_thread1
    startup.o(.data) refers to startup.o(.conststring) for .conststring
    startup.o(.data) refers to startup.o(i.os_Thread_Func_thread2) for os_Thread_Func_thread2
    startup.o(.data) refers to startup.o(i.os_Thread_Func_thread3) for os_Thread_Func_thread3
    startup.o(.data) refers to startup.o(i.os_Timer_Callback_timerDemo1) for os_Timer_Callback_timerDemo1
    startup.o(.data) refers to startup.o(i.os_Timer_Callback_timerDemo2) for os_Timer_Callback_timerDemo2
    stm32f7xx_nucleo_144.o(i.BSP_LED_DeInit) refers to stm32f7xx_hal_gpio.o(i.HAL_GPIO_WritePin) for HAL_GPIO_WritePin
    stm32f7xx_nucleo_144.o(i.BSP_LED_DeInit) refers to stm32f7xx_hal_gpio.o(i.HAL_GPIO_DeInit) for HAL_GPIO_DeInit
    stm32f7xx_nucleo_144.o(i.BSP_LED_DeInit) refers to stm32f7xx_nucleo_144.o(.constdata) for GPIO_PIN
    stm32f7xx_nucleo_144.o(i.BSP_LED_DeInit) refers to stm32f7xx_nucleo_144.o(.data) for GPIO_PORT
    stm32f7xx_nucleo_144.o(i.BSP_LED_Init) refers to stm32f7xx_hal_gpio.o(i.HAL_GPIO_Init) for HAL_GPIO_Init
    stm32f7xx_nucleo_144.o(i.BSP_LED_Init) refers to stm32f7xx_hal_gpio.o(i.HAL_GPIO_WritePin) for HAL_GPIO_WritePin
    stm32f7xx_nucleo_144.o(i.BSP_LED_Init) refers to stm32f7xx_nucleo_144.o(.constdata) for GPIO_PIN
    stm32f7xx_nucleo_144.o(i.BSP_LED_Init) refers to stm32f7xx_nucleo_144.o(.data) for GPIO_PORT
    stm32f7xx_nucleo_144.o(i.BSP_LED_Off) refers to stm32f7xx_hal_gpio.o(i.HAL_GPIO_WritePin) for HAL_GPIO_WritePin
[...]
    Removing stm32f7xx_hal_rcc_ex.o(.rrx_text), (6 bytes).
    Removing stm32f7xx_hal_rcc_ex.o(i.HAL_RCCEx_GetPeriphCLKConfig), (604 bytes).
    Removing stm32f7xx_hal_rcc_ex.o(i.HAL_RCCEx_GetPeriphCLKFreq), (516 bytes).
    Removing stm32f7xx_hal_uart.o(.rev16_text), (4 bytes).
    Removing stm32f7xx_hal_uart.o(.revsh_text), (4 bytes).
    Removing stm32f7xx_hal_uart.o(.rrx_text), (6 bytes).
    Removing stm32f7xx_hal_uart.o(i.HAL_HalfDuplex_EnableReceiver), (74 bytes).
    Removing stm32f7xx_hal_uart.o(i.HAL_HalfDuplex_EnableTransmitter), (74 bytes).
    Removing stm32f7xx_hal_uart.o(i.HAL_HalfDuplex_Init), (124 bytes).
    Removing stm32f7xx_hal_uart.o(i.HAL_LIN_Init), (140 bytes).
    Removing stm32f7xx_hal_uart.o(i.HAL_LIN_SendBreak), (62 bytes).
    Removing stm32f7xx_hal_uart.o(i.HAL_MultiProcessorEx_AddressLength_Set), (64 bytes).
    Removing stm32f7xx_hal_uart.o(i.HAL_MultiProcessor_DisableMuteMode), (58 bytes).
    Removing stm32f7xx_hal_uart.o(i.HAL_MultiProcessor_EnableMuteMode), (58 bytes).
    Removing stm32f7xx_hal_uart.o(i.HAL_MultiProcessor_EnterMuteMode), (14 bytes).
    Removing stm32f7xx_hal_uart.o(i.HAL_MultiProcessor_Init), (148 bytes).
    Removing stm32f7xx_hal_uart.o(i.HAL_RS485Ex_Init), (156 bytes).
    Removing stm32f7xx_hal_uart.o(i.HAL_UART_DMAPause), (122 bytes).
    Removing stm32f7xx_hal_uart.o(i.HAL_UART_DMAResume), (120 bytes).
    Removing stm32f7xx_hal_uart.o(i.HAL_UART_DMAStop), (100 bytes).
    Removing stm32f7xx_hal_uart.o(i.HAL_UART_DeInit), (72 bytes).
    Removing stm32f7xx_hal_uart.o(i.HAL_UART_ErrorCallback), (2 bytes).
    Removing stm32f7xx_hal_uart.o(i.HAL_UART_GetError), (6 bytes).
    Removing stm32f7xx_hal_uart.o(i.HAL_UART_GetState), (20 bytes).
    Removing stm32f7xx_hal_uart.o(i.HAL_UART_IRQHandler), (348 bytes).
    Removing stm32f7xx_hal_uart.o(i.HAL_UART_MspDeInit), (2 bytes).
    Removing stm32f7xx_hal_uart.o(i.HAL_UART_Receive), (274 bytes).
    Removing stm32f7xx_hal_uart.o(i.HAL_UART_Receive_DMA), (172 bytes).
    Removing stm32f7xx_hal_uart.o(i.HAL_UART_Receive_IT), (200 bytes).
    Removing stm32f7xx_hal_uart.o(i.HAL_UART_RxCpltCallback), (2 bytes).
    Removing stm32f7xx_hal_uart.o(i.HAL_UART_RxHalfCpltCallback), (2 bytes).
    Removing stm32f7xx_hal_uart.o(i.HAL_UART_Transmit_DMA), (160 bytes).
    Removing stm32f7xx_hal_uart.o(i.HAL_UART_Transmit_IT), (90 bytes).
    Removing stm32f7xx_hal_uart.o(i.HAL_UART_TxCpltCallback), (2 bytes).
    Removing stm32f7xx_hal_uart.o(i.HAL_UART_TxHalfCpltCallback), (2 bytes).
    Removing stm32f7xx_hal_uart.o(i.UART_DMAAbortOnError), (24 bytes).
    Removing stm32f7xx_hal_uart.o(i.UART_DMAError), (78 bytes).
    Removing stm32f7xx_hal_uart.o(i.UART_DMAReceiveCplt), (72 bytes).
    Removing stm32f7xx_hal_uart.o(i.UART_DMARxHalfCplt), (14 bytes).
    Removing stm32f7xx_hal_uart.o(i.UART_DMATransmitCplt), (56 bytes).
    Removing stm32f7xx_hal_uart.o(i.UART_DMATxHalfCplt), (14 bytes).
    Removing stm32f7xx_hal_uart.o(i.UART_EndRxTransfer), (32 bytes).
    Removing stm32f7xx_hal_uart.o(i.UART_EndTransmit_IT), (32 bytes).
    Removing stm32f7xx_hal_uart.o(i.UART_EndTxTransfer), (20 bytes).
    Removing stm32f7xx_hal_uart.o(i.UART_Receive_IT), (136 bytes).
    Removing stm32f7xx_hal_uart.o(i.UART_Transmit_IT), (106 bytes).
    Removing startup_stm32f767xx.o(HEAP), (512 bytes).
    Removing system_stm32f7xx.o(.rev16_text), (4 bytes).
    Removing system_stm32f7xx.o(.revsh_text), (4 bytes).
    Removing system_stm32f7xx.o(.rrx_text), (6 bytes).
    Removing system_stm32f7xx.o(i.SystemCoreClockUpdate), (192 bytes).

270 unused section(s) (total 19669 bytes) removed from the image.

==============================================================================

Image Symbol Table

    Local Symbols

    Symbol Name                              Value     Ov Type        Size  Object(Section)

    ../clib/../cmprslib/zerorunl2.c          0x00000000   Number         0  __dczerorl2.o ABSOLUTE
    ../clib/microlib/division.c              0x00000000   Number         0  uldiv.o ABSOLUTE
    ../clib/microlib/division.c              0x00000000   Number         0  uidiv.o ABSOLUTE
    ../clib/microlib/init/entry.s            0x00000000   Number         0  entry2.o ABSOLUTE
    ../clib/microlib/init/entry.s            0x00000000   Number         0  entry5.o ABSOLUTE
    ../clib/microlib/init/entry.s            0x00000000   Number         0  entry7a.o ABSOLUTE
    ../clib/microlib/init/entry.s            0x00000000   Number         0  entry7b.o ABSOLUTE
    ../clib/microlib/init/entry.s            0x00000000   Number         0  entry8a.o ABSOLUTE
    ../clib/microlib/init/entry.s            0x00000000   Number         0  entry8b.o ABSOLUTE
    ../clib/microlib/init/entry.s            0x00000000   Number         0  entry11a.o ABSOLUTE
    ../clib/microlib/init/entry.s            0x00000000   Number         0  entry9a.o ABSOLUTE
    ../clib/microlib/init/entry.s            0x00000000   Number         0  entry9b.o ABSOLUTE
    ../clib/microlib/init/entry.s            0x00000000   Number         0  entry10a.o ABSOLUTE
    ../clib/microlib/init/entry.s            0x00000000   Number         0  entry10b.o ABSOLUTE
    ../clib/microlib/init/entry.s            0x00000000   Number         0  entry11b.o ABSOLUTE
    ../clib/microlib/init/entry.s            0x00000000   Number         0  entry.o ABSOLUTE
    ../clib/microlib/longlong.c              0x00000000   Number         0  llsshr.o ABSOLUTE
    ../clib/microlib/longlong.c              0x00000000   Number         0  llushr.o ABSOLUTE
    ../clib/microlib/longlong.c              0x00000000   Number         0  llshl.o ABSOLUTE
    ../clib/microlib/printf/printf.c         0x00000000   Number         0  printf7.o ABSOLUTE
    ../clib/microlib/printf/printf.c         0x00000000   Number         0  printf2.o ABSOLUTE
    ../clib/microlib/printf/printf.c         0x00000000   Number         0  printf4.o ABSOLUTE
    ../clib/microlib/printf/printf.c         0x00000000   Number         0  printf5.o ABSOLUTE
    ../clib/microlib/printf/printf.c         0x00000000   Number         0  printfa.o ABSOLUTE
    ../clib/microlib/printf/printf.c         0x00000000   Number         0  printf3.o ABSOLUTE
    ../clib/microlib/printf/printf.c         0x00000000   Number         0  printf8.o ABSOLUTE
    ../clib/microlib/printf/printf.c         0x00000000   Number         0  printf6.o ABSOLUTE
    ../clib/microlib/printf/printf.c         0x00000000   Number         0  printfb.o ABSOLUTE
    ../clib/microlib/printf/printf.c         0x00000000   Number         0  printf0.o ABSOLUTE
    ../clib/microlib/printf/printf.c         0x00000000   Number         0  printf1.o ABSOLUTE
    ../clib/microlib/printf/stubs.s          0x00000000   Number         0  stubs.o ABSOLUTE
    ../clib/microlib/stdio/streams.c         0x00000000   Number         0  stdout.o ABSOLUTE
    ../clib/microlib/string/memcpy.c         0x00000000   Number         0  memcpyb.o ABSOLUTE
    ../clib/microlib/string/memcpy.c         0x00000000   Number         0  memcpya.o ABSOLUTE
    ../clib/microlib/string/strcpy.c         0x00000000   Number         0  strcpy.o ABSOLUTE
    ../clib/microlib/stubs.s                 0x00000000   Number         0  iusefp.o ABSOLUTE
    ../fplib/microlib/fpadd.c                0x00000000   Number         0  dadd.o ABSOLUTE
    ../fplib/microlib/fpdiv.c                0x00000000   Number         0  ddiv.o ABSOLUTE
    ../fplib/microlib/fpepilogue.c           0x00000000   Number         0  depilogue.o ABSOLUTE
    ../fplib/microlib/fpfix.c                0x00000000   Number         0  dfixul.o ABSOLUTE
    ../fplib/microlib/fpmul.c                0x00000000   Number         0  dmul.o ABSOLUTE
    ..\\os\\arch\\hal_Support.c              0x00000000   Number         0  hal_support.o ABSOLUTE
    ..\\os\\arch\\hal_cm.c                   0x00000000   Number         0  hal_cm.o ABSOLUTE
    ..\\os\\init\\init.c                     0x00000000   Number         0  init.o ABSOLUTE
    ..\\os\\kernel\\idle.c                   0x00000000   Number         0  idle.o ABSOLUTE
    ..\\os\\kernel\\irq.c                    0x00000000   Number         0  irq.o ABSOLUTE
    ..\\os\\kernel\\schedule.c               0x00000000   Number         0  schedule.o ABSOLUTE
    ..\\os\\kernel\\thread.c                 0x00000000   Number         0  thread.o ABSOLUTE
    ..\\os\\kernel\\timer.c                  0x00000000   Number         0  timer.o ABSOLUTE
    ..\\os\\lib\\ringBuffer.c                0x00000000   Number         0  ringbuffer.o ABSOLUTE
    ..\\os\\mm\\buddy.c                      0x00000000   Number         0  buddy.o ABSOLUTE
    ..\\os\\pm\\signal.c                     0x00000000   Number         0  signal.o ABSOLUTE
    ..\\os\\service\\log.c                   0x00000000   Number         0  log.o ABSOLUTE
    ..\\os\\service\\log_if.c                0x00000000   Number         0  log_if.o ABSOLUTE
    ..\os\arch\hal_Support.c                 0x00000000   Number         0  hal_support.o ABSOLUTE
    ..\os\arch\hal_cm.c                      0x00000000   Number         0  hal_cm.o ABSOLUTE
    ..\os\init\init.c                        0x00000000   Number         0  init.o ABSOLUTE
    ..\os\kernel\idle.c                      0x00000000   Number         0  idle.o ABSOLUTE
    ..\os\kernel\irq.c                       0x00000000   Number         0  irq.o ABSOLUTE
    ..\os\kernel\schedule.c                  0x00000000   Number         0  schedule.o ABSOLUTE
    ..\os\kernel\thread.c                    0x00000000   Number         0  thread.o ABSOLUTE
    ..\os\kernel\timer.c                     0x00000000   Number         0  timer.o ABSOLUTE
    ..\os\lib\ringBuffer.c                   0x00000000   Number         0  ringbuffer.o ABSOLUTE
    ..\os\mm\buddy.c                         0x00000000   Number         0  buddy.o ABSOLUTE
    ..\os\pm\signal.c                        0x00000000   Number         0  signal.o ABSOLUTE
    ..\os\service\log.c                      0x00000000   Number         0  log.o ABSOLUTE
    ..\os\service\log_if.c                   0x00000000   Number         0  log_if.o ABSOLUTE
    F:\Programs\Development\keil5\ARM\PACK\Keil\STM32F7xx_DFP\2.7.0\Drivers\STM32F7xx_HAL_Driver\Src\stm32f7xx_hal.c 0x00000000   Number         0  stm32f7xx_hal.o ABSOLUTE
    F:\Programs\Development\keil5\ARM\PACK\Keil\STM32F7xx_DFP\2.7.0\Drivers\STM32F7xx_HAL_Driver\Src\stm32f7xx_hal_cortex.c 0x00000000   Number         0  stm32f7xx_hal_cortex.o ABSOLUTE
    F:\Programs\Development\keil5\ARM\PACK\Keil\STM32F7xx_DFP\2.7.0\Drivers\STM32F7xx_HAL_Driver\Src\stm32f7xx_hal_dma.c 0x00000000   Number         0  stm32f7xx_hal_dma.o ABSOLUTE
    F:\Programs\Development\keil5\ARM\PACK\Keil\STM32F7xx_DFP\2.7.0\Drivers\STM32F7xx_HAL_Driver\Src\stm32f7xx_hal_dma_ex.c 0x00000000   Number         0  stm32f7xx_hal_dma_ex.o ABSOLUTE
    F:\Programs\Development\keil5\ARM\PACK\Keil\STM32F7xx_DFP\2.7.0\Drivers\STM32F7xx_HAL_Driver\Src\stm32f7xx_hal_gpio.c 0x00000000   Number         0  stm32f7xx_hal_gpio.o ABSOLUTE
    F:\Programs\Development\keil5\ARM\PACK\Keil\STM32F7xx_DFP\2.7.0\Drivers\STM32F7xx_HAL_Driver\Src\stm32f7xx_hal_pwr.c 0x00000000   Number         0  stm32f7xx_hal_pwr.o ABSOLUTE
    F:\Programs\Development\keil5\ARM\PACK\Keil\STM32F7xx_DFP\2.7.0\Drivers\STM32F7xx_HAL_Driver\Src\stm32f7xx_hal_pwr_ex.c 0x00000000   Number         0  stm32f7xx_hal_pwr_ex.o ABSOLUTE
    F:\Programs\Development\keil5\ARM\PACK\Keil\STM32F7xx_DFP\2.7.0\Drivers\STM32F7xx_HAL_Driver\Src\stm32f7xx_hal_rcc.c 0x00000000   Number         0  stm32f7xx_hal_rcc.o ABSOLUTE
    F:\Programs\Development\keil5\ARM\PACK\Keil\STM32F7xx_DFP\2.7.0\Drivers\STM32F7xx_HAL_Driver\Src\stm32f7xx_hal_rcc_ex.c 0x00000000   Number         0  stm32f7xx_hal_rcc_ex.o ABSOLUTE
    F:\Programs\Development\keil5\ARM\PACK\Keil\STM32F7xx_DFP\2.7.0\Drivers\STM32F7xx_HAL_Driver\Src\stm32f7xx_hal_uart.c 0x00000000   Number         0  stm32f7xx_hal_uart.o ABSOLUTE
    F:\\Programs\\Development\\keil5\\ARM\\PACK\\Keil\\STM32F7xx_DFP\\2.7.0\\Drivers\\STM32F7xx_HAL_Driver\\Src\\stm32f7xx_hal.c 0x00000000   Number         0  stm32f7xx_hal.o ABSOLUTE
    F:\\Programs\\Development\\keil5\\ARM\\PACK\\Keil\\STM32F7xx_DFP\\2.7.0\\Drivers\\STM32F7xx_HAL_Driver\\Src\\stm32f7xx_hal_cortex.c 0x00000000   Number         0  stm32f7xx_hal_cortex.o ABSOLUTE
    F:\\Programs\\Development\\keil5\\ARM\\PACK\\Keil\\STM32F7xx_DFP\\2.7.0\\Drivers\\STM32F7xx_HAL_Driver\\Src\\stm32f7xx_hal_dma.c 0x00000000   Number         0  stm32f7xx_hal_dma.o ABSOLUTE
    F:\\Programs\\Development\\keil5\\ARM\\PACK\\Keil\\STM32F7xx_DFP\\2.7.0\\Drivers\\STM32F7xx_HAL_Driver\\Src\\stm32f7xx_hal_dma_ex.c 0x00000000   Number         0  stm32f7xx_hal_dma_ex.o ABSOLUTE
    F:\\Programs\\Development\\keil5\\ARM\\PACK\\Keil\\STM32F7xx_DFP\\2.7.0\\Drivers\\STM32F7xx_HAL_Driver\\Src\\stm32f7xx_hal_gpio.c 0x00000000   Number         0  stm32f7xx_hal_gpio.o ABSOLUTE
    F:\\Programs\\Development\\keil5\\ARM\\PACK\\Keil\\STM32F7xx_DFP\\2.7.0\\Drivers\\STM32F7xx_HAL_Driver\\Src\\stm32f7xx_hal_pwr.c 0x00000000   Number         0  stm32f7xx_hal_pwr.o ABSOLUTE
    F:\\Programs\\Development\\keil5\\ARM\\PACK\\Keil\\STM32F7xx_DFP\\2.7.0\\Drivers\\STM32F7xx_HAL_Driver\\Src\\stm32f7xx_hal_pwr_ex.c 0x00000000   Number         0  stm32f7xx_hal_pwr_ex.o ABSOLUTE
    F:\\Programs\\Development\\keil5\\ARM\\PACK\\Keil\\STM32F7xx_DFP\\2.7.0\\Drivers\\STM32F7xx_HAL_Driver\\Src\\stm32f7xx_hal_rcc.c 0x00000000   Number         0  stm32f7xx_hal_rcc.o ABSOLUTE
    F:\\Programs\\Development\\keil5\\ARM\\PACK\\Keil\\STM32F7xx_DFP\\2.7.0\\Drivers\\STM32F7xx_HAL_Driver\\Src\\stm32f7xx_hal_rcc_ex.c 0x00000000   Number         0  stm32f7xx_hal_rcc_ex.o ABSOLUTE
    F:\\Programs\\Development\\keil5\\ARM\\PACK\\Keil\\STM32F7xx_DFP\\2.7.0\\Drivers\\STM32F7xx_HAL_Driver\\Src\\stm32f7xx_hal_uart.c 0x00000000   Number         0  stm32f7xx_hal_uart.o ABSOLUTE
    RTE\Device\STM32F767ZITx\startup_stm32f767xx.s 0x00000000   Number         0  startup_stm32f767xx.o ABSOLUTE
    RTE\Device\STM32F767ZITx\system_stm32f7xx.c 0x00000000   Number         0  system_stm32f7xx.o ABSOLUTE
    RTE\\Device\\STM32F767ZITx\\system_stm32f7xx.c 0x00000000   Number         0  system_stm32f7xx.o ABSOLUTE
    Source\\startup.c                        0x00000000   Number         0  startup.o ABSOLUTE
    Source\\stm32f7xx_nucleo_144.c           0x00000000   Number         0  stm32f7xx_nucleo_144.o ABSOLUTE
    Source\startup.c                         0x00000000   Number         0  startup.o ABSOLUTE
    Source\stm32f7xx_nucleo_144.c            0x00000000   Number         0  stm32f7xx_nucleo_144.o ABSOLUTE
    cdrcmple.s                               0x00000000   Number         0  cdrcmple.o ABSOLUTE
    dc.s                                     0x00000000   Number         0  dc.o ABSOLUTE
    handlers.s                               0x00000000   Number         0  handlers.o ABSOLUTE
    init.s                                   0x00000000   Number         0  init.o ABSOLUTE
    RESET                                    0x08000000   Section      504  startup_stm32f767xx.o(RESET)
    .ARM.Collect$$$$00000000                 0x080001f8   Section        0  entry.o(.ARM.Collect$$$$00000000)
    .ARM.Collect$$$$00000001                 0x080001f8   Section        4  entry2.o(.ARM.Collect$$$$00000001)
    .ARM.Collect$$$$00000004                 0x080001fc   Section        4  entry5.o(.ARM.Collect$$$$00000004)
    .ARM.Collect$$$$00000008                 0x08000200   Section        0  entry7b.o(.ARM.Collect$$$$00000008)
    .ARM.Collect$$$$0000000A                 0x08000200   Section        0  entry8b.o(.ARM.Collect$$$$0000000A)
    .ARM.Collect$$$$0000000B                 0x08000200   Section        8  entry9a.o(.ARM.Collect$$$$0000000B)
    .ARM.Collect$$$$0000000D                 0x08000208   Section        0  entry10a.o(.ARM.Collect$$$$0000000D)
    .ARM.Collect$$$$0000000F                 0x08000208   Section        0  entry11a.o(.ARM.Collect$$$$0000000F)
    .ARM.Collect$$$$00002712                 0x08000208   Section        4  entry2.o(.ARM.Collect$$$$00002712)
    __lit__00000000                          0x08000208   Data           4  entry2.o(.ARM.Collect$$$$00002712)
    .emb_text                                0x0800020c   Section      184  hal_cm.o(.emb_text)
    $v0                                      0x0800020c   Number         0  hal_cm.o(.emb_text)
    .text                                    0x080002c4   Section       36  startup_stm32f767xx.o(.text)
    $v0                                      0x080002c4   Number         0  startup_stm32f767xx.o(.text)
    .text                                    0x080002e8   Section        0  strcpy.o(.text)
    .text                                    0x080002fa   Section        0  uidiv.o(.text)
    .text                                    0x08000326   Section        0  uldiv.o(.text)
    .text                                    0x08000388   Section        0  dadd.o(.text)
    .text                                    0x08000388   Section        0  iusefp.o(.text)
    .text                                    0x080004d6   Section        0  dmul.o(.text)
    .text                                    0x080005ba   Section        0  ddiv.o(.text)
    .text                                    0x08000698   Section        0  dfixul.o(.text)
    .text                                    0x080006c8   Section       48  cdrcmple.o(.text)
    .text                                    0x080006f8   Section       36  init.o(.text)
    .text                                    0x0800071c   Section        0  llshl.o(.text)
    .text                                    0x0800073a   Section        0  llushr.o(.text)
    .text                                    0x0800075a   Section        0  llsshr.o(.text)
    .text                                    0x0800077e   Section        0  depilogue.o(.text)
    .text                                    0x08000838   Section        0  __dczerorl2.o(.text)
    i.BSP_LED_Init                           0x08000890   Section        0  stm32f7xx_nucleo_144.o(i.BSP_LED_Init)
    i.BSP_LED_Toggle                         0x08000918   Section        0  stm32f7xx_nucleo_144.o(i.BSP_LED_Toggle)
    i.BSP_PB_Init                            0x08000938   Section        0  stm32f7xx_nucleo_144.o(i.BSP_PB_Init)
    i.HAL_GPIO_Init                          0x080009d0   Section        0  stm32f7xx_hal_gpio.o(i.HAL_GPIO_Init)
    i.HAL_GPIO_TogglePin                     0x08000be8   Section        0  stm32f7xx_hal_gpio.o(i.HAL_GPIO_TogglePin)
    i.HAL_GPIO_WritePin                      0x08000bf0   Section        0  stm32f7xx_hal_gpio.o(i.HAL_GPIO_WritePin)
    i.HAL_GetTick                            0x08000bfc   Section        0  hal_support.o(i.HAL_GetTick)
    i.HAL_InitTick                           0x08000c04   Section        0  stm32f7xx_hal.o(i.HAL_InitTick)
    i.HAL_NVIC_EnableIRQ                     0x08000c2c   Section        0  stm32f7xx_hal_cortex.o(i.HAL_NVIC_EnableIRQ)
    i.HAL_NVIC_SetPriority                   0x08000c4c   Section        0  stm32f7xx_hal_cortex.o(i.HAL_NVIC_SetPriority)
    i.HAL_PWREx_EnableOverDrive              0x08000cc8   Section        0  stm32f7xx_hal_pwr_ex.o(i.HAL_PWREx_EnableOverDrive)
    i.HAL_RCCEx_PeriphCLKConfig              0x08000d58   Section        0  stm32f7xx_hal_rcc_ex.o(i.HAL_RCCEx_PeriphCLKConfig)
    i.HAL_RCC_ClockConfig                    0x080016d8   Section        0  stm32f7xx_hal_rcc.o(i.HAL_RCC_ClockConfig)
    i.HAL_RCC_GetHCLKFreq                    0x0800188c   Section        0  stm32f7xx_hal_rcc.o(i.HAL_RCC_GetHCLKFreq)
    i.HAL_RCC_GetPCLK1Freq                   0x08001898   Section        0  stm32f7xx_hal_rcc.o(i.HAL_RCC_GetPCLK1Freq)
    i.HAL_RCC_GetPCLK2Freq                   0x080018c4   Section        0  stm32f7xx_hal_rcc.o(i.HAL_RCC_GetPCLK2Freq)
    i.HAL_RCC_GetSysClockFreq                0x080018f0   Section        0  stm32f7xx_hal_rcc.o(i.HAL_RCC_GetSysClockFreq)
    i.HAL_RCC_OscConfig                      0x080019a4   Section        0  stm32f7xx_hal_rcc_ex.o(i.HAL_RCC_OscConfig)
    i.HAL_SYSTICK_Config                     0x08001e74   Section        0  stm32f7xx_hal_cortex.o(i.HAL_SYSTICK_Config)
    i.HAL_UART_Init                          0x08001ea8   Section        0  stm32f7xx_hal_uart.o(i.HAL_UART_Init)
    i.HAL_UART_MspInit                       0x08001f20   Section        0  stm32f7xx_hal_uart.o(i.HAL_UART_MspInit)
    i.HAL_UART_Transmit                      0x08001f22   Section        0  stm32f7xx_hal_uart.o(i.HAL_UART_Transmit)
    i.SysTick_Handler                        0x08001fe8   Section        0  hal_cm.o(i.SysTick_Handler)
    i.SystemInit                             0x08001ff0   Section        0  system_stm32f7xx.o(i.SystemInit)
    i.UART_AdvFeatureConfig                  0x08002054   Section        0  stm32f7xx_hal_uart.o(i.UART_AdvFeatureConfig)
    i.UART_CheckIdleState                    0x0800213e   Section        0  stm32f7xx_hal_uart.o(i.UART_CheckIdleState)
    i.UART_SetConfig                         0x080021b4   Section        0  stm32f7xx_hal_uart.o(i.UART_SetConfig)
    i.UART_WaitOnFlagUntilTimeout            0x08002540   Section        0  stm32f7xx_hal_uart.o(i.UART_WaitOnFlagUntilTimeout)
    i.__0printf                              0x080025ac   Section        0  printfa.o(i.__0printf)
    i.__0sprintf                             0x080025cc   Section        0  printfa.o(i.__0sprintf)
    i.__0vsnprintf                           0x080025f4   Section        0  printfa.o(i.__0vsnprintf)
    i.__NVIC_GetPriorityGrouping             0x08002620   Section        0  stm32f7xx_hal_cortex.o(i.__NVIC_GetPriorityGrouping)
    __NVIC_GetPriorityGrouping               0x08002621   Thumb Code    10  stm32f7xx_hal_cortex.o(i.__NVIC_GetPriorityGrouping)
    i.__NVIC_SetPriority                     0x08002630   Section        0  stm32f7xx_hal_cortex.o(i.__NVIC_SetPriority)
    __NVIC_SetPriority                       0x08002631   Thumb Code    32  stm32f7xx_hal_cortex.o(i.__NVIC_SetPriority)
    i.__scatterload_copy                     0x08002658   Section       14  handlers.o(i.__scatterload_copy)
    i.__scatterload_null                     0x08002666   Section        2  handlers.o(i.__scatterload_null)
    i.__scatterload_zeroinit                 0x08002668   Section       14  handlers.o(i.__scatterload_zeroinit)
    i._fp_digits                             0x08002678   Section        0  printfa.o(i._fp_digits)
    _fp_digits                               0x08002679   Thumb Code   366  printfa.o(i._fp_digits)
    i._printf_core                           0x080027fc   Section        0  printfa.o(i._printf_core)
    _printf_core                             0x080027fd   Thumb Code  1744  printfa.o(i._printf_core)
    i._printf_post_padding                   0x08002ed8   Section        0  printfa.o(i._printf_post_padding)
    _printf_post_padding                     0x08002ed9   Thumb Code    36  printfa.o(i._printf_post_padding)
    i._printf_pre_padding                    0x08002efc   Section        0  printfa.o(i._printf_pre_padding)
    _printf_pre_padding                      0x08002efd   Thumb Code    46  printfa.o(i._printf_pre_padding)
    i._snputc                                0x08002f2a   Section        0  printfa.o(i._snputc)
    _snputc                                  0x08002f2b   Thumb Code    22  printfa.o(i._snputc)
    i._sputc                                 0x08002f40   Section        0  printfa.o(i._sputc)
    _sputc                                   0x08002f41   Thumb Code    10  printfa.o(i._sputc)
    i.allocateBlock                          0x08002f4c   Section        0  buddy.o(i.allocateBlock)
    allocateBlock                            0x08002f4d   Thumb Code   154  buddy.o(i.allocateBlock)
    i.cpu_SetupRegisters                     0x08002ff0   Section        0  hal_cm.o(i.cpu_SetupRegisters)
    i.fputc                                  0x08003020   Section        0  log_if.o(i.fputc)
    i.hal_PendSVSet                          0x0800303c   Section        0  hal_support.o(i.hal_PendSVSet)
    i.hal_SystickConfig                      0x0800304c   Section        0  hal_support.o(i.hal_SystickConfig)
    i.logStrcpy                              0x0800305c   Section        0  log.o(i.logStrcpy)
    i.log_Init                               0x08003088   Section        0  log.o(i.log_Init)
    i.main                                   0x080030a0   Section        0  startup.o(i.main)
    i.mem_Init                               0x08003148   Section        0  buddy.o(i.mem_Init)
    i.modulesInit                            0x0800320c   Section        0  init.o(i.modulesInit)
    i.osHal_CoreInit                         0x08003218   Section        0  hal_support.o(i.osHal_CoreInit)
    i.osHal_GetSysclk                        0x08003278   Section        0  hal_support.o(i.osHal_GetSysclk)
    i.osList_AddTail                         0x08003280   Section        0  timer.o(i.osList_AddTail)
    osList_AddTail                           0x08003281   Thumb Code    14  timer.o(i.osList_AddTail)
    i.osList_AddTail                         0x0800328e   Section        0  buddy.o(i.osList_AddTail)
    osList_AddTail                           0x0800328f   Thumb Code    14  buddy.o(i.osList_AddTail)
    i.osList_CheckIsEmpty                    0x0800329c   Section        0  timer.o(i.osList_CheckIsEmpty)
    osList_CheckIsEmpty                      0x0800329d   Thumb Code    16  timer.o(i.osList_CheckIsEmpty)
    i.osList_DeleteNode                      0x080032ac   Section        0  schedule.o(i.osList_DeleteNode)
    osList_DeleteNode                        0x080032ad   Thumb Code    18  schedule.o(i.osList_DeleteNode)
    i.osList_DeleteNode                      0x080032be   Section        0  timer.o(i.osList_DeleteNode)
    osList_DeleteNode                        0x080032bf   Thumb Code    18  timer.o(i.osList_DeleteNode)
    i.osList_DeleteNode                      0x080032d0   Section        0  buddy.o(i.osList_DeleteNode)
    osList_DeleteNode                        0x080032d1   Thumb Code    18  buddy.o(i.osList_DeleteNode)
    i.osList_HeadInit                        0x080032e2   Section        0  schedule.o(i.osList_HeadInit)
    osList_HeadInit                          0x080032e3   Thumb Code     6  schedule.o(i.osList_HeadInit)
    i.osList_HeadInit                        0x080032e8   Section        0  timer.o(i.osList_HeadInit)
    osList_HeadInit                          0x080032e9   Thumb Code     6  timer.o(i.osList_HeadInit)
    i.osList_HeadInit                        0x080032ee   Section        0  buddy.o(i.osList_HeadInit)
    osList_HeadInit                          0x080032ef   Thumb Code     6  buddy.o(i.osList_HeadInit)
    i.osLog_Control                          0x080032f4   Section        0  log.o(i.osLog_Control)
    i.osLog_InfoShow                         0x08003314   Section        0  log.o(i.osLog_InfoShow)
    i.osLog_Printf                           0x08003498   Section        0  log.o(i.osLog_Printf)
    i.osLog_RawPrintf                        0x08003620   Section        0  log.o(i.osLog_RawPrintf)
    i.osMem_Malloc                           0x08003670   Section        0  buddy.o(i.osMem_Malloc)
    i.osSche_Lock                            0x080036b4   Section        0  schedule.o(i.osSche_Lock)
    i.osSche_Unlock                          0x080036d4   Section        0  schedule.o(i.osSche_Unlock)
    i.osSignal_Set                           0x08003710   Section        0  signal.o(i.osSignal_Set)
    i.osSignal_Wait                          0x08003780   Section        0  signal.o(i.osSignal_Wait)
    i.osSys_GetNowTick                       0x08003804   Section        0  schedule.o(i.osSys_GetNowTick)
    i.osSys_ISREnter                         0x08003810   Section        0  irq.o(i.osSys_ISREnter)
    i.osSys_ISRLeave                         0x08003830   Section        0  irq.o(i.osSys_ISRLeave)
    i.osSys_KernelInitialize                 0x08003850   Section        0  init.o(i.osSys_KernelInitialize)
    i.osSys_KernelStartup                    0x0800387c   Section        0  init.o(i.osSys_KernelStartup)
    i.osThread_Create                        0x080038e0   Section        0  thread.o(i.osThread_Create)
    i.osThread_Delay                         0x0800392c   Section        0  thread.o(i.osThread_Delay)
    i.osThread_GetName                       0x08003968   Section        0  thread.o(i.osThread_GetName)
    i.osThread_Ready                         0x0800396e   Section        0  thread.o(i.osThread_Ready)
    i.osThread_Self                          0x080039b0   Section        0  thread.o(i.osThread_Self)
    i.osThread_StaticCreate                  0x080039cc   Section        0  thread.o(i.osThread_StaticCreate)
    i.osThread_Suspend                       0x08003a04   Section        0  thread.o(i.osThread_Suspend)
    i.osThread_Yield                         0x08003a48   Section        0  thread.o(i.osThread_Yield)
    i.osTimer_Create                         0x08003ab0   Section        0  timer.o(i.osTimer_Create)
    i.osTimer_Start                          0x08003acc   Section        0  timer.o(i.osTimer_Start)
    i.osTimer_Stop                           0x08003b9c   Section        0  timer.o(i.osTimer_Stop)
    i.os_Idle_Thread                         0x08003bc0   Section        0  idle.o(i.os_Idle_Thread)
    i.os_SoftTimer_Thread                    0x08003bc4   Section        0  timer.o(i.os_SoftTimer_Thread)
    i.os_Thread_Func_thread1                 0x08003c7c   Section        0  startup.o(i.os_Thread_Func_thread1)
    os_Thread_Func_thread1                   0x08003c7d   Thumb Code    72  startup.o(i.os_Thread_Func_thread1)
    i.os_Thread_Func_thread2                 0x08003cd8   Section        0  startup.o(i.os_Thread_Func_thread2)
    os_Thread_Func_thread2                   0x08003cd9   Thumb Code    92  startup.o(i.os_Thread_Func_thread2)
    i.os_Thread_Func_thread3                 0x08003d50   Section        0  startup.o(i.os_Thread_Func_thread3)
    os_Thread_Func_thread3                   0x08003d51   Thumb Code    50  startup.o(i.os_Thread_Func_thread3)
    i.os_Timer_Callback_timerDemo1           0x08003d90   Section        0  startup.o(i.os_Timer_Callback_timerDemo1)
    os_Timer_Callback_timerDemo1             0x08003d91   Thumb Code    24  startup.o(i.os_Timer_Callback_timerDemo1)
    i.os_Timer_Callback_timerDemo2           0x08003dac   Section        0  startup.o(i.os_Timer_Callback_timerDemo2)
    os_Timer_Callback_timerDemo2             0x08003dad   Thumb Code    24  startup.o(i.os_Timer_Callback_timerDemo2)
    i.printPortInit                          0x08003dc8   Section        0  log_if.o(i.printPortInit)
    i.printPortOutput                        0x08003e84   Section        0  log_if.o(i.printPortOutput)
    i.sche_Init                              0x08003ea0   Section        0  schedule.o(i.sche_Init)
    i.sche_InsertThread                      0x08003ef0   Section        0  schedule.o(i.sche_InsertThread)
    i.sche_NextToNow                         0x08003f38   Section        0  schedule.o(i.sche_NextToNow)
    i.sche_RemoveThread                      0x08003f48   Section        0  schedule.o(i.sche_RemoveThread)
    i.sche_SetFirstThread                    0x08003f8c   Section        0  schedule.o(i.sche_SetFirstThread)
    i.sche_ToNextThread                      0x08003fcc   Section        0  schedule.o(i.sche_ToNextThread)
    i.stackOverFlowCheck                     0x0800403c   Section        0  schedule.o(i.stackOverFlowCheck)
    i.sys_TickHandler                        0x0800406c   Section        0  schedule.o(i.sys_TickHandler)
    i.systemClock_ReConfig                   0x080040c0   Section        0  hal_support.o(i.systemClock_ReConfig)
    systemClock_ReConfig                     0x080040c1   Thumb Code   112  hal_support.o(i.systemClock_ReConfig)
    i.taskExitError                          0x08004130   Section        0  hal_cm.o(i.taskExitError)
    taskExitError                            0x08004131   Thumb Code     8  hal_cm.o(i.taskExitError)
    i.threadCreate                           0x08004138   Section        0  thread.o(i.threadCreate)
    i.threadTimerCallback                    0x0800418c   Section        0  thread.o(i.threadTimerCallback)
    i.timer_Init                             0x080041a4   Section        0  timer.o(i.timer_Init)
    i.timer_TickCheck                        0x080041e0   Section        0  timer.o(i.timer_TickCheck)
    .constdata                               0x08004240   Section        9  stm32f7xx_nucleo_144.o(.constdata)
    .constdata                               0x08004249   Section      256  schedule.o(.constdata)
    BITMAP                                   0x08004249   Data         256  schedule.o(.constdata)
    .constdata                               0x08004349   Section       24  system_stm32f7xx.o(.constdata)
    .conststring                             0x08004364   Section       33  startup.o(.conststring)
    .conststring                             0x08004388   Section      528  log.o(.conststring)
    .data                                    0x20000000   Section      316  startup.o(.data)
    .data                                    0x2000013c   Section       16  stm32f7xx_nucleo_144.o(.data)
    .data                                    0x2000014c   Section       84  idle.o(.data)
    .data                                    0x200001a0   Section        1  irq.o(.data)
    interruptNest                            0x200001a0   Data           1  irq.o(.data)
    .data                                    0x200001a4   Section       28  schedule.o(.data)
    bitmap_L1                                0x200001b4   Data           1  schedule.o(.data)
    .data                                    0x200001c0   Section      100  timer.o(.data)
    .data                                    0x20000224   Section       76  log.o(.data)
    osLogo                                   0x20000240   Data          48  log.o(.data)
    .data                                    0x20000270   Section        4  system_stm32f7xx.o(.data)
    .data                                    0x20000274   Section        4  stdout.o(.data)
    .bss                                     0x20000278   Section     1024  startup.o(.bss)
    .bss                                     0x20000678   Section      256  idle.o(.bss)
    .bss                                     0x20000778   Section       64  schedule.o(.bss)
    .bss                                     0x200007b8   Section      512  timer.o(.bss)
    .bss                                     0x200009b8   Section       80  buddy.o(.bss)
    .bss                                     0x20000a08   Section      128  log.o(.bss)
    .bss                                     0x20000a88   Section      112  log_if.o(.bss)
    STACK                                    0x20000af8   Section     1024  startup_stm32f767xx.o(STACK)

    Global Symbols

    Symbol Name                              Value     Ov Type        Size  Object(Section)

    BuildAttributes$$THM_ISAv4$E$P$D$K$B$S$7EM$VFPv5_D16$PE$PLD8$A:L22UL41UL21$X:L11$S22US41US21$IEEE1$IW$USESV6$~STKCKD$USESV7$~SHL$OSPACE$ROPI$EBA8$MICROLIB$REQ8$PRES8$EABIv2 0x00000000   Number         0  anon$$obj.o ABSOLUTE
    __ARM_use_no_argv                        0x00000000   Number         0  startup.o ABSOLUTE
    _printf_a                                0x00000000   Number         0  stubs.o ABSOLUTE
    _printf_c                                0x00000000   Number         0  stubs.o ABSOLUTE
    _printf_charcount                        0x00000000   Number         0  stubs.o ABSOLUTE
    _printf_d                                0x00000000   Number         0  stubs.o ABSOLUTE
    _printf_e                                0x00000000   Number         0  stubs.o ABSOLUTE
    _printf_f                                0x00000000   Number         0  stubs.o ABSOLUTE
    _printf_flags                            0x00000000   Number         0  stubs.o ABSOLUTE
    _printf_fp_dec                           0x00000000   Number         0  stubs.o ABSOLUTE
    _printf_fp_hex                           0x00000000   Number         0  stubs.o ABSOLUTE
    _printf_g                                0x00000000   Number         0  stubs.o ABSOLUTE
    _printf_i                                0x00000000   Number         0  stubs.o ABSOLUTE
    _printf_int_dec                          0x00000000   Number         0  stubs.o ABSOLUTE
    _printf_l                                0x00000000   Number         0  stubs.o ABSOLUTE
    _printf_lc                               0x00000000   Number         0  stubs.o ABSOLUTE
    _printf_ll                               0x00000000   Number         0  stubs.o ABSOLUTE
    _printf_lld                              0x00000000   Number         0  stubs.o ABSOLUTE
    _printf_lli                              0x00000000   Number         0  stubs.o ABSOLUTE
    _printf_llo                              0x00000000   Number         0  stubs.o ABSOLUTE
    _printf_llu                              0x00000000   Number         0  stubs.o ABSOLUTE
    _printf_llx                              0x00000000   Number         0  stubs.o ABSOLUTE
    _printf_longlong_dec                     0x00000000   Number         0  stubs.o ABSOLUTE
    _printf_longlong_hex                     0x00000000   Number         0  stubs.o ABSOLUTE
    _printf_longlong_oct                     0x00000000   Number         0  stubs.o ABSOLUTE
    _printf_ls                               0x00000000   Number         0  stubs.o ABSOLUTE
    _printf_mbtowc                           0x00000000   Number         0  stubs.o ABSOLUTE
    _printf_n                                0x00000000   Number         0  stubs.o ABSOLUTE
    _printf_o                                0x00000000   Number         0  stubs.o ABSOLUTE
    _printf_p                                0x00000000   Number         0  stubs.o ABSOLUTE
    _printf_percent                          0x00000000   Number         0  stubs.o ABSOLUTE
    _printf_pre_padding                      0x00000000   Number         0  stubs.o ABSOLUTE
    _printf_return_value                     0x00000000   Number         0  stubs.o ABSOLUTE
    _printf_s                                0x00000000   Number         0  stubs.o ABSOLUTE
    _printf_sizespec                         0x00000000   Number         0  stubs.o ABSOLUTE
    _printf_str                              0x00000000   Number         0  stubs.o ABSOLUTE
    _printf_truncate_signed                  0x00000000   Number         0  stubs.o ABSOLUTE
    _printf_truncate_unsigned                0x00000000   Number         0  stubs.o ABSOLUTE
    _printf_u                                0x00000000   Number         0  stubs.o ABSOLUTE
    _printf_wc                               0x00000000   Number         0  stubs.o ABSOLUTE
    _printf_wctomb                           0x00000000   Number         0  stubs.o ABSOLUTE
    _printf_widthprec                        0x00000000   Number         0  stubs.o ABSOLUTE
    _printf_x                                0x00000000   Number         0  stubs.o ABSOLUTE
    __cpp_initialize__aeabi_                  - Undefined Weak Reference
    __cxa_finalize                            - Undefined Weak Reference
    _clock_init                               - Undefined Weak Reference
    _microlib_exit                            - Undefined Weak Reference
    __Vectors_Size                           0x000001f8   Number         0  startup_stm32f767xx.o ABSOLUTE
    __Vectors                                0x08000000   Data           4  startup_stm32f767xx.o(RESET)
    __Vectors_End                            0x080001f8   Data           0  startup_stm32f767xx.o(RESET)
    __main                                   0x080001f9   Thumb Code     0  entry.o(.ARM.Collect$$$$00000000)
    _main_stk                                0x080001f9   Thumb Code     0  entry2.o(.ARM.Collect$$$$00000001)
    _main_scatterload                        0x080001fd   Thumb Code     0  entry5.o(.ARM.Collect$$$$00000004)
    __main_after_scatterload                 0x08000201   Thumb Code     0  entry5.o(.ARM.Collect$$$$00000004)
    _main_clock                              0x08000201   Thumb Code     0  entry7b.o(.ARM.Collect$$$$00000008)
    _main_cpp_init                           0x08000201   Thumb Code     0  entry8b.o(.ARM.Collect$$$$0000000A)
    _main_init                               0x08000201   Thumb Code     0  entry9a.o(.ARM.Collect$$$$0000000B)
    __rt_final_cpp                           0x08000209   Thumb Code     0  entry10a.o(.ARM.Collect$$$$0000000D)
    __rt_final_exit                          0x08000209   Thumb Code     0  entry11a.o(.ARM.Collect$$$$0000000F)
    hal_EnableVFP                            0x0800020d   Thumb Code    16  hal_cm.o(.emb_text)
    hal_RaiseBASEPRI                         0x08000221   Thumb Code     8  hal_cm.o(.emb_text)
    hal_SetBASEPRI                           0x08000229   Thumb Code     8  hal_cm.o(.emb_text)
    cpu_GotoFisrtTask                        0x08000231   Thumb Code    24  hal_cm.o(.emb_text)
    SVC_Handler                              0x0800024d   Thumb Code    36  hal_cm.o(.emb_text)
    PendSV_Handler                           0x08000275   Thumb Code    76  hal_cm.o(.emb_text)
    Reset_Handler                            0x080002c5   Thumb Code     8  startup_stm32f767xx.o(.text)
    NMI_Handler                              0x080002cd   Thumb Code     2  startup_stm32f767xx.o(.text)
    HardFault_Handler                        0x080002cf   Thumb Code     2  startup_stm32f767xx.o(.text)
    MemManage_Handler                        0x080002d1   Thumb Code     2  startup_stm32f767xx.o(.text)
    BusFault_Handler                         0x080002d3   Thumb Code     2  startup_stm32f767xx.o(.text)
    UsageFault_Handler                       0x080002d5   Thumb Code     2  startup_stm32f767xx.o(.text)
    DebugMon_Handler                         0x080002d9   Thumb Code     2  startup_stm32f767xx.o(.text)
    ADC_IRQHandler                           0x080002df   Thumb Code     0  startup_stm32f767xx.o(.text)
    CAN1_RX0_IRQHandler                      0x080002df   Thumb Code     0  startup_stm32f767xx.o(.text)
    CAN1_RX1_IRQHandler                      0x080002df   Thumb Code     0  startup_stm32f767xx.o(.text)
    CAN1_SCE_IRQHandler                      0x080002df   Thumb Code     0  startup_stm32f767xx.o(.text)
    CAN1_TX_IRQHandler                       0x080002df   Thumb Code     0  startup_stm32f767xx.o(.text)
    CAN2_RX0_IRQHandler                      0x080002df   Thumb Code     0  startup_stm32f767xx.o(.text)
    CAN2_RX1_IRQHandler                      0x080002df   Thumb Code     0  startup_stm32f767xx.o(.text)
    CAN2_SCE_IRQHandler                      0x080002df   Thumb Code     0  startup_stm32f767xx.o(.text)
    CAN2_TX_IRQHandler                       0x080002df   Thumb Code     0  startup_stm32f767xx.o(.text)
    CAN3_RX0_IRQHandler                      0x080002df   Thumb Code     0  startup_stm32f767xx.o(.text)
    CAN3_RX1_IRQHandler                      0x080002df   Thumb Code     0  startup_stm32f767xx.o(.text)
    CAN3_SCE_IRQHandler                      0x080002df   Thumb Code     0  startup_stm32f767xx.o(.text)
    CAN3_TX_IRQHandler                       0x080002df   Thumb Code     0  startup_stm32f767xx.o(.text)
    CEC_IRQHandler                           0x080002df   Thumb Code     0  startup_stm32f767xx.o(.text)
    DCMI_IRQHandler                          0x080002df   Thumb Code     0  startup_stm32f767xx.o(.text)
    DFSDM1_FLT0_IRQHandler                   0x080002df   Thumb Code     0  startup_stm32f767xx.o(.text)
    DFSDM1_FLT1_IRQHandler                   0x080002df   Thumb Code     0  startup_stm32f767xx.o(.text)
    DFSDM1_FLT2_IRQHandler                   0x080002df   Thumb Code     0  startup_stm32f767xx.o(.text)
    DFSDM1_FLT3_IRQHandler                   0x080002df   Thumb Code     0  startup_stm32f767xx.o(.text)
    DMA1_Stream0_IRQHandler                  0x080002df   Thumb Code     0  startup_stm32f767xx.o(.text)
    DMA1_Stream1_IRQHandler                  0x080002df   Thumb Code     0  startup_stm32f767xx.o(.text)
    DMA1_Stream2_IRQHandler                  0x080002df   Thumb Code     0  startup_stm32f767xx.o(.text)
    DMA1_Stream3_IRQHandler                  0x080002df   Thumb Code     0  startup_stm32f767xx.o(.text)
    DMA1_Stream4_IRQHandler                  0x080002df   Thumb Code     0  startup_stm32f767xx.o(.text)
    DMA1_Stream5_IRQHandler                  0x080002df   Thumb Code     0  startup_stm32f767xx.o(.text)
    DMA1_Stream6_IRQHandler                  0x080002df   Thumb Code     0  startup_stm32f767xx.o(.text)
    DMA1_Stream7_IRQHandler                  0x080002df   Thumb Code     0  startup_stm32f767xx.o(.text)
    DMA2D_IRQHandler                         0x080002df   Thumb Code     0  startup_stm32f767xx.o(.text)
    DMA2_Stream0_IRQHandler                  0x080002df   Thumb Code     0  startup_stm32f767xx.o(.text)
    DMA2_Stream1_IRQHandler                  0x080002df   Thumb Code     0  startup_stm32f767xx.o(.text)
    DMA2_Stream2_IRQHandler                  0x080002df   Thumb Code     0  startup_stm32f767xx.o(.text)
    DMA2_Stream3_IRQHandler                  0x080002df   Thumb Code     0  startup_stm32f767xx.o(.text)
    DMA2_Stream4_IRQHandler                  0x080002df   Thumb Code     0  startup_stm32f767xx.o(.text)
    DMA2_Stream5_IRQHandler                  0x080002df   Thumb Code     0  startup_stm32f767xx.o(.text)
    DMA2_Stream6_IRQHandler                  0x080002df   Thumb Code     0  startup_stm32f767xx.o(.text)
    DMA2_Stream7_IRQHandler                  0x080002df   Thumb Code     0  startup_stm32f767xx.o(.text)
    ETH_IRQHandler                           0x080002df   Thumb Code     0  startup_stm32f767xx.o(.text)
    ETH_WKUP_IRQHandler                      0x080002df   Thumb Code     0  startup_stm32f767xx.o(.text)
    EXTI0_IRQHandler                         0x080002df   Thumb Code     0  startup_stm32f767xx.o(.text)
    EXTI15_10_IRQHandler                     0x080002df   Thumb Code     0  startup_stm32f767xx.o(.text)
    EXTI1_IRQHandler                         0x080002df   Thumb Code     0  startup_stm32f767xx.o(.text)
    EXTI2_IRQHandler                         0x080002df   Thumb Code     0  startup_stm32f767xx.o(.text)
    EXTI3_IRQHandler                         0x080002df   Thumb Code     0  startup_stm32f767xx.o(.text)
    EXTI4_IRQHandler                         0x080002df   Thumb Code     0  startup_stm32f767xx.o(.text)
    EXTI9_5_IRQHandler                       0x080002df   Thumb Code     0  startup_stm32f767xx.o(.text)
    FLASH_IRQHandler                         0x080002df   Thumb Code     0  startup_stm32f767xx.o(.text)
    FMC_IRQHandler                           0x080002df   Thumb Code     0  startup_stm32f767xx.o(.text)
    FPU_IRQHandler                           0x080002df   Thumb Code     0  startup_stm32f767xx.o(.text)
    I2C1_ER_IRQHandler                       0x080002df   Thumb Code     0  startup_stm32f767xx.o(.text)
    I2C1_EV_IRQHandler                       0x080002df   Thumb Code     0  startup_stm32f767xx.o(.text)
    I2C2_ER_IRQHandler                       0x080002df   Thumb Code     0  startup_stm32f767xx.o(.text)
    I2C2_EV_IRQHandler                       0x080002df   Thumb Code     0  startup_stm32f767xx.o(.text)
    I2C3_ER_IRQHandler                       0x080002df   Thumb Code     0  startup_stm32f767xx.o(.text)
    I2C3_EV_IRQHandler                       0x080002df   Thumb Code     0  startup_stm32f767xx.o(.text)
    I2C4_ER_IRQHandler                       0x080002df   Thumb Code     0  startup_stm32f767xx.o(.text)
    I2C4_EV_IRQHandler                       0x080002df   Thumb Code     0  startup_stm32f767xx.o(.text)
    JPEG_IRQHandler                          0x080002df   Thumb Code     0  startup_stm32f767xx.o(.text)
    LPTIM1_IRQHandler                        0x080002df   Thumb Code     0  startup_stm32f767xx.o(.text)
    LTDC_ER_IRQHandler                       0x080002df   Thumb Code     0  startup_stm32f767xx.o(.text)
    LTDC_IRQHandler                          0x080002df   Thumb Code     0  startup_stm32f767xx.o(.text)
    MDIOS_IRQHandler                         0x080002df   Thumb Code     0  startup_stm32f767xx.o(.text)
    OTG_FS_IRQHandler                        0x080002df   Thumb Code     0  startup_stm32f767xx.o(.text)
    OTG_FS_WKUP_IRQHandler                   0x080002df   Thumb Code     0  startup_stm32f767xx.o(.text)
    OTG_HS_EP1_IN_IRQHandler                 0x080002df   Thumb Code     0  startup_stm32f767xx.o(.text)
    OTG_HS_EP1_OUT_IRQHandler                0x080002df   Thumb Code     0  startup_stm32f767xx.o(.text)
    OTG_HS_IRQHandler                        0x080002df   Thumb Code     0  startup_stm32f767xx.o(.text)
    OTG_HS_WKUP_IRQHandler                   0x080002df   Thumb Code     0  startup_stm32f767xx.o(.text)
    PVD_IRQHandler                           0x080002df   Thumb Code     0  startup_stm32f767xx.o(.text)
    QUADSPI_IRQHandler                       0x080002df   Thumb Code     0  startup_stm32f767xx.o(.text)
    RCC_IRQHandler                           0x080002df   Thumb Code     0  startup_stm32f767xx.o(.text)
    RNG_IRQHandler                           0x080002df   Thumb Code     0  startup_stm32f767xx.o(.text)
    RTC_Alarm_IRQHandler                     0x080002df   Thumb Code     0  startup_stm32f767xx.o(.text)
    RTC_WKUP_IRQHandler                      0x080002df   Thumb Code     0  startup_stm32f767xx.o(.text)
    SAI1_IRQHandler                          0x080002df   Thumb Code     0  startup_stm32f767xx.o(.text)
    SAI2_IRQHandler                          0x080002df   Thumb Code     0  startup_stm32f767xx.o(.text)
    SDMMC1_IRQHandler                        0x080002df   Thumb Code     0  startup_stm32f767xx.o(.text)
    SDMMC2_IRQHandler                        0x080002df   Thumb Code     0  startup_stm32f767xx.o(.text)
    SPDIF_RX_IRQHandler                      0x080002df   Thumb Code     0  startup_stm32f767xx.o(.text)
    SPI1_IRQHandler                          0x080002df   Thumb Code     0  startup_stm32f767xx.o(.text)
    SPI2_IRQHandler                          0x080002df   Thumb Code     0  startup_stm32f767xx.o(.text)
    SPI3_IRQHandler                          0x080002df   Thumb Code     0  startup_stm32f767xx.o(.text)
    SPI4_IRQHandler                          0x080002df   Thumb Code     0  startup_stm32f767xx.o(.text)
    SPI5_IRQHandler                          0x080002df   Thumb Code     0  startup_stm32f767xx.o(.text)
    SPI6_IRQHandler                          0x080002df   Thumb Code     0  startup_stm32f767xx.o(.text)
    TAMP_STAMP_IRQHandler                    0x080002df   Thumb Code     0  startup_stm32f767xx.o(.text)
    TIM1_BRK_TIM9_IRQHandler                 0x080002df   Thumb Code     0  startup_stm32f767xx.o(.text)
    TIM1_CC_IRQHandler                       0x080002df   Thumb Code     0  startup_stm32f767xx.o(.text)
    TIM1_TRG_COM_TIM11_IRQHandler            0x080002df   Thumb Code     0  startup_stm32f767xx.o(.text)
    TIM1_UP_TIM10_IRQHandler                 0x080002df   Thumb Code     0  startup_stm32f767xx.o(.text)
    TIM2_IRQHandler                          0x080002df   Thumb Code     0  startup_stm32f767xx.o(.text)
    TIM3_IRQHandler                          0x080002df   Thumb Code     0  startup_stm32f767xx.o(.text)
    TIM4_IRQHandler                          0x080002df   Thumb Code     0  startup_stm32f767xx.o(.text)
    TIM5_IRQHandler                          0x080002df   Thumb Code     0  startup_stm32f767xx.o(.text)
    TIM6_DAC_IRQHandler                      0x080002df   Thumb Code     0  startup_stm32f767xx.o(.text)
    TIM7_IRQHandler                          0x080002df   Thumb Code     0  startup_stm32f767xx.o(.text)
    TIM8_BRK_TIM12_IRQHandler                0x080002df   Thumb Code     0  startup_stm32f767xx.o(.text)
    TIM8_CC_IRQHandler                       0x080002df   Thumb Code     0  startup_stm32f767xx.o(.text)
    TIM8_TRG_COM_TIM14_IRQHandler            0x080002df   Thumb Code     0  startup_stm32f767xx.o(.text)
    TIM8_UP_TIM13_IRQHandler                 0x080002df   Thumb Code     0  startup_stm32f767xx.o(.text)
    UART4_IRQHandler                         0x080002df   Thumb Code     0  startup_stm32f767xx.o(.text)
    UART5_IRQHandler                         0x080002df   Thumb Code     0  startup_stm32f767xx.o(.text)
    UART7_IRQHandler                         0x080002df   Thumb Code     0  startup_stm32f767xx.o(.text)
    UART8_IRQHandler                         0x080002df   Thumb Code     0  startup_stm32f767xx.o(.text)
    USART1_IRQHandler                        0x080002df   Thumb Code     0  startup_stm32f767xx.o(.text)
    USART2_IRQHandler                        0x080002df   Thumb Code     0  startup_stm32f767xx.o(.text)
    USART3_IRQHandler                        0x080002df   Thumb Code     0  startup_stm32f767xx.o(.text)
    USART6_IRQHandler                        0x080002df   Thumb Code     0  startup_stm32f767xx.o(.text)
    WWDG_IRQHandler                          0x080002df   Thumb Code     0  startup_stm32f767xx.o(.text)
    strcpy                                   0x080002e9   Thumb Code    18  strcpy.o(.text)
    __aeabi_uidiv                            0x080002fb   Thumb Code     0  uidiv.o(.text)
    __aeabi_uidivmod                         0x080002fb   Thumb Code    44  uidiv.o(.text)
    __aeabi_uldivmod                         0x08000327   Thumb Code    98  uldiv.o(.text)
    __I$use$fp                               0x08000389   Thumb Code     0  iusefp.o(.text)
    __aeabi_dadd                             0x08000389   Thumb Code   322  dadd.o(.text)
    __aeabi_dsub                             0x080004cb   Thumb Code     6  dadd.o(.text)
    __aeabi_drsub                            0x080004d1   Thumb Code     6  dadd.o(.text)
    __aeabi_dmul                             0x080004d7   Thumb Code   228  dmul.o(.text)
    __aeabi_ddiv                             0x080005bb   Thumb Code   222  ddiv.o(.text)
    __aeabi_d2ulz                            0x08000699   Thumb Code    48  dfixul.o(.text)
    __aeabi_cdrcmple                         0x080006c9   Thumb Code    48  cdrcmple.o(.text)
    __scatterload                            0x080006f9   Thumb Code    28  init.o(.text)
    __scatterload_rt2                        0x080006f9   Thumb Code     0  init.o(.text)
    __aeabi_llsl                             0x0800071d   Thumb Code    30  llshl.o(.text)
    _ll_shift_l                              0x0800071d   Thumb Code     0  llshl.o(.text)
    __aeabi_llsr                             0x0800073b   Thumb Code    32  llushr.o(.text)
    _ll_ushift_r                             0x0800073b   Thumb Code     0  llushr.o(.text)
    __aeabi_lasr                             0x0800075b   Thumb Code    36  llsshr.o(.text)
    _ll_sshift_r                             0x0800075b   Thumb Code     0  llsshr.o(.text)
    _double_round                            0x0800077f   Thumb Code    30  depilogue.o(.text)
    _double_epilogue                         0x0800079d   Thumb Code   156  depilogue.o(.text)
    __decompress                             0x08000839   Thumb Code     0  __dczerorl2.o(.text)
    __decompress1                            0x08000839   Thumb Code    86  __dczerorl2.o(.text)
    BSP_LED_Init                             0x08000891   Thumb Code   122  stm32f7xx_nucleo_144.o(i.BSP_LED_Init)
    BSP_LED_Toggle                           0x08000919   Thumb Code    22  stm32f7xx_nucleo_144.o(i.BSP_LED_Toggle)
    BSP_PB_Init                              0x08000939   Thumb Code   130  stm32f7xx_nucleo_144.o(i.BSP_PB_Init)
    HAL_GPIO_Init                            0x080009d1   Thumb Code   484  stm32f7xx_hal_gpio.o(i.HAL_GPIO_Init)
    HAL_GPIO_TogglePin                       0x08000be9   Thumb Code     8  stm32f7xx_hal_gpio.o(i.HAL_GPIO_TogglePin)
    HAL_GPIO_WritePin                        0x08000bf1   Thumb Code    12  stm32f7xx_hal_gpio.o(i.HAL_GPIO_WritePin)
    HAL_GetTick                              0x08000bfd   Thumb Code     8  hal_support.o(i.HAL_GetTick)
    HAL_InitTick                             0x08000c05   Thumb Code    36  stm32f7xx_hal.o(i.HAL_InitTick)
    HAL_NVIC_EnableIRQ                       0x08000c2d   Thumb Code    32  stm32f7xx_hal_cortex.o(i.HAL_NVIC_EnableIRQ)
    HAL_NVIC_SetPriority                     0x08000c4d   Thumb Code   124  stm32f7xx_hal_cortex.o(i.HAL_NVIC_SetPriority)
    HAL_PWREx_EnableOverDrive                0x08000cc9   Thumb Code   136  stm32f7xx_hal_pwr_ex.o(i.HAL_PWREx_EnableOverDrive)
    HAL_RCCEx_PeriphCLKConfig                0x08000d59   Thumb Code  2428  stm32f7xx_hal_rcc_ex.o(i.HAL_RCCEx_PeriphCLKConfig)
    HAL_RCC_ClockConfig                      0x080016d9   Thumb Code   420  stm32f7xx_hal_rcc.o(i.HAL_RCC_ClockConfig)
    HAL_RCC_GetHCLKFreq                      0x0800188d   Thumb Code     6  stm32f7xx_hal_rcc.o(i.HAL_RCC_GetHCLKFreq)
    HAL_RCC_GetPCLK1Freq                     0x08001899   Thumb Code    36  stm32f7xx_hal_rcc.o(i.HAL_RCC_GetPCLK1Freq)
    HAL_RCC_GetPCLK2Freq                     0x080018c5   Thumb Code    36  stm32f7xx_hal_rcc.o(i.HAL_RCC_GetPCLK2Freq)
    HAL_RCC_GetSysClockFreq                  0x080018f1   Thumb Code   168  stm32f7xx_hal_rcc.o(i.HAL_RCC_GetSysClockFreq)
    HAL_RCC_OscConfig                        0x080019a5   Thumb Code  1228  stm32f7xx_hal_rcc_ex.o(i.HAL_RCC_OscConfig)
    HAL_SYSTICK_Config                       0x08001e75   Thumb Code    52  stm32f7xx_hal_cortex.o(i.HAL_SYSTICK_Config)
    HAL_UART_Init                            0x08001ea9   Thumb Code   120  stm32f7xx_hal_uart.o(i.HAL_UART_Init)
    HAL_UART_MspInit                         0x08001f21   Thumb Code     2  stm32f7xx_hal_uart.o(i.HAL_UART_MspInit)
    HAL_UART_Transmit                        0x08001f23   Thumb Code   198  stm32f7xx_hal_uart.o(i.HAL_UART_Transmit)
    SysTick_Handler                          0x08001fe9   Thumb Code     8  hal_cm.o(i.SysTick_Handler)
    SystemInit                               0x08001ff1   Thumb Code    82  system_stm32f7xx.o(i.SystemInit)
    UART_AdvFeatureConfig                    0x08002055   Thumb Code   234  stm32f7xx_hal_uart.o(i.UART_AdvFeatureConfig)
    UART_CheckIdleState                      0x0800213f   Thumb Code   116  stm32f7xx_hal_uart.o(i.UART_CheckIdleState)
    UART_SetConfig                           0x080021b5   Thumb Code   858  stm32f7xx_hal_uart.o(i.UART_SetConfig)
    UART_WaitOnFlagUntilTimeout              0x08002541   Thumb Code   108  stm32f7xx_hal_uart.o(i.UART_WaitOnFlagUntilTimeout)
    __0printf                                0x080025ad   Thumb Code    22  printfa.o(i.__0printf)
    __1printf                                0x080025ad   Thumb Code     0  printfa.o(i.__0printf)
    __2printf                                0x080025ad   Thumb Code     0  printfa.o(i.__0printf)
    __c89printf                              0x080025ad   Thumb Code     0  printfa.o(i.__0printf)
    printf                                   0x080025ad   Thumb Code     0  printfa.o(i.__0printf)
    __0sprintf                               0x080025cd   Thumb Code    34  printfa.o(i.__0sprintf)
    __1sprintf                               0x080025cd   Thumb Code     0  printfa.o(i.__0sprintf)
    __2sprintf                               0x080025cd   Thumb Code     0  printfa.o(i.__0sprintf)
    __c89sprintf                             0x080025cd   Thumb Code     0  printfa.o(i.__0sprintf)
    sprintf                                  0x080025cd   Thumb Code     0  printfa.o(i.__0sprintf)
    __0vsnprintf                             0x080025f5   Thumb Code    40  printfa.o(i.__0vsnprintf)
    __1vsnprintf                             0x080025f5   Thumb Code     0  printfa.o(i.__0vsnprintf)
    __2vsnprintf                             0x080025f5   Thumb Code     0  printfa.o(i.__0vsnprintf)
    __c89vsnprintf                           0x080025f5   Thumb Code     0  printfa.o(i.__0vsnprintf)
    vsnprintf                                0x080025f5   Thumb Code     0  printfa.o(i.__0vsnprintf)
    __scatterload_copy                       0x08002659   Thumb Code    14  handlers.o(i.__scatterload_copy)
    __scatterload_null                       0x08002667   Thumb Code     2  handlers.o(i.__scatterload_null)
    __scatterload_zeroinit                   0x08002669   Thumb Code    14  handlers.o(i.__scatterload_zeroinit)
    cpu_SetupRegisters                       0x08002ff1   Thumb Code    42  hal_cm.o(i.cpu_SetupRegisters)
    fputc                                    0x08003021   Thumb Code    22  log_if.o(i.fputc)
    hal_PendSVSet                            0x0800303d   Thumb Code    10  hal_support.o(i.hal_PendSVSet)
    hal_SystickConfig                        0x0800304d   Thumb Code    10  hal_support.o(i.hal_SystickConfig)
    logStrcpy                                0x0800305d   Thumb Code    44  log.o(i.logStrcpy)
    log_Init                                 0x08003089   Thumb Code    14  log.o(i.log_Init)
    main                                     0x080030a1   Thumb Code   126  startup.o(i.main)
    mem_Init                                 0x08003149   Thumb Code   188  buddy.o(i.mem_Init)
    modulesInit                              0x0800320d   Thumb Code    12  init.o(i.modulesInit)
    osHal_CoreInit                           0x08003219   Thumb Code    90  hal_support.o(i.osHal_CoreInit)
    osHal_GetSysclk                          0x08003279   Thumb Code     8  hal_support.o(i.osHal_GetSysclk)
    osLog_Control                            0x080032f5   Thumb Code    26  log.o(i.osLog_Control)
    osLog_InfoShow                           0x08003315   Thumb Code   136  log.o(i.osLog_InfoShow)
    osLog_Printf                             0x08003499   Thumb Code   346  log.o(i.osLog_Printf)
    osLog_RawPrintf                          0x08003621   Thumb Code    72  log.o(i.osLog_RawPrintf)
    osMem_Malloc                             0x08003671   Thumb Code    68  buddy.o(i.osMem_Malloc)
    osSche_Lock                              0x080036b5   Thumb Code    28  schedule.o(i.osSche_Lock)
    osSche_Unlock                            0x080036d5   Thumb Code    54  schedule.o(i.osSche_Unlock)
    osSignal_Set                             0x08003711   Thumb Code   112  signal.o(i.osSignal_Set)
    osSignal_Wait                            0x08003781   Thumb Code   132  signal.o(i.osSignal_Wait)
    osSys_GetNowTick                         0x08003805   Thumb Code     6  schedule.o(i.osSys_GetNowTick)
    osSys_ISREnter                           0x08003811   Thumb Code    28  irq.o(i.osSys_ISREnter)
    osSys_ISRLeave                           0x08003831   Thumb Code    28  irq.o(i.osSys_ISRLeave)
    osSys_KernelInitialize                   0x08003851   Thumb Code    36  init.o(i.osSys_KernelInitialize)
    osSys_KernelStartup                      0x0800387d   Thumb Code    54  init.o(i.osSys_KernelStartup)
    osThread_Create                          0x080038e1   Thumb Code    70  thread.o(i.osThread_Create)
    osThread_Delay                           0x0800392d   Thumb Code    54  thread.o(i.osThread_Delay)
    osThread_GetName                         0x08003969   Thumb Code     6  thread.o(i.osThread_GetName)
    osThread_Ready                           0x0800396f   Thumb Code    64  thread.o(i.osThread_Ready)
    osThread_Self                            0x080039b1   Thumb Code    22  thread.o(i.osThread_Self)
    osThread_StaticCreate                    0x080039cd   Thumb Code    52  thread.o(i.osThread_StaticCreate)
    osThread_Suspend                         0x08003a05   Thumb Code    66  thread.o(i.osThread_Suspend)
    osThread_Yield                           0x08003a49   Thumb Code    94  thread.o(i.osThread_Yield)
    osTimer_Create                           0x08003ab1   Thumb Code    28  timer.o(i.osTimer_Create)
    osTimer_Start                            0x08003acd   Thumb Code   190  timer.o(i.osTimer_Start)
    osTimer_Stop                             0x08003b9d   Thumb Code    36  timer.o(i.osTimer_Stop)
    os_Idle_Thread                           0x08003bc1   Thumb Code     4  idle.o(i.os_Idle_Thread)
    os_SoftTimer_Thread                      0x08003bc5   Thumb Code   178  timer.o(i.os_SoftTimer_Thread)
    printPortInit                            0x08003dc9   Thumb Code   170  log_if.o(i.printPortInit)
    printPortOutput                          0x08003e85   Thumb Code    22  log_if.o(i.printPortOutput)
    sche_Init                                0x08003ea1   Thumb Code    56  schedule.o(i.sche_Init)
    sche_InsertThread                        0x08003ef1   Thumb Code    64  schedule.o(i.sche_InsertThread)
    sche_NextToNow                           0x08003f39   Thumb Code    10  schedule.o(i.sche_NextToNow)
    sche_RemoveThread                        0x08003f49   Thumb Code    60  schedule.o(i.sche_RemoveThread)
    sche_SetFirstThread                      0x08003f8d   Thumb Code    42  schedule.o(i.sche_SetFirstThread)
    sche_ToNextThread                        0x08003fcd   Thumb Code    88  schedule.o(i.sche_ToNextThread)
    stackOverFlowCheck                       0x0800403d   Thumb Code    44  schedule.o(i.stackOverFlowCheck)
    sys_TickHandler                          0x0800406d   Thumb Code    74  schedule.o(i.sys_TickHandler)
    threadCreate                             0x08004139   Thumb Code    78  thread.o(i.threadCreate)
    threadTimerCallback                      0x0800418d   Thumb Code    24  thread.o(i.threadTimerCallback)
    timer_Init                               0x080041a5   Thumb Code    38  timer.o(i.timer_Init)
    timer_TickCheck                          0x080041e1   Thumb Code    92  timer.o(i.timer_TickCheck)
    GPIO_PIN                                 0x08004240   Data           6  stm32f7xx_nucleo_144.o(.constdata)
    BUTTON_PIN                               0x08004246   Data           2  stm32f7xx_nucleo_144.o(.constdata)
    BUTTON_IRQn                              0x08004248   Data           1  stm32f7xx_nucleo_144.o(.constdata)
    AHBPrescTable                            0x08004349   Data          16  system_stm32f7xx.o(.constdata)
    APBPrescTable                            0x08004359   Data           8  system_stm32f7xx.o(.constdata)
    Region$$Table$$Base                      0x08004598   Number         0  anon$$obj.o(Region$$Table)
    Region$$Table$$Limit                     0x080045b8   Number         0  anon$$obj.o(Region$$Table)
    os_Thread_thread1                        0x20000000   Data          80  startup.o(.data)
    thread1_ID                               0x20000050   Data           4  startup.o(.data)
    os_Thread_thread2                        0x20000054   Data          80  startup.o(.data)
    thread2_ID                               0x200000a4   Data           4  startup.o(.data)
    os_Thread_thread3                        0x200000a8   Data          80  startup.o(.data)
    thread3_ID                               0x200000f8   Data           4  startup.o(.data)
    os_Timer_timerDemo1                      0x200000fc   Data          28  startup.o(.data)
    timerDemo1_ID                            0x20000118   Data           4  startup.o(.data)
    os_Timer_timerDemo2                      0x2000011c   Data          28  startup.o(.data)
    timerDemo2_ID                            0x20000138   Data           4  startup.o(.data)
    GPIO_PORT                                0x2000013c   Data          12  stm32f7xx_nucleo_144.o(.data)
    BUTTON_PORT                              0x20000148   Data           4  stm32f7xx_nucleo_144.o(.data)
    idle_ThreadID                            0x2000014c   Data           4  idle.o(.data)
    os_Thread_Idle                           0x20000150   Data          80  idle.o(.data)
    sys_TickCount                            0x200001a4   Data           4  schedule.o(.data)
    sche_LockNest                            0x200001a8   Data           1  schedule.o(.data)
    sche_CurrPriority                        0x200001a9   Data           1  schedule.o(.data)
    sche_ThreadSwitchStatus                  0x200001ac   Data           8  schedule.o(.data)
    sche_NoReadyList                         0x200001b8   Data           8  schedule.o(.data)
    timer_HardList                           0x200001c0   Data           8  timer.o(.data)
    timer_softList                           0x200001c8   Data           8  timer.o(.data)
    timer_SoftThreadID                       0x200001d0   Data           4  timer.o(.data)
    os_Thread_SoftTimer                      0x200001d4   Data          80  timer.o(.data)
    logLevelString                           0x20000224   Data          24  log.o(.data)
    log_LevelFiter                           0x2000023c   Data           1  log.o(.data)
    log_LevelMask                            0x2000023d   Data           1  log.o(.data)
    log_State                                0x2000023e   Data           1  log.o(.data)
    SystemCoreClock                          0x20000270   Data           4  system_stm32f7xx.o(.data)
    __stdout                                 0x20000274   Data           4  stdout.o(.data)
    os_Thread_Stack_thread2                  0x20000278   Data         512  startup.o(.bss)
    os_Thread_Stack_thread3                  0x20000478   Data         512  startup.o(.bss)
    os_Thread_Stack_Idle                     0x20000678   Data         256  idle.o(.bss)
    sche_ReadyList                           0x20000778   Data          64  schedule.o(.bss)
    os_Thread_Stack_SoftTimer                0x200007b8   Data         512  timer.o(.bss)
    buddy_list                               0x200009b8   Data          64  buddy.o(.bss)
    osMem_Info                               0x200009f8   Data          16  buddy.o(.bss)
    outputBuffer                             0x20000a08   Data         128  log.o(.bss)
    uartHandler                              0x20000a88   Data         112  log_if.o(.bss)
    Image$$RW_IRAM2$$ZI$$Limit               0x20000ef8   Number         0  anon$$obj.o ABSOLUTE
    __initial_sp                             0x20000ef8   Data           0  startup_stm32f767xx.o(STACK)



==============================================================================

Memory Map of the image

  Image Entry point : 0x080001f9

  Load Region LR_IROM1 (Base: 0x08000000, Size: 0x00004830, Max: 0x00200000, ABSOLUTE, COMPRESSED[0x00004648])

    Execution Region ER_IROM1 (Exec base: 0x08000000, Load base: 0x08000000, Size: 0x000045b8, Max: 0x00200000, ABSOLUTE)

    Exec Addr    Load Addr    Size         Type   Attr      Idx    E Section Name        Object

    0x08000000   0x08000000   0x000001f8   Data   RO         2583    RESET               startup_stm32f767xx.o
    0x080001f8   0x080001f8   0x00000000   Code   RO         2625  * .ARM.Collect$$$$00000000  mc_w.l(entry.o)
    0x080001f8   0x080001f8   0x00000004   Code   RO         2895    .ARM.Collect$$$$00000001  mc_w.l(entry2.o)
    0x080001fc   0x080001fc   0x00000004   Code   RO         2898    .ARM.Collect$$$$00000004  mc_w.l(entry5.o)
    0x08000200   0x08000200   0x00000000   Code   RO         2900    .ARM.Collect$$$$00000008  mc_w.l(entry7b.o)
    0x08000200   0x08000200   0x00000000   Code   RO         2902    .ARM.Collect$$$$0000000A  mc_w.l(entry8b.o)
    0x08000200   0x08000200   0x00000008   Code   RO         2903    .ARM.Collect$$$$0000000B  mc_w.l(entry9a.o)
    0x08000208   0x08000208   0x00000000   Code   RO         2905    .ARM.Collect$$$$0000000D  mc_w.l(entry10a.o)
    0x08000208   0x08000208   0x00000000   Code   RO         2907    .ARM.Collect$$$$0000000F  mc_w.l(entry11a.o)
    0x08000208   0x08000208   0x00000004   Code   RO         2896    .ARM.Collect$$$$00002712  mc_w.l(entry2.o)
    0x0800020c   0x0800020c   0x000000b8   Code   RO         1279    .emb_text           hal_cm.o
    0x080002c4   0x080002c4   0x00000024   Code   RO         2584    .text               startup_stm32f767xx.o
    0x080002e8   0x080002e8   0x00000012   Code   RO         2630    .text               mc_w.l(strcpy.o)
    0x080002fa   0x080002fa   0x0000002c   Code   RO         2910    .text               mc_w.l(uidiv.o)
    0x08000326   0x08000326   0x00000062   Code   RO         2912    .text               mc_w.l(uldiv.o)
    0x08000388   0x08000388   0x00000000   Code   RO         2914    .text               mc_w.l(iusefp.o)
    0x08000388   0x08000388   0x0000014e   Code   RO         2915    .text               mf_w.l(dadd.o)
    0x080004d6   0x080004d6   0x000000e4   Code   RO         2917    .text               mf_w.l(dmul.o)
    0x080005ba   0x080005ba   0x000000de   Code   RO         2919    .text               mf_w.l(ddiv.o)
    0x08000698   0x08000698   0x00000030   Code   RO         2921    .text               mf_w.l(dfixul.o)
    0x080006c8   0x080006c8   0x00000030   Code   RO         2923    .text               mf_w.l(cdrcmple.o)
    0x080006f8   0x080006f8   0x00000024   Code   RO         2925    .text               mc_w.l(init.o)
    0x0800071c   0x0800071c   0x0000001e   Code   RO         2927    .text               mc_w.l(llshl.o)
    0x0800073a   0x0800073a   0x00000020   Code   RO         2929    .text               mc_w.l(llushr.o)
    0x0800075a   0x0800075a   0x00000024   Code   RO         2931    .text               mc_w.l(llsshr.o)
    0x0800077e   0x0800077e   0x000000ba   Code   RO         2933    .text               mf_w.l(depilogue.o)
    0x08000838   0x08000838   0x00000056   Code   RO         2943    .text               mc_w.l(__dczerorl2.o)
    0x0800088e   0x0800088e   0x00000002   PAD
    0x08000890   0x08000890   0x00000088   Code   RO          189    i.BSP_LED_Init      stm32f7xx_nucleo_144.o
    0x08000918   0x08000918   0x00000020   Code   RO          192    i.BSP_LED_Toggle    stm32f7xx_nucleo_144.o
    0x08000938   0x08000938   0x00000098   Code   RO          195    i.BSP_PB_Init       stm32f7xx_nucleo_144.o
    0x080009d0   0x080009d0   0x00000218   Code   RO         1872    i.HAL_GPIO_Init     stm32f7xx_hal_gpio.o
    0x08000be8   0x08000be8   0x00000008   Code   RO         1875    i.HAL_GPIO_TogglePin  stm32f7xx_hal_gpio.o
    0x08000bf0   0x08000bf0   0x0000000c   Code   RO         1876    i.HAL_GPIO_WritePin  stm32f7xx_hal_gpio.o
    0x08000bfc   0x08000bfc   0x00000008   Code   RO         1357    i.HAL_GetTick       hal_support.o
    0x08000c04   0x08000c04   0x00000028   Code   RO         1443    i.HAL_InitTick      stm32f7xx_hal.o
    0x08000c2c   0x08000c2c   0x00000020   Code   RO         1597    i.HAL_NVIC_EnableIRQ  stm32f7xx_hal_cortex.o
    0x08000c4c   0x08000c4c   0x0000007c   Code   RO         1603    i.HAL_NVIC_SetPriority  stm32f7xx_hal_cortex.o
    0x08000cc8   0x08000cc8   0x00000090   Code   RO         2065    i.HAL_PWREx_EnableOverDrive  stm32f7xx_hal_pwr_ex.o
    0x08000d58   0x08000d58   0x00000980   Code   RO         2255    i.HAL_RCCEx_PeriphCLKConfig  stm32f7xx_hal_rcc_ex.o
    0x080016d8   0x080016d8   0x000001b4   Code   RO         2152    i.HAL_RCC_ClockConfig  stm32f7xx_hal_rcc.o
    0x0800188c   0x0800188c   0x0000000c   Code   RO         2157    i.HAL_RCC_GetHCLKFreq  stm32f7xx_hal_rcc.o
    0x08001898   0x08001898   0x0000002c   Code   RO         2159    i.HAL_RCC_GetPCLK1Freq  stm32f7xx_hal_rcc.o
    0x080018c4   0x080018c4   0x0000002c   Code   RO         2160    i.HAL_RCC_GetPCLK2Freq  stm32f7xx_hal_rcc.o
    0x080018f0   0x080018f0   0x000000b4   Code   RO         2161    i.HAL_RCC_GetSysClockFreq  stm32f7xx_hal_rcc.o
    0x080019a4   0x080019a4   0x000004d0   Code   RO         2256    i.HAL_RCC_OscConfig  stm32f7xx_hal_rcc_ex.o
    0x08001e74   0x08001e74   0x00000034   Code   RO         1608    i.HAL_SYSTICK_Config  stm32f7xx_hal_cortex.o
    0x08001ea8   0x08001ea8   0x00000078   Code   RO         2314    i.HAL_UART_Init     stm32f7xx_hal_uart.o
    0x08001f20   0x08001f20   0x00000002   Code   RO         2316    i.HAL_UART_MspInit  stm32f7xx_hal_uart.o
    0x08001f22   0x08001f22   0x000000c6   Code   RO         2322    i.HAL_UART_Transmit  stm32f7xx_hal_uart.o
    0x08001fe8   0x08001fe8   0x00000008   Code   RO         1280    i.SysTick_Handler   hal_cm.o
    0x08001ff0   0x08001ff0   0x00000064   Code   RO         2592    i.SystemInit        system_stm32f7xx.o
    0x08002054   0x08002054   0x000000ea   Code   RO         2327    i.UART_AdvFeatureConfig  stm32f7xx_hal_uart.o
    0x0800213e   0x0800213e   0x00000074   Code   RO         2328    i.UART_CheckIdleState  stm32f7xx_hal_uart.o
    0x080021b2   0x080021b2   0x00000002   PAD
    0x080021b4   0x080021b4   0x0000038c   Code   RO         2339    i.UART_SetConfig    stm32f7xx_hal_uart.o
    0x08002540   0x08002540   0x0000006c   Code   RO         2341    i.UART_WaitOnFlagUntilTimeout  stm32f7xx_hal_uart.o
    0x080025ac   0x080025ac   0x00000020   Code   RO         2867    i.__0printf         mc_w.l(printfa.o)
    0x080025cc   0x080025cc   0x00000028   Code   RO         2869    i.__0sprintf        mc_w.l(printfa.o)
    0x080025f4   0x080025f4   0x0000002c   Code   RO         2872    i.__0vsnprintf      mc_w.l(printfa.o)
    0x08002620   0x08002620   0x00000010   Code   RO         1610    i.__NVIC_GetPriorityGrouping  stm32f7xx_hal_cortex.o
    0x08002630   0x08002630   0x00000028   Code   RO         1611    i.__NVIC_SetPriority  stm32f7xx_hal_cortex.o
    0x08002658   0x08002658   0x0000000e   Code   RO         2937    i.__scatterload_copy  mc_w.l(handlers.o)
    0x08002666   0x08002666   0x00000002   Code   RO         2938    i.__scatterload_null  mc_w.l(handlers.o)
    0x08002668   0x08002668   0x0000000e   Code   RO         2939    i.__scatterload_zeroinit  mc_w.l(handlers.o)
    0x08002676   0x08002676   0x00000002   PAD
    0x08002678   0x08002678   0x00000184   Code   RO         2874    i._fp_digits        mc_w.l(printfa.o)
    0x080027fc   0x080027fc   0x000006dc   Code   RO         2875    i._printf_core      mc_w.l(printfa.o)
    0x08002ed8   0x08002ed8   0x00000024   Code   RO         2876    i._printf_post_padding  mc_w.l(printfa.o)
    0x08002efc   0x08002efc   0x0000002e   Code   RO         2877    i._printf_pre_padding  mc_w.l(printfa.o)
    0x08002f2a   0x08002f2a   0x00000016   Code   RO         2878    i._snputc           mc_w.l(printfa.o)
    0x08002f40   0x08002f40   0x0000000a   Code   RO         2879    i._sputc            mc_w.l(printfa.o)
    0x08002f4a   0x08002f4a   0x00000002   PAD
    0x08002f4c   0x08002f4c   0x000000a4   Code   RO          831    i.allocateBlock     buddy.o
    0x08002ff0   0x08002ff0   0x00000030   Code   RO         1281    i.cpu_SetupRegisters  hal_cm.o
    0x08003020   0x08003020   0x0000001c   Code   RO         1158    i.fputc             log_if.o
    0x0800303c   0x0800303c   0x00000010   Code   RO         1359    i.hal_PendSVSet     hal_support.o
    0x0800304c   0x0800304c   0x00000010   Code   RO         1360    i.hal_SystickConfig  hal_support.o
    0x0800305c   0x0800305c   0x0000002c   Code   RO         1027    i.logStrcpy         log.o
    0x08003088   0x08003088   0x00000018   Code   RO         1028    i.log_Init          log.o
    0x080030a0   0x080030a0   0x000000a8   Code   RO            4    i.main              startup.o
    0x08003148   0x08003148   0x000000c4   Code   RO          832    i.mem_Init          buddy.o
    0x0800320c   0x0800320c   0x0000000c   Code   RO         1197    i.modulesInit       init.o
    0x08003218   0x08003218   0x00000060   Code   RO         1361    i.osHal_CoreInit    hal_support.o
    0x08003278   0x08003278   0x00000008   Code   RO         1362    i.osHal_GetSysclk   hal_support.o
    0x08003280   0x08003280   0x0000000e   Code   RO          643    i.osList_AddTail    timer.o
    0x0800328e   0x0800328e   0x0000000e   Code   RO          833    i.osList_AddTail    buddy.o
    0x0800329c   0x0800329c   0x00000010   Code   RO          644    i.osList_CheckIsEmpty  timer.o
    0x080032ac   0x080032ac   0x00000012   Code   RO          513    i.osList_DeleteNode  schedule.o
    0x080032be   0x080032be   0x00000012   Code   RO          645    i.osList_DeleteNode  timer.o
    0x080032d0   0x080032d0   0x00000012   Code   RO          834    i.osList_DeleteNode  buddy.o
    0x080032e2   0x080032e2   0x00000006   Code   RO          514    i.osList_HeadInit   schedule.o
    0x080032e8   0x080032e8   0x00000006   Code   RO          646    i.osList_HeadInit   timer.o
    0x080032ee   0x080032ee   0x00000006   Code   RO          835    i.osList_HeadInit   buddy.o
    0x080032f4   0x080032f4   0x00000020   Code   RO         1029    i.osLog_Control     log.o
    0x08003314   0x08003314   0x00000184   Code   RO         1031    i.osLog_InfoShow    log.o
    0x08003498   0x08003498   0x00000188   Code   RO         1032    i.osLog_Printf      log.o
    0x08003620   0x08003620   0x00000050   Code   RO         1033    i.osLog_RawPrintf   log.o
    0x08003670   0x08003670   0x00000044   Code   RO          837    i.osMem_Malloc      buddy.o
    0x080036b4   0x080036b4   0x00000020   Code   RO          515    i.osSche_Lock       schedule.o
    0x080036d4   0x080036d4   0x0000003c   Code   RO          516    i.osSche_Unlock     schedule.o
    0x08003710   0x08003710   0x00000070   Code   RO          764    i.osSignal_Set      signal.o
    0x08003780   0x08003780   0x00000084   Code   RO          765    i.osSignal_Wait     signal.o
    0x08003804   0x08003804   0x0000000c   Code   RO          602    i.osSys_GetNowTick  schedule.o
    0x08003810   0x08003810   0x00000020   Code   RO          339    i.osSys_ISREnter    irq.o
    0x08003830   0x08003830   0x00000020   Code   RO          340    i.osSys_ISRLeave    irq.o
    0x08003850   0x08003850   0x0000002c   Code   RO         1198    i.osSys_KernelInitialize  init.o
    0x0800387c   0x0800387c   0x00000064   Code   RO         1199    i.osSys_KernelStartup  init.o
    0x080038e0   0x080038e0   0x0000004c   Code   RO          398    i.osThread_Create   thread.o
    0x0800392c   0x0800392c   0x0000003c   Code   RO          399    i.osThread_Delay    thread.o
    0x08003968   0x08003968   0x00000006   Code   RO          400    i.osThread_GetName  thread.o
    0x0800396e   0x0800396e   0x00000040   Code   RO          401    i.osThread_Ready    thread.o
    0x080039ae   0x080039ae   0x00000002   PAD
    0x080039b0   0x080039b0   0x0000001c   Code   RO          402    i.osThread_Self     thread.o
    0x080039cc   0x080039cc   0x00000038   Code   RO          403    i.osThread_StaticCreate  thread.o
    0x08003a04   0x08003a04   0x00000042   Code   RO          404    i.osThread_Suspend  thread.o
    0x08003a46   0x08003a46   0x00000002   PAD
    0x08003a48   0x08003a48   0x00000068   Code   RO          406    i.osThread_Yield    thread.o
    0x08003ab0   0x08003ab0   0x0000001c   Code   RO          647    i.osTimer_Create    timer.o
    0x08003acc   0x08003acc   0x000000d0   Code   RO          651    i.osTimer_Start     timer.o
    0x08003b9c   0x08003b9c   0x00000024   Code   RO          652    i.osTimer_Stop      timer.o
    0x08003bc0   0x08003bc0   0x00000004   Code   RO          267    i.os_Idle_Thread    idle.o
    0x08003bc4   0x08003bc4   0x000000b8   Code   RO          653    i.os_SoftTimer_Thread  timer.o
    0x08003c7c   0x08003c7c   0x0000005c   Code   RO            5    i.os_Thread_Func_thread1  startup.o
    0x08003cd8   0x08003cd8   0x00000078   Code   RO            6    i.os_Thread_Func_thread2  startup.o
    0x08003d50   0x08003d50   0x00000040   Code   RO            7    i.os_Thread_Func_thread3  startup.o
    0x08003d90   0x08003d90   0x0000001c   Code   RO            8    i.os_Timer_Callback_timerDemo1  startup.o
    0x08003dac   0x08003dac   0x0000001c   Code   RO            9    i.os_Timer_Callback_timerDemo2  startup.o
    0x08003dc8   0x08003dc8   0x000000bc   Code   RO         1159    i.printPortInit     log_if.o
    0x08003e84   0x08003e84   0x0000001c   Code   RO         1160    i.printPortOutput   log_if.o
    0x08003ea0   0x08003ea0   0x00000050   Code   RO          517    i.sche_Init         schedule.o
    0x08003ef0   0x08003ef0   0x00000048   Code   RO          518    i.sche_InsertThread  schedule.o
    0x08003f38   0x08003f38   0x00000010   Code   RO          519    i.sche_NextToNow    schedule.o
    0x08003f48   0x08003f48   0x00000044   Code   RO          520    i.sche_RemoveThread  schedule.o
    0x08003f8c   0x08003f8c   0x00000040   Code   RO          521    i.sche_SetFirstThread  schedule.o
    0x08003fcc   0x08003fcc   0x00000070   Code   RO          522    i.sche_ToNextThread  schedule.o
    0x0800403c   0x0800403c   0x00000030   Code   RO          523    i.stackOverFlowCheck  schedule.o
    0x0800406c   0x0800406c   0x00000054   Code   RO          524    i.sys_TickHandler   schedule.o
    0x080040c0   0x080040c0   0x00000070   Code   RO         1363    i.systemClock_ReConfig  hal_support.o
    0x08004130   0x08004130   0x00000008   Code   RO         1283    i.taskExitError     hal_cm.o
    0x08004138   0x08004138   0x00000054   Code   RO          407    i.threadCreate      thread.o
    0x0800418c   0x0800418c   0x00000018   Code   RO          408    i.threadTimerCallback  thread.o
    0x080041a4   0x080041a4   0x0000003c   Code   RO          654    i.timer_Init        timer.o
    0x080041e0   0x080041e0   0x00000060   Code   RO          655    i.timer_TickCheck   timer.o
    0x08004240   0x08004240   0x00000009   Data   RO          196    .constdata          stm32f7xx_nucleo_144.o
    0x08004249   0x08004249   0x00000100   Data   RO          526    .constdata          schedule.o
    0x08004349   0x08004349   0x00000018   Data   RO         2593    .constdata          system_stm32f7xx.o
    0x08004361   0x08004361   0x00000003   PAD
    0x08004364   0x08004364   0x00000021   Data   RO           11    .conststring        startup.o
    0x08004385   0x08004385   0x00000003   PAD
    0x08004388   0x08004388   0x00000210   Data   RO         1038    .conststring        log.o
    0x08004598   0x08004598   0x00000020   Data   RO         2935    Region$$Table       anon$$obj.o


    Execution Region RW_IRAM2 (Exec base: 0x20000000, Load base: 0x080045b8, Size: 0x00000ef8, Max: 0x00020000, ABSOLUTE, COMPRESSED[0x00000090])

    Exec Addr    Load Addr    Size         Type   Attr      Idx    E Section Name        Object

    0x20000000   COMPRESSED   0x0000013c   Data   RW           12    .data               startup.o
    0x2000013c   COMPRESSED   0x00000010   Data   RW          197    .data               stm32f7xx_nucleo_144.o
    0x2000014c   COMPRESSED   0x00000054   Data   RW          269    .data               idle.o
    0x200001a0   COMPRESSED   0x00000001   Data   RW          341    .data               irq.o
    0x200001a1   COMPRESSED   0x00000003   PAD
    0x200001a4   COMPRESSED   0x0000001c   Data   RW          527    .data               schedule.o
    0x200001c0   COMPRESSED   0x00000064   Data   RW          657    .data               timer.o
    0x20000224   COMPRESSED   0x0000004c   Data   RW         1039    .data               log.o
    0x20000270   COMPRESSED   0x00000004   Data   RW         2594    .data               system_stm32f7xx.o
    0x20000274   COMPRESSED   0x00000004   Data   RW         2909    .data               mc_w.l(stdout.o)
    0x20000278        -       0x00000400   Zero   RW           10    .bss                startup.o
    0x20000678        -       0x00000100   Zero   RW          268    .bss                idle.o
    0x20000778        -       0x00000040   Zero   RW          525    .bss                schedule.o
    0x200007b8        -       0x00000200   Zero   RW          656    .bss                timer.o
    0x200009b8        -       0x00000050   Zero   RW          838    .bss                buddy.o
    0x20000a08        -       0x00000080   Zero   RW         1037    .bss                log.o
    0x20000a88        -       0x00000070   Zero   RW         1161    .bss                log_if.o
    0x20000af8        -       0x00000400   Zero   RW         2581    STACK               startup_stm32f767xx.o


==============================================================================

Image component sizes


      Code (inc. data)   RO Data    RW Data    ZI Data      Debug   Object Name

       466         18          0          0         80       7441   buddy.o
       248         26          0          0          0       7506   hal_cm.o
       256         18          0          0          0       3037   hal_support.o
         4          0          0         84        256       5861   idle.o
       156         54          0          0          0       1457   init.o
        64          8          0          1          0       2493   irq.o
       960        322        528         76        128      10492   log.o
       244         30          0          0        112       2532   log_if.o
       672        122        256         28         64      12707   schedule.o
       244          0          0          0          0       7096   signal.o
       500        112         33        316       1024     401933   startup.o
        36          8        504          0       1024        840   startup_stm32f767xx.o
        40          4          0          0          0        707   stm32f7xx_hal.o
       264         14          0          0          0      38640   stm32f7xx_hal_cortex.o
       556         52          0          0          0       3401   stm32f7xx_hal_gpio.o
       144          8          0          0          0       1484   stm32f7xx_hal_pwr_ex.o
       716         50          0          0          0       4552   stm32f7xx_hal_rcc.o
      3664         32          0          0          0       3992   stm32f7xx_hal_rcc_ex.o
      1686         50          0          0          0       6800   stm32f7xx_hal_uart.o
       320         46          9         16          0       4314   stm32f7xx_nucleo_144.o
       100         18         24          4          0       1255   system_stm32f7xx.o
       568         38          0          0          0      11874   thread.o
       666         50          0        100        512      11331   timer.o

    ----------------------------------------------------------------------
     12580       1080       1392        628       3200     551745   Object Totals
         0          0         32          0          0          0   (incl. Generated)
         6          0          6          3          0          0   (incl. Padding)

    ----------------------------------------------------------------------

      Code (inc. data)   RO Data    RW Data    ZI Data      Debug   Library Member Name

        86          0          0          0          0          0   __dczerorl2.o
         0          0          0          0          0          0   entry.o
         0          0          0          0          0          0   entry10a.o
         0          0          0          0          0          0   entry11a.o
         8          4          0          0          0          0   entry2.o
         4          0          0          0          0          0   entry5.o
         0          0          0          0          0          0   entry7b.o
         0          0          0          0          0          0   entry8b.o
         8          4          0          0          0          0   entry9a.o
        30          0          0          0          0          0   handlers.o
        36          8          0          0          0         68   init.o
         0          0          0          0          0          0   iusefp.o
        30          0          0          0          0         68   llshl.o
        36          0          0          0          0         68   llsshr.o
        32          0          0          0          0         68   llushr.o
      2374        100          0          0          0        752   printfa.o
         0          0          0          4          0          0   stdout.o
        18          0          0          0          0         68   strcpy.o
        44          0          0          0          0         80   uidiv.o
        98          0          0          0          0         92   uldiv.o
        48          0          0          0          0         68   cdrcmple.o
       334          0          0          0          0        148   dadd.o
       222          0          0          0          0        100   ddiv.o
       186          0          0          0          0        176   depilogue.o
        48          0          0          0          0         68   dfixul.o
       228          0          0          0          0         96   dmul.o

    ----------------------------------------------------------------------
      3876        116          0          4          0       1920   Library Totals
         6          0          0          0          0          0   (incl. Padding)

    ----------------------------------------------------------------------

      Code (inc. data)   RO Data    RW Data    ZI Data      Debug   Library Name

      2804        116          0          4          0       1264   mc_w.l
      1066          0          0          0          0        656   mf_w.l

    ----------------------------------------------------------------------
      3876        116          0          4          0       1920   Library Totals

    ----------------------------------------------------------------------

==============================================================================


      Code (inc. data)   RO Data    RW Data    ZI Data      Debug   

     16456       1196       1392        632       3200     543409   Grand Totals
     16456       1196       1392        144       3200     543409   ELF Image Totals (compressed)
     16456       1196       1392        144          0          0   ROM Totals

==============================================================================

    Total RO  Size (Code + RO Data)                17848 (  17.43kB)
    Total RW  Size (RW Data + ZI Data)              3832 (   3.74kB)
    Total ROM Size (Code + RO Data + RW Data)      17992 (  17.57kB)

==============================================================================

